Archive member included to satisfy reference by file (symbol)

/root/edk2/Build/OvmfX64/RELEASE_GCC5/X64/MdePkg/Library/DxePcdLib/DxePcdLib/OUTPUT/DxePcdLib.lib(DxePcdLib.obj)
                              (--whole-archive)
/root/edk2/Build/OvmfX64/RELEASE_GCC5/X64/MdePkg/Library/BaseLib/BaseLib/OUTPUT/BaseLib.lib(CheckSum.obj)
                              (--whole-archive)
/root/edk2/Build/OvmfX64/RELEASE_GCC5/X64/MdePkg/Library/BaseLib/BaseLib/OUTPUT/BaseLib.lib(SwitchStack.obj)
                              (--whole-archive)
/root/edk2/Build/OvmfX64/RELEASE_GCC5/X64/MdePkg/Library/BaseLib/BaseLib/OUTPUT/BaseLib.lib(SwapBytes64.obj)
                              (--whole-archive)
/root/edk2/Build/OvmfX64/RELEASE_GCC5/X64/MdePkg/Library/BaseLib/BaseLib/OUTPUT/BaseLib.lib(SwapBytes32.obj)
                              (--whole-archive)
/root/edk2/Build/OvmfX64/RELEASE_GCC5/X64/MdePkg/Library/BaseLib/BaseLib/OUTPUT/BaseLib.lib(SwapBytes16.obj)
                              (--whole-archive)
/root/edk2/Build/OvmfX64/RELEASE_GCC5/X64/MdePkg/Library/BaseLib/BaseLib/OUTPUT/BaseLib.lib(LongJump.obj)
                              (--whole-archive)
/root/edk2/Build/OvmfX64/RELEASE_GCC5/X64/MdePkg/Library/BaseLib/BaseLib/OUTPUT/BaseLib.lib(SetJump.obj)
                              (--whole-archive)
/root/edk2/Build/OvmfX64/RELEASE_GCC5/X64/MdePkg/Library/BaseLib/BaseLib/OUTPUT/BaseLib.lib(RShiftU64.obj)
                              (--whole-archive)
/root/edk2/Build/OvmfX64/RELEASE_GCC5/X64/MdePkg/Library/BaseLib/BaseLib/OUTPUT/BaseLib.lib(RRotU64.obj)
                              (--whole-archive)
/root/edk2/Build/OvmfX64/RELEASE_GCC5/X64/MdePkg/Library/BaseLib/BaseLib/OUTPUT/BaseLib.lib(RRotU32.obj)
                              (--whole-archive)
/root/edk2/Build/OvmfX64/RELEASE_GCC5/X64/MdePkg/Library/BaseLib/BaseLib/OUTPUT/BaseLib.lib(MultU64x64.obj)
                              (--whole-archive)
/root/edk2/Build/OvmfX64/RELEASE_GCC5/X64/MdePkg/Library/BaseLib/BaseLib/OUTPUT/BaseLib.lib(MultU64x32.obj)
                              (--whole-archive)
/root/edk2/Build/OvmfX64/RELEASE_GCC5/X64/MdePkg/Library/BaseLib/BaseLib/OUTPUT/BaseLib.lib(MultS64x64.obj)
                              (--whole-archive)
/root/edk2/Build/OvmfX64/RELEASE_GCC5/X64/MdePkg/Library/BaseLib/BaseLib/OUTPUT/BaseLib.lib(ModU64x32.obj)
                              (--whole-archive)
/root/edk2/Build/OvmfX64/RELEASE_GCC5/X64/MdePkg/Library/BaseLib/BaseLib/OUTPUT/BaseLib.lib(LShiftU64.obj)
                              (--whole-archive)
/root/edk2/Build/OvmfX64/RELEASE_GCC5/X64/MdePkg/Library/BaseLib/BaseLib/OUTPUT/BaseLib.lib(LRotU64.obj)
                              (--whole-archive)
/root/edk2/Build/OvmfX64/RELEASE_GCC5/X64/MdePkg/Library/BaseLib/BaseLib/OUTPUT/BaseLib.lib(LRotU32.obj)
                              (--whole-archive)
/root/edk2/Build/OvmfX64/RELEASE_GCC5/X64/MdePkg/Library/BaseLib/BaseLib/OUTPUT/BaseLib.lib(LowBitSet64.obj)
                              (--whole-archive)
/root/edk2/Build/OvmfX64/RELEASE_GCC5/X64/MdePkg/Library/BaseLib/BaseLib/OUTPUT/BaseLib.lib(LowBitSet32.obj)
                              (--whole-archive)
/root/edk2/Build/OvmfX64/RELEASE_GCC5/X64/MdePkg/Library/BaseLib/BaseLib/OUTPUT/BaseLib.lib(HighBitSet64.obj)
                              (--whole-archive)
/root/edk2/Build/OvmfX64/RELEASE_GCC5/X64/MdePkg/Library/BaseLib/BaseLib/OUTPUT/BaseLib.lib(HighBitSet32.obj)
                              (--whole-archive)
/root/edk2/Build/OvmfX64/RELEASE_GCC5/X64/MdePkg/Library/BaseLib/BaseLib/OUTPUT/BaseLib.lib(GetPowerOfTwo64.obj)
                              (--whole-archive)
/root/edk2/Build/OvmfX64/RELEASE_GCC5/X64/MdePkg/Library/BaseLib/BaseLib/OUTPUT/BaseLib.lib(GetPowerOfTwo32.obj)
                              (--whole-archive)
/root/edk2/Build/OvmfX64/RELEASE_GCC5/X64/MdePkg/Library/BaseLib/BaseLib/OUTPUT/BaseLib.lib(DivU64x64Remainder.obj)
                              (--whole-archive)
/root/edk2/Build/OvmfX64/RELEASE_GCC5/X64/MdePkg/Library/BaseLib/BaseLib/OUTPUT/BaseLib.lib(DivU64x32Remainder.obj)
                              (--whole-archive)
/root/edk2/Build/OvmfX64/RELEASE_GCC5/X64/MdePkg/Library/BaseLib/BaseLib/OUTPUT/BaseLib.lib(DivU64x32.obj)
                              (--whole-archive)
/root/edk2/Build/OvmfX64/RELEASE_GCC5/X64/MdePkg/Library/BaseLib/BaseLib/OUTPUT/BaseLib.lib(DivS64x64Remainder.obj)
                              (--whole-archive)
/root/edk2/Build/OvmfX64/RELEASE_GCC5/X64/MdePkg/Library/BaseLib/BaseLib/OUTPUT/BaseLib.lib(ARShiftU64.obj)
                              (--whole-archive)
/root/edk2/Build/OvmfX64/RELEASE_GCC5/X64/MdePkg/Library/BaseLib/BaseLib/OUTPUT/BaseLib.lib(BitField.obj)
                              (--whole-archive)
/root/edk2/Build/OvmfX64/RELEASE_GCC5/X64/MdePkg/Library/BaseLib/BaseLib/OUTPUT/BaseLib.lib(CpuDeadLoop.obj)
                              (--whole-archive)
/root/edk2/Build/OvmfX64/RELEASE_GCC5/X64/MdePkg/Library/BaseLib/BaseLib/OUTPUT/BaseLib.lib(Cpu.obj)
                              (--whole-archive)
/root/edk2/Build/OvmfX64/RELEASE_GCC5/X64/MdePkg/Library/BaseLib/BaseLib/OUTPUT/BaseLib.lib(LinkedList.obj)
                              (--whole-archive)
/root/edk2/Build/OvmfX64/RELEASE_GCC5/X64/MdePkg/Library/BaseLib/BaseLib/OUTPUT/BaseLib.lib(SafeString.obj)
                              (--whole-archive)
/root/edk2/Build/OvmfX64/RELEASE_GCC5/X64/MdePkg/Library/BaseLib/BaseLib/OUTPUT/BaseLib.lib(String.obj)
                              (--whole-archive)
/root/edk2/Build/OvmfX64/RELEASE_GCC5/X64/MdePkg/Library/BaseLib/BaseLib/OUTPUT/BaseLib.lib(FilePaths.obj)
                              (--whole-archive)
/root/edk2/Build/OvmfX64/RELEASE_GCC5/X64/MdePkg/Library/BaseLib/BaseLib/OUTPUT/BaseLib.lib(Thunk16.obj)
                              (--whole-archive)
/root/edk2/Build/OvmfX64/RELEASE_GCC5/X64/MdePkg/Library/BaseLib/BaseLib/OUTPUT/BaseLib.lib(WriteTr.obj)
                              (--whole-archive)
/root/edk2/Build/OvmfX64/RELEASE_GCC5/X64/MdePkg/Library/BaseLib/BaseLib/OUTPUT/BaseLib.lib(Non-existing.obj)
                              (--whole-archive)
/root/edk2/Build/OvmfX64/RELEASE_GCC5/X64/MdePkg/Library/BaseLib/BaseLib/OUTPUT/BaseLib.lib(Math64.obj)
                              (--whole-archive)
/root/edk2/Build/OvmfX64/RELEASE_GCC5/X64/MdePkg/Library/BaseLib/BaseLib/OUTPUT/BaseLib.lib(Unaligned.obj)
                              (--whole-archive)
/root/edk2/Build/OvmfX64/RELEASE_GCC5/X64/MdePkg/Library/BaseLib/BaseLib/OUTPUT/BaseLib.lib(X86WriteIdtr.obj)
                              (--whole-archive)
/root/edk2/Build/OvmfX64/RELEASE_GCC5/X64/MdePkg/Library/BaseLib/BaseLib/OUTPUT/BaseLib.lib(X86WriteGdtr.obj)
                              (--whole-archive)
/root/edk2/Build/OvmfX64/RELEASE_GCC5/X64/MdePkg/Library/BaseLib/BaseLib/OUTPUT/BaseLib.lib(X86Thunk.obj)
                              (--whole-archive)
/root/edk2/Build/OvmfX64/RELEASE_GCC5/X64/MdePkg/Library/BaseLib/BaseLib/OUTPUT/BaseLib.lib(X86ReadIdtr.obj)
                              (--whole-archive)
/root/edk2/Build/OvmfX64/RELEASE_GCC5/X64/MdePkg/Library/BaseLib/BaseLib/OUTPUT/BaseLib.lib(X86ReadGdtr.obj)
                              (--whole-archive)
/root/edk2/Build/OvmfX64/RELEASE_GCC5/X64/MdePkg/Library/BaseLib/BaseLib/OUTPUT/BaseLib.lib(X86Msr.obj)
                              (--whole-archive)
/root/edk2/Build/OvmfX64/RELEASE_GCC5/X64/MdePkg/Library/BaseLib/BaseLib/OUTPUT/BaseLib.lib(X86GetInterruptState.obj)
                              (--whole-archive)
/root/edk2/Build/OvmfX64/RELEASE_GCC5/X64/MdePkg/Library/BaseLib/BaseLib/OUTPUT/BaseLib.lib(X86FxSave.obj)
                              (--whole-archive)
/root/edk2/Build/OvmfX64/RELEASE_GCC5/X64/MdePkg/Library/BaseLib/BaseLib/OUTPUT/BaseLib.lib(X86FxRestore.obj)
                              (--whole-archive)
/root/edk2/Build/OvmfX64/RELEASE_GCC5/X64/MdePkg/Library/BaseLib/BaseLib/OUTPUT/BaseLib.lib(X86EnablePaging64.obj)
                              (--whole-archive)
/root/edk2/Build/OvmfX64/RELEASE_GCC5/X64/MdePkg/Library/BaseLib/BaseLib/OUTPUT/BaseLib.lib(X86EnablePaging32.obj)
                              (--whole-archive)
/root/edk2/Build/OvmfX64/RELEASE_GCC5/X64/MdePkg/Library/BaseLib/BaseLib/OUTPUT/BaseLib.lib(X86DisablePaging64.obj)
                              (--whole-archive)
/root/edk2/Build/OvmfX64/RELEASE_GCC5/X64/MdePkg/Library/BaseLib/BaseLib/OUTPUT/BaseLib.lib(X86DisablePaging32.obj)
                              (--whole-archive)
/root/edk2/Build/OvmfX64/RELEASE_GCC5/X64/MdePkg/Library/BaseLib/BaseLib/OUTPUT/BaseLib.lib(X86RdRand.obj)
                              (--whole-archive)
/root/edk2/Build/OvmfX64/RELEASE_GCC5/X64/MdePkg/Library/BaseLib/BaseLib/OUTPUT/BaseLib.lib(GccInline.obj)
                              (--whole-archive)
/root/edk2/Build/OvmfX64/RELEASE_GCC5/X64/MdePkg/Library/BaseLib/BaseLib/OUTPUT/BaseLib.lib(SwitchStack.obj)
                              (--whole-archive)
/root/edk2/Build/OvmfX64/RELEASE_GCC5/X64/MdePkg/Library/BaseLib/BaseLib/OUTPUT/BaseLib.lib(SetJump.obj)
                              (--whole-archive)
/root/edk2/Build/OvmfX64/RELEASE_GCC5/X64/MdePkg/Library/BaseLib/BaseLib/OUTPUT/BaseLib.lib(LongJump.obj)
                              (--whole-archive)
/root/edk2/Build/OvmfX64/RELEASE_GCC5/X64/MdePkg/Library/BaseLib/BaseLib/OUTPUT/BaseLib.lib(EnableDisableInterrupts.obj)
                              (--whole-archive)
/root/edk2/Build/OvmfX64/RELEASE_GCC5/X64/MdePkg/Library/BaseLib/BaseLib/OUTPUT/BaseLib.lib(DisablePaging64.obj)
                              (--whole-archive)
/root/edk2/Build/OvmfX64/RELEASE_GCC5/X64/MdePkg/Library/BaseLib/BaseLib/OUTPUT/BaseLib.lib(CpuId.obj)
                              (--whole-archive)
/root/edk2/Build/OvmfX64/RELEASE_GCC5/X64/MdePkg/Library/BaseLib/BaseLib/OUTPUT/BaseLib.lib(CpuIdEx.obj)
                              (--whole-archive)
/root/edk2/Build/OvmfX64/RELEASE_GCC5/X64/MdePkg/Library/BaseLib/BaseLib/OUTPUT/BaseLib.lib(EnableCache.obj)
                              (--whole-archive)
/root/edk2/Build/OvmfX64/RELEASE_GCC5/X64/MdePkg/Library/BaseLib/BaseLib/OUTPUT/BaseLib.lib(DisableCache.obj)
                              (--whole-archive)
/root/edk2/Build/OvmfX64/RELEASE_GCC5/X64/MdePkg/Library/BaseLib/BaseLib/OUTPUT/BaseLib.lib(RdRand.obj)
                              (--whole-archive)
/root/edk2/Build/OvmfX64/RELEASE_GCC5/X64/MdePkg/Library/BaseLib/BaseLib/OUTPUT/BaseLib.lib(ChkStkGcc.obj)
                              (--whole-archive)
/root/edk2/Build/OvmfX64/RELEASE_GCC5/X64/MdePkg/Library/BaseMemoryLibRepStr/BaseMemoryLibRepStr/OUTPUT/BaseMemoryLibRepStr.lib(ScanMem64Wrapper.obj)
                              (--whole-archive)
/root/edk2/Build/OvmfX64/RELEASE_GCC5/X64/MdePkg/Library/BaseMemoryLibRepStr/BaseMemoryLibRepStr/OUTPUT/BaseMemoryLibRepStr.lib(ScanMem32Wrapper.obj)
                              (--whole-archive)
/root/edk2/Build/OvmfX64/RELEASE_GCC5/X64/MdePkg/Library/BaseMemoryLibRepStr/BaseMemoryLibRepStr/OUTPUT/BaseMemoryLibRepStr.lib(ScanMem16Wrapper.obj)
                              (--whole-archive)
/root/edk2/Build/OvmfX64/RELEASE_GCC5/X64/MdePkg/Library/BaseMemoryLibRepStr/BaseMemoryLibRepStr/OUTPUT/BaseMemoryLibRepStr.lib(ScanMem8Wrapper.obj)
                              (--whole-archive)
/root/edk2/Build/OvmfX64/RELEASE_GCC5/X64/MdePkg/Library/BaseMemoryLibRepStr/BaseMemoryLibRepStr/OUTPUT/BaseMemoryLibRepStr.lib(ZeroMemWrapper.obj)
                              (--whole-archive)
/root/edk2/Build/OvmfX64/RELEASE_GCC5/X64/MdePkg/Library/BaseMemoryLibRepStr/BaseMemoryLibRepStr/OUTPUT/BaseMemoryLibRepStr.lib(CompareMemWrapper.obj)
                              (--whole-archive)
/root/edk2/Build/OvmfX64/RELEASE_GCC5/X64/MdePkg/Library/BaseMemoryLibRepStr/BaseMemoryLibRepStr/OUTPUT/BaseMemoryLibRepStr.lib(SetMem64Wrapper.obj)
                              (--whole-archive)
/root/edk2/Build/OvmfX64/RELEASE_GCC5/X64/MdePkg/Library/BaseMemoryLibRepStr/BaseMemoryLibRepStr/OUTPUT/BaseMemoryLibRepStr.lib(SetMem32Wrapper.obj)
                              (--whole-archive)
/root/edk2/Build/OvmfX64/RELEASE_GCC5/X64/MdePkg/Library/BaseMemoryLibRepStr/BaseMemoryLibRepStr/OUTPUT/BaseMemoryLibRepStr.lib(SetMem16Wrapper.obj)
                              (--whole-archive)
/root/edk2/Build/OvmfX64/RELEASE_GCC5/X64/MdePkg/Library/BaseMemoryLibRepStr/BaseMemoryLibRepStr/OUTPUT/BaseMemoryLibRepStr.lib(SetMemWrapper.obj)
                              (--whole-archive)
/root/edk2/Build/OvmfX64/RELEASE_GCC5/X64/MdePkg/Library/BaseMemoryLibRepStr/BaseMemoryLibRepStr/OUTPUT/BaseMemoryLibRepStr.lib(CopyMemWrapper.obj)
                              (--whole-archive)
/root/edk2/Build/OvmfX64/RELEASE_GCC5/X64/MdePkg/Library/BaseMemoryLibRepStr/BaseMemoryLibRepStr/OUTPUT/BaseMemoryLibRepStr.lib(IsZeroBufferWrapper.obj)
                              (--whole-archive)
/root/edk2/Build/OvmfX64/RELEASE_GCC5/X64/MdePkg/Library/BaseMemoryLibRepStr/BaseMemoryLibRepStr/OUTPUT/BaseMemoryLibRepStr.lib(MemLibGuid.obj)
                              (--whole-archive)
/root/edk2/Build/OvmfX64/RELEASE_GCC5/X64/MdePkg/Library/BaseMemoryLibRepStr/BaseMemoryLibRepStr/OUTPUT/BaseMemoryLibRepStr.lib(ScanMem64.obj)
                              (--whole-archive)
/root/edk2/Build/OvmfX64/RELEASE_GCC5/X64/MdePkg/Library/BaseMemoryLibRepStr/BaseMemoryLibRepStr/OUTPUT/BaseMemoryLibRepStr.lib(ScanMem32.obj)
                              (--whole-archive)
/root/edk2/Build/OvmfX64/RELEASE_GCC5/X64/MdePkg/Library/BaseMemoryLibRepStr/BaseMemoryLibRepStr/OUTPUT/BaseMemoryLibRepStr.lib(ScanMem16.obj)
                              (--whole-archive)
/root/edk2/Build/OvmfX64/RELEASE_GCC5/X64/MdePkg/Library/BaseMemoryLibRepStr/BaseMemoryLibRepStr/OUTPUT/BaseMemoryLibRepStr.lib(ScanMem8.obj)
                              (--whole-archive)
/root/edk2/Build/OvmfX64/RELEASE_GCC5/X64/MdePkg/Library/BaseMemoryLibRepStr/BaseMemoryLibRepStr/OUTPUT/BaseMemoryLibRepStr.lib(CompareMem.obj)
                              (--whole-archive)
/root/edk2/Build/OvmfX64/RELEASE_GCC5/X64/MdePkg/Library/BaseMemoryLibRepStr/BaseMemoryLibRepStr/OUTPUT/BaseMemoryLibRepStr.lib(ZeroMem.obj)
                              (--whole-archive)
/root/edk2/Build/OvmfX64/RELEASE_GCC5/X64/MdePkg/Library/BaseMemoryLibRepStr/BaseMemoryLibRepStr/OUTPUT/BaseMemoryLibRepStr.lib(SetMem64.obj)
                              (--whole-archive)
/root/edk2/Build/OvmfX64/RELEASE_GCC5/X64/MdePkg/Library/BaseMemoryLibRepStr/BaseMemoryLibRepStr/OUTPUT/BaseMemoryLibRepStr.lib(SetMem32.obj)
                              (--whole-archive)
/root/edk2/Build/OvmfX64/RELEASE_GCC5/X64/MdePkg/Library/BaseMemoryLibRepStr/BaseMemoryLibRepStr/OUTPUT/BaseMemoryLibRepStr.lib(SetMem16.obj)
                              (--whole-archive)
/root/edk2/Build/OvmfX64/RELEASE_GCC5/X64/MdePkg/Library/BaseMemoryLibRepStr/BaseMemoryLibRepStr/OUTPUT/BaseMemoryLibRepStr.lib(SetMem.obj)
                              (--whole-archive)
/root/edk2/Build/OvmfX64/RELEASE_GCC5/X64/MdePkg/Library/BaseMemoryLibRepStr/BaseMemoryLibRepStr/OUTPUT/BaseMemoryLibRepStr.lib(CopyMem.obj)
                              (--whole-archive)
/root/edk2/Build/OvmfX64/RELEASE_GCC5/X64/MdePkg/Library/BaseMemoryLibRepStr/BaseMemoryLibRepStr/OUTPUT/BaseMemoryLibRepStr.lib(IsZeroBuffer.obj)
                              (--whole-archive)
/root/edk2/Build/OvmfX64/RELEASE_GCC5/X64/MdePkg/Library/BaseDebugPrintErrorLevelLib/BaseDebugPrintErrorLevelLib/OUTPUT/BaseDebugPrintErrorLevelLib.lib(BaseDebugPrintErrorLevelLib.obj)
                              (--whole-archive)
/root/edk2/Build/OvmfX64/RELEASE_GCC5/X64/MdePkg/Library/BasePrintLib/BasePrintLib/OUTPUT/BasePrintLib.lib(PrintLibInternal.obj)
                              (--whole-archive)
/root/edk2/Build/OvmfX64/RELEASE_GCC5/X64/MdePkg/Library/BasePrintLib/BasePrintLib/OUTPUT/BasePrintLib.lib(PrintLib.obj)
                              (--whole-archive)
/root/edk2/Build/OvmfX64/RELEASE_GCC5/X64/MdePkg/Library/BaseIoLibIntrinsic/BaseIoLibIntrinsicSev/OUTPUT/BaseIoLibIntrinsicSev.lib(IoLibMmioBuffer.obj)
                              (--whole-archive)
/root/edk2/Build/OvmfX64/RELEASE_GCC5/X64/MdePkg/Library/BaseIoLibIntrinsic/BaseIoLibIntrinsicSev/OUTPUT/BaseIoLibIntrinsicSev.lib(IoHighLevel.obj)
                              (--whole-archive)
/root/edk2/Build/OvmfX64/RELEASE_GCC5/X64/MdePkg/Library/BaseIoLibIntrinsic/BaseIoLibIntrinsicSev/OUTPUT/BaseIoLibIntrinsicSev.lib(IoLibGcc.obj)
                              (--whole-archive)
/root/edk2/Build/OvmfX64/RELEASE_GCC5/X64/MdePkg/Library/BaseIoLibIntrinsic/BaseIoLibIntrinsicSev/OUTPUT/BaseIoLibIntrinsicSev.lib(IoLib.obj)
                              (--whole-archive)
/root/edk2/Build/OvmfX64/RELEASE_GCC5/X64/MdePkg/Library/BaseIoLibIntrinsic/BaseIoLibIntrinsicSev/OUTPUT/BaseIoLibIntrinsicSev.lib(IoFifoSev.obj)
                              (--whole-archive)
/root/edk2/Build/OvmfX64/RELEASE_GCC5/X64/OvmfPkg/Library/PlatformDebugLibIoPort/PlatformDebugLibIoPort/OUTPUT/PlatformDebugLibIoPort.lib(DebugLib.obj)
                              (--whole-archive)
/root/edk2/Build/OvmfX64/RELEASE_GCC5/X64/OvmfPkg/Library/PlatformDebugLibIoPort/PlatformDebugLibIoPort/OUTPUT/PlatformDebugLibIoPort.lib(DebugLibDetect.obj)
                              (--whole-archive)
/root/edk2/Build/OvmfX64/RELEASE_GCC5/X64/MdePkg/Library/UefiBootServicesTableLib/UefiBootServicesTableLib/OUTPUT/UefiBootServicesTableLib.lib(UefiBootServicesTableLib.obj)
                              (--whole-archive)
/root/edk2/Build/OvmfX64/RELEASE_GCC5/X64/MdePkg/Library/UefiMemoryAllocationLib/UefiMemoryAllocationLib/OUTPUT/UefiMemoryAllocationLib.lib(MemoryAllocationLib.obj)
                              (--whole-archive)
/root/edk2/Build/OvmfX64/RELEASE_GCC5/X64/MdePkg/Library/UefiRuntimeServicesTableLib/UefiRuntimeServicesTableLib/OUTPUT/UefiRuntimeServicesTableLib.lib(UefiRuntimeServicesTableLib.obj)
                              (--whole-archive)
/root/edk2/Build/OvmfX64/RELEASE_GCC5/X64/MdePkg/Library/UefiDevicePathLibDevicePathProtocol/UefiDevicePathLibDevicePathProtocol/OUTPUT/UefiDevicePathLibDevicePathProtocol.lib(UefiDevicePathLib.obj)
                              (--whole-archive)
/root/edk2/Build/OvmfX64/RELEASE_GCC5/X64/MdePkg/Library/UefiDriverEntryPoint/UefiDriverEntryPoint/OUTPUT/UefiDriverEntryPoint.lib(DriverEntryPoint.obj)
                              (--whole-archive)
/root/edk2/Build/OvmfX64/RELEASE_GCC5/X64/MdePkg/Library/UefiLib/UefiLib/OUTPUT/UefiLib.lib(UefiLibPrint.obj)
                              (--whole-archive)
/root/edk2/Build/OvmfX64/RELEASE_GCC5/X64/MdePkg/Library/UefiLib/UefiLib/OUTPUT/UefiLib.lib(UefiNotTiano.obj)
                              (--whole-archive)
/root/edk2/Build/OvmfX64/RELEASE_GCC5/X64/MdePkg/Library/UefiLib/UefiLib/OUTPUT/UefiLib.lib(UefiDriverModel.obj)
                              (--whole-archive)
/root/edk2/Build/OvmfX64/RELEASE_GCC5/X64/MdePkg/Library/UefiLib/UefiLib/OUTPUT/UefiLib.lib(Console.obj)
                              (--whole-archive)
/root/edk2/Build/OvmfX64/RELEASE_GCC5/X64/MdePkg/Library/UefiLib/UefiLib/OUTPUT/UefiLib.lib(UefiLib.obj)
                              (--whole-archive)
/root/edk2/Build/OvmfX64/RELEASE_GCC5/X64/MdeModulePkg/Universal/Acpi/AcpiTableDxe/AcpiTableDxe/OUTPUT/AcpiTableDxe.lib(AcpiTableProtocol.obj)
                              (--whole-archive)
/root/edk2/Build/OvmfX64/RELEASE_GCC5/X64/MdeModulePkg/Universal/Acpi/AcpiTableDxe/AcpiTableDxe/OUTPUT/AcpiTableDxe.lib(AcpiTable.obj)
                              (--whole-archive)
/root/edk2/Build/OvmfX64/RELEASE_GCC5/X64/MdeModulePkg/Universal/Acpi/AcpiTableDxe/AcpiTableDxe/OUTPUT/AcpiTableDxe.lib(AcpiSdt.obj)
                              (--whole-archive)
/root/edk2/Build/OvmfX64/RELEASE_GCC5/X64/MdeModulePkg/Universal/Acpi/AcpiTableDxe/AcpiTableDxe/OUTPUT/AcpiTableDxe.lib(Aml.obj)
                              (--whole-archive)
/root/edk2/Build/OvmfX64/RELEASE_GCC5/X64/MdeModulePkg/Universal/Acpi/AcpiTableDxe/AcpiTableDxe/OUTPUT/AcpiTableDxe.lib(AmlString.obj)
                              (--whole-archive)
/root/edk2/Build/OvmfX64/RELEASE_GCC5/X64/MdeModulePkg/Universal/Acpi/AcpiTableDxe/AcpiTableDxe/OUTPUT/AcpiTableDxe.lib(AmlOption.obj)
                              (--whole-archive)
/root/edk2/Build/OvmfX64/RELEASE_GCC5/X64/MdeModulePkg/Universal/Acpi/AcpiTableDxe/AcpiTableDxe/OUTPUT/AcpiTableDxe.lib(AmlChild.obj)
                              (--whole-archive)
/root/edk2/Build/OvmfX64/RELEASE_GCC5/X64/MdeModulePkg/Universal/Acpi/AcpiTableDxe/AcpiTableDxe/OUTPUT/AcpiTableDxe.lib(AmlNamespace.obj)
                              (--whole-archive)
/root/edk2/Build/OvmfX64/RELEASE_GCC5/X64/MdeModulePkg/Universal/Acpi/AcpiTableDxe/AcpiTableDxe/OUTPUT/AcpiTableDxe.lib(AutoGen.obj)
                              (--whole-archive)

Discarded input sections

 .text          0x0000000000000000        0x0 /tmp/ccM5hFZ7.ltrans0.ltrans.o
 .data          0x0000000000000000        0x0 /tmp/ccM5hFZ7.ltrans0.ltrans.o
 .bss           0x0000000000000000        0x0 /tmp/ccM5hFZ7.ltrans0.ltrans.o
 .text.unlikely._DriverUnloadHandler
                0x0000000000000000        0x0 /tmp/ccM5hFZ7.ltrans0.ltrans.o
 .text._DriverUnloadHandler
                0x0000000000000000        0x3 /tmp/ccM5hFZ7.ltrans0.ltrans.o
 .text.unlikely.ZeroMem
                0x0000000000000000        0x0 /tmp/ccM5hFZ7.ltrans0.ltrans.o
 .text.unlikely.FreePool
                0x0000000000000000        0x0 /tmp/ccM5hFZ7.ltrans0.ltrans.o
 .text.unlikely.CopyMem
                0x0000000000000000        0x0 /tmp/ccM5hFZ7.ltrans0.ltrans.o
 .text.unlikely.PublishTables
                0x0000000000000000        0x0 /tmp/ccM5hFZ7.ltrans0.ltrans.o
 .text.unlikely.UninstallAcpiTable
                0x0000000000000000        0x0 /tmp/ccM5hFZ7.ltrans0.ltrans.o
 .text.unlikely.InstallAcpiTable
                0x0000000000000000        0x0 /tmp/ccM5hFZ7.ltrans0.ltrans.o
 .text.unlikely._ModuleEntryPoint
                0x0000000000000000        0x0 /tmp/ccM5hFZ7.ltrans0.ltrans.o
 .text.unlikely.InternalAssertJumpBuffer
                0x0000000000000000        0x0 /tmp/ccM5hFZ7.ltrans0.ltrans.o
 .text.InternalAssertJumpBuffer
                0x0000000000000000        0x1 /tmp/ccM5hFZ7.ltrans0.ltrans.o
 .comment       0x0000000000000000       0x36 /tmp/ccM5hFZ7.ltrans0.ltrans.o
 .note.GNU-stack
                0x0000000000000000        0x0 /tmp/ccM5hFZ7.ltrans0.ltrans.o
 .text          0x0000000000000000        0x0 /tmp/ccM5hFZ7.ltrans1.ltrans.o
 .data          0x0000000000000000        0x0 /tmp/ccM5hFZ7.ltrans1.ltrans.o
 .bss           0x0000000000000000        0x0 /tmp/ccM5hFZ7.ltrans1.ltrans.o
 .text.unlikely.GetAcpiTable2
                0x0000000000000000        0x0 /tmp/ccM5hFZ7.ltrans1.ltrans.o
 .text.unlikely.FindTableByBuffer
                0x0000000000000000        0x0 /tmp/ccM5hFZ7.ltrans1.ltrans.o
 .text.unlikely.OpenSdt
                0x0000000000000000        0x0 /tmp/ccM5hFZ7.ltrans1.ltrans.o
 .text.unlikely.RegisterNotify
                0x0000000000000000        0x0 /tmp/ccM5hFZ7.ltrans1.ltrans.o
 .text.unlikely.SetOption
                0x0000000000000000        0x0 /tmp/ccM5hFZ7.ltrans1.ltrans.o
 .text.unlikely.GetOption
                0x0000000000000000        0x0 /tmp/ccM5hFZ7.ltrans1.ltrans.o
 .text.unlikely.AmlIsAslLeadName
                0x0000000000000000        0x0 /tmp/ccM5hFZ7.ltrans1.ltrans.o
 .text.unlikely.AmlGetNameStringSize
                0x0000000000000000        0x0 /tmp/ccM5hFZ7.ltrans1.ltrans.o
 .text.unlikely.AmlGetPkgLength
                0x0000000000000000        0x0 /tmp/ccM5hFZ7.ltrans1.ltrans.o
 .text.unlikely.AmlSearchByOpByte
                0x0000000000000000        0x0 /tmp/ccM5hFZ7.ltrans1.ltrans.o
 .text.unlikely.SdtOpenEx
                0x0000000000000000        0x0 /tmp/ccM5hFZ7.ltrans1.ltrans.o
 .text.unlikely.GetChild
                0x0000000000000000        0x0 /tmp/ccM5hFZ7.ltrans1.ltrans.o
 .text.unlikely.FindPath
                0x0000000000000000        0x0 /tmp/ccM5hFZ7.ltrans1.ltrans.o
 .text.unlikely.Open
                0x0000000000000000        0x0 /tmp/ccM5hFZ7.ltrans1.ltrans.o
 .text.unlikely.AcpiPlatformChecksum
                0x0000000000000000        0x0 /tmp/ccM5hFZ7.ltrans1.ltrans.o
 .text.unlikely.Close
                0x0000000000000000        0x0 /tmp/ccM5hFZ7.ltrans1.ltrans.o
 .text.unlikely.ChecksumCommonTables
                0x0000000000000000        0x0 /tmp/ccM5hFZ7.ltrans1.ltrans.o
 .text.unlikely.RemoveTableFromRsdt
                0x0000000000000000        0x0 /tmp/ccM5hFZ7.ltrans1.ltrans.o
 .text.unlikely.ReallocateAcpiTableBuffer
                0x0000000000000000        0x0 /tmp/ccM5hFZ7.ltrans1.ltrans.o
 .rodata._gPcd_FixedAtBuild_PcdAcpiExposedTableVersions
                0x0000000000000000        0x4 /tmp/ccM5hFZ7.ltrans1.ltrans.o
 .comment       0x0000000000000000       0x36 /tmp/ccM5hFZ7.ltrans1.ltrans.o
 .note.GNU-stack
                0x0000000000000000        0x0 /tmp/ccM5hFZ7.ltrans1.ltrans.o
 .text          0x0000000000000000        0x0 /tmp/ccM5hFZ7.ltrans2.ltrans.o
 .data          0x0000000000000000        0x0 /tmp/ccM5hFZ7.ltrans2.ltrans.o
 .bss           0x0000000000000000        0x0 /tmp/ccM5hFZ7.ltrans2.ltrans.o
 .text.unlikely.AmlDumpNodeInfo
                0x0000000000000000        0x0 /tmp/ccM5hFZ7.ltrans2.ltrans.o
 .text.unlikely.AmlDestructNodeList
                0x0000000000000000        0x0 /tmp/ccM5hFZ7.ltrans2.ltrans.o
 .text.unlikely.InternalAllocatePool.constprop.5
                0x0000000000000000        0x0 /tmp/ccM5hFZ7.ltrans2.ltrans.o
 .text.unlikely.AmlCreateNode
                0x0000000000000000        0x0 /tmp/ccM5hFZ7.ltrans2.ltrans.o
 .text.unlikely.AmlFindNodeInTheTree
                0x0000000000000000        0x0 /tmp/ccM5hFZ7.ltrans2.ltrans.o
 .text.unlikely.AmlGetObjectSize
                0x0000000000000000        0x0 /tmp/ccM5hFZ7.ltrans2.ltrans.o
 .text.unlikely.AmlGetChildFromObjectBuffer
                0x0000000000000000        0x0 /tmp/ccM5hFZ7.ltrans2.ltrans.o
 .text.unlikely.AmlParseOptionCommon.part.0
                0x0000000000000000        0x0 /tmp/ccM5hFZ7.ltrans2.ltrans.o
 .text.unlikely.AmlParseOptionHandleCommon
                0x0000000000000000        0x0 /tmp/ccM5hFZ7.ltrans2.ltrans.o
 .text.unlikely.AmlGetOffsetAfterLastOption
                0x0000000000000000        0x0 /tmp/ccM5hFZ7.ltrans2.ltrans.o
 .text.unlikely.AmlConstructNodeList.part.0
                0x0000000000000000        0x0 /tmp/ccM5hFZ7.ltrans2.ltrans.o
 .text.unlikely.AmlFindPath
                0x0000000000000000        0x0 /tmp/ccM5hFZ7.ltrans2.ltrans.o
 .text.unlikely.AmlGetAslNameSegLength
                0x0000000000000000        0x0 /tmp/ccM5hFZ7.ltrans2.ltrans.o
 .rodata._gPcd_FixedAtBuild_PcdDebugPropertyMask
                0x0000000000000000        0x1 /tmp/ccM5hFZ7.ltrans2.ltrans.o
 .comment       0x0000000000000000       0x36 /tmp/ccM5hFZ7.ltrans2.ltrans.o
 .note.GNU-stack
                0x0000000000000000        0x0 /tmp/ccM5hFZ7.ltrans2.ltrans.o
 .text          0x0000000000000000        0x0 DxePcdLib.obj (symbol from plugin)
 .text          0x0000000000000000        0x0 CheckSum.obj (symbol from plugin)
 .text          0x0000000000000000        0x0 SwitchStack.obj (symbol from plugin)
 .text          0x0000000000000000        0x0 SwapBytes64.obj (symbol from plugin)
 .text          0x0000000000000000        0x0 SwapBytes32.obj (symbol from plugin)
 .text          0x0000000000000000        0x0 SwapBytes16.obj (symbol from plugin)
 .text          0x0000000000000000        0x0 LongJump.obj (symbol from plugin)
 .text          0x0000000000000000        0x0 SetJump.obj (symbol from plugin)
 .text          0x0000000000000000        0x0 RShiftU64.obj (symbol from plugin)
 .text          0x0000000000000000        0x0 RRotU64.obj (symbol from plugin)
 .text          0x0000000000000000        0x0 RRotU32.obj (symbol from plugin)
 .text          0x0000000000000000        0x0 MultU64x64.obj (symbol from plugin)
 .text          0x0000000000000000        0x0 MultU64x32.obj (symbol from plugin)
 .text          0x0000000000000000        0x0 MultS64x64.obj (symbol from plugin)
 .text          0x0000000000000000        0x0 ModU64x32.obj (symbol from plugin)
 .text          0x0000000000000000        0x0 LShiftU64.obj (symbol from plugin)
 .text          0x0000000000000000        0x0 LRotU64.obj (symbol from plugin)
 .text          0x0000000000000000        0x0 LRotU32.obj (symbol from plugin)
 .text          0x0000000000000000        0x0 LowBitSet64.obj (symbol from plugin)
 .text          0x0000000000000000        0x0 LowBitSet32.obj (symbol from plugin)
 .text          0x0000000000000000        0x0 HighBitSet64.obj (symbol from plugin)
 .text          0x0000000000000000        0x0 HighBitSet32.obj (symbol from plugin)
 .text          0x0000000000000000        0x0 GetPowerOfTwo64.obj (symbol from plugin)
 .text          0x0000000000000000        0x0 GetPowerOfTwo32.obj (symbol from plugin)
 .text          0x0000000000000000        0x0 DivU64x64Remainder.obj (symbol from plugin)
 .text          0x0000000000000000        0x0 DivU64x32Remainder.obj (symbol from plugin)
 .text          0x0000000000000000        0x0 DivU64x32.obj (symbol from plugin)
 .text          0x0000000000000000        0x0 DivS64x64Remainder.obj (symbol from plugin)
 .text          0x0000000000000000        0x0 ARShiftU64.obj (symbol from plugin)
 .text          0x0000000000000000        0x0 BitField.obj (symbol from plugin)
 .text          0x0000000000000000        0x0 CpuDeadLoop.obj (symbol from plugin)
 .text          0x0000000000000000        0x0 Cpu.obj (symbol from plugin)
 .text          0x0000000000000000        0x0 LinkedList.obj (symbol from plugin)
 .text          0x0000000000000000        0x0 SafeString.obj (symbol from plugin)
 .text          0x0000000000000000        0x0 String.obj (symbol from plugin)
 .text          0x0000000000000000        0x0 FilePaths.obj (symbol from plugin)
 .text          0x0000000000000000      0x204 /root/edk2/Build/OvmfX64/RELEASE_GCC5/X64/MdePkg/Library/BaseLib/BaseLib/OUTPUT/BaseLib.lib(Thunk16.obj)
 .data          0x0000000000000000        0xa /root/edk2/Build/OvmfX64/RELEASE_GCC5/X64/MdePkg/Library/BaseLib/BaseLib/OUTPUT/BaseLib.lib(Thunk16.obj)
 .text          0x0000000000000000        0x6 /root/edk2/Build/OvmfX64/RELEASE_GCC5/X64/MdePkg/Library/BaseLib/BaseLib/OUTPUT/BaseLib.lib(WriteTr.obj)
 .text          0x0000000000000000        0x0 Non-existing.obj (symbol from plugin)
 .text          0x0000000000000000        0x0 Math64.obj (symbol from plugin)
 .text          0x0000000000000000        0x0 Unaligned.obj (symbol from plugin)
 .text          0x0000000000000000        0x0 X86WriteIdtr.obj (symbol from plugin)
 .text          0x0000000000000000        0x0 X86WriteGdtr.obj (symbol from plugin)
 .text          0x0000000000000000        0x0 X86Thunk.obj (symbol from plugin)
 .text          0x0000000000000000        0x0 X86ReadIdtr.obj (symbol from plugin)
 .text          0x0000000000000000        0x0 X86ReadGdtr.obj (symbol from plugin)
 .text          0x0000000000000000        0x0 X86Msr.obj (symbol from plugin)
 .text          0x0000000000000000        0x0 X86GetInterruptState.obj (symbol from plugin)
 .text          0x0000000000000000        0x0 X86FxSave.obj (symbol from plugin)
 .text          0x0000000000000000        0x0 X86FxRestore.obj (symbol from plugin)
 .text          0x0000000000000000        0x0 X86EnablePaging64.obj (symbol from plugin)
 .text          0x0000000000000000        0x0 X86EnablePaging32.obj (symbol from plugin)
 .text          0x0000000000000000        0x0 X86DisablePaging64.obj (symbol from plugin)
 .text          0x0000000000000000        0x0 X86DisablePaging32.obj (symbol from plugin)
 .text          0x0000000000000000        0x0 X86RdRand.obj (symbol from plugin)
 .text          0x0000000000000000        0x0 GccInline.obj (symbol from plugin)
 .text          0x0000000000000000        0xf /root/edk2/Build/OvmfX64/RELEASE_GCC5/X64/MdePkg/Library/BaseLib/BaseLib/OUTPUT/BaseLib.lib(SwitchStack.obj)
 .text          0x0000000000000000       0x8f /root/edk2/Build/OvmfX64/RELEASE_GCC5/X64/MdePkg/Library/BaseLib/BaseLib/OUTPUT/BaseLib.lib(SetJump.obj)
 .text          0x0000000000000000       0x7c /root/edk2/Build/OvmfX64/RELEASE_GCC5/X64/MdePkg/Library/BaseLib/BaseLib/OUTPUT/BaseLib.lib(LongJump.obj)
 .text          0x0000000000000000        0x3 /root/edk2/Build/OvmfX64/RELEASE_GCC5/X64/MdePkg/Library/BaseLib/BaseLib/OUTPUT/BaseLib.lib(EnableDisableInterrupts.obj)
 .text          0x0000000000000000       0x61 /root/edk2/Build/OvmfX64/RELEASE_GCC5/X64/MdePkg/Library/BaseLib/BaseLib/OUTPUT/BaseLib.lib(DisablePaging64.obj)
 .text          0x0000000000000000       0x27 /root/edk2/Build/OvmfX64/RELEASE_GCC5/X64/MdePkg/Library/BaseLib/BaseLib/OUTPUT/BaseLib.lib(CpuId.obj)
 .text          0x0000000000000000       0x2f /root/edk2/Build/OvmfX64/RELEASE_GCC5/X64/MdePkg/Library/BaseLib/BaseLib/OUTPUT/BaseLib.lib(CpuIdEx.obj)
 .text          0x0000000000000000       0x13 /root/edk2/Build/OvmfX64/RELEASE_GCC5/X64/MdePkg/Library/BaseLib/BaseLib/OUTPUT/BaseLib.lib(EnableCache.obj)
 .text          0x0000000000000000       0x13 /root/edk2/Build/OvmfX64/RELEASE_GCC5/X64/MdePkg/Library/BaseLib/BaseLib/OUTPUT/BaseLib.lib(DisableCache.obj)
 .text          0x0000000000000000       0x36 /root/edk2/Build/OvmfX64/RELEASE_GCC5/X64/MdePkg/Library/BaseLib/BaseLib/OUTPUT/BaseLib.lib(RdRand.obj)
 .text          0x0000000000000000        0x0 ChkStkGcc.obj (symbol from plugin)
 .text          0x0000000000000000        0x0 ScanMem64Wrapper.obj (symbol from plugin)
 .text          0x0000000000000000        0x0 ScanMem32Wrapper.obj (symbol from plugin)
 .text          0x0000000000000000        0x0 ScanMem16Wrapper.obj (symbol from plugin)
 .text          0x0000000000000000        0x0 ScanMem8Wrapper.obj (symbol from plugin)
 .text          0x0000000000000000        0x0 ZeroMemWrapper.obj (symbol from plugin)
 .text          0x0000000000000000        0x0 CompareMemWrapper.obj (symbol from plugin)
 .text          0x0000000000000000        0x0 SetMem64Wrapper.obj (symbol from plugin)
 .text          0x0000000000000000        0x0 SetMem32Wrapper.obj (symbol from plugin)
 .text          0x0000000000000000        0x0 SetMem16Wrapper.obj (symbol from plugin)
 .text          0x0000000000000000        0x0 SetMemWrapper.obj (symbol from plugin)
 .text          0x0000000000000000        0x0 CopyMemWrapper.obj (symbol from plugin)
 .text          0x0000000000000000        0x0 IsZeroBufferWrapper.obj (symbol from plugin)
 .text          0x0000000000000000        0x0 MemLibGuid.obj (symbol from plugin)
 .text          0x0000000000000000       0x17 /root/edk2/Build/OvmfX64/RELEASE_GCC5/X64/MdePkg/Library/BaseMemoryLibRepStr/BaseMemoryLibRepStr/OUTPUT/BaseMemoryLibRepStr.lib(ScanMem64.obj)
 .text          0x0000000000000000       0x16 /root/edk2/Build/OvmfX64/RELEASE_GCC5/X64/MdePkg/Library/BaseMemoryLibRepStr/BaseMemoryLibRepStr/OUTPUT/BaseMemoryLibRepStr.lib(ScanMem32.obj)
 .text          0x0000000000000000       0x17 /root/edk2/Build/OvmfX64/RELEASE_GCC5/X64/MdePkg/Library/BaseMemoryLibRepStr/BaseMemoryLibRepStr/OUTPUT/BaseMemoryLibRepStr.lib(ScanMem16.obj)
 .text          0x0000000000000000       0x16 /root/edk2/Build/OvmfX64/RELEASE_GCC5/X64/MdePkg/Library/BaseMemoryLibRepStr/BaseMemoryLibRepStr/OUTPUT/BaseMemoryLibRepStr.lib(ScanMem8.obj)
 .text          0x0000000000000000       0x12 /root/edk2/Build/OvmfX64/RELEASE_GCC5/X64/MdePkg/Library/BaseMemoryLibRepStr/BaseMemoryLibRepStr/OUTPUT/BaseMemoryLibRepStr.lib(SetMem64.obj)
 .text          0x0000000000000000       0x11 /root/edk2/Build/OvmfX64/RELEASE_GCC5/X64/MdePkg/Library/BaseMemoryLibRepStr/BaseMemoryLibRepStr/OUTPUT/BaseMemoryLibRepStr.lib(SetMem32.obj)
 .text          0x0000000000000000       0x12 /root/edk2/Build/OvmfX64/RELEASE_GCC5/X64/MdePkg/Library/BaseMemoryLibRepStr/BaseMemoryLibRepStr/OUTPUT/BaseMemoryLibRepStr.lib(SetMem16.obj)
 .text          0x0000000000000000       0x2a /root/edk2/Build/OvmfX64/RELEASE_GCC5/X64/MdePkg/Library/BaseMemoryLibRepStr/BaseMemoryLibRepStr/OUTPUT/BaseMemoryLibRepStr.lib(IsZeroBuffer.obj)
 .text          0x0000000000000000        0x0 BaseDebugPrintErrorLevelLib.obj (symbol from plugin)
 .text          0x0000000000000000        0x0 PrintLibInternal.obj (symbol from plugin)
 .text          0x0000000000000000        0x0 PrintLib.obj (symbol from plugin)
 .text          0x0000000000000000        0x0 IoLibMmioBuffer.obj (symbol from plugin)
 .text          0x0000000000000000        0x0 IoHighLevel.obj (symbol from plugin)
 .text          0x0000000000000000        0x0 IoLibGcc.obj (symbol from plugin)
 .text          0x0000000000000000        0x0 IoLib.obj (symbol from plugin)
 .text          0x0000000000000000      0x116 /root/edk2/Build/OvmfX64/RELEASE_GCC5/X64/MdePkg/Library/BaseIoLibIntrinsic/BaseIoLibIntrinsicSev/OUTPUT/BaseIoLibIntrinsicSev.lib(IoFifoSev.obj)
 .text          0x0000000000000000        0x0 DebugLib.obj (symbol from plugin)
 .text          0x0000000000000000        0x0 DebugLibDetect.obj (symbol from plugin)
 .text          0x0000000000000000        0x0 UefiBootServicesTableLib.obj (symbol from plugin)
 .text          0x0000000000000000        0x0 MemoryAllocationLib.obj (symbol from plugin)
 .text          0x0000000000000000        0x0 UefiRuntimeServicesTableLib.obj (symbol from plugin)
 .text          0x0000000000000000        0x0 UefiDevicePathLib.obj (symbol from plugin)
 .text          0x0000000000000000        0x0 DriverEntryPoint.obj (symbol from plugin)
 .text          0x0000000000000000        0x0 UefiLibPrint.obj (symbol from plugin)
 .text          0x0000000000000000        0x0 UefiNotTiano.obj (symbol from plugin)
 .text          0x0000000000000000        0x0 UefiDriverModel.obj (symbol from plugin)
 .text          0x0000000000000000        0x0 Console.obj (symbol from plugin)
 .text          0x0000000000000000        0x0 UefiLib.obj (symbol from plugin)
 .text          0x0000000000000000        0x0 AcpiTableProtocol.obj (symbol from plugin)
 .text          0x0000000000000000        0x0 AcpiTable.obj (symbol from plugin)
 .text          0x0000000000000000        0x0 AcpiSdt.obj (symbol from plugin)
 .text          0x0000000000000000        0x0 Aml.obj (symbol from plugin)
 .text          0x0000000000000000        0x0 AmlString.obj (symbol from plugin)
 .text          0x0000000000000000        0x0 AmlOption.obj (symbol from plugin)
 .text          0x0000000000000000        0x0 AmlChild.obj (symbol from plugin)
 .text          0x0000000000000000        0x0 AmlNamespace.obj (symbol from plugin)
 .text          0x0000000000000000        0x0 AutoGen.obj (symbol from plugin)

Memory Configuration

Name             Origin             Length             Attributes
*default*        0x0000000000000000 0xffffffffffffffff

Linker script and memory map

LOAD /tmp/ccM5hFZ7.ltrans0.ltrans.o
LOAD /tmp/ccM5hFZ7.ltrans1.ltrans.o
LOAD /tmp/ccM5hFZ7.ltrans2.ltrans.o
START GROUP
LOAD /root/edk2/Build/OvmfX64/RELEASE_GCC5/X64/MdePkg/Library/DxePcdLib/DxePcdLib/OUTPUT/DxePcdLib.lib
LOAD /root/edk2/Build/OvmfX64/RELEASE_GCC5/X64/MdePkg/Library/BaseLib/BaseLib/OUTPUT/BaseLib.lib
LOAD /root/edk2/Build/OvmfX64/RELEASE_GCC5/X64/MdePkg/Library/BaseMemoryLibRepStr/BaseMemoryLibRepStr/OUTPUT/BaseMemoryLibRepStr.lib
LOAD /root/edk2/Build/OvmfX64/RELEASE_GCC5/X64/MdePkg/Library/BaseDebugPrintErrorLevelLib/BaseDebugPrintErrorLevelLib/OUTPUT/BaseDebugPrintErrorLevelLib.lib
LOAD /root/edk2/Build/OvmfX64/RELEASE_GCC5/X64/MdePkg/Library/BasePrintLib/BasePrintLib/OUTPUT/BasePrintLib.lib
LOAD /root/edk2/Build/OvmfX64/RELEASE_GCC5/X64/MdePkg/Library/BaseIoLibIntrinsic/BaseIoLibIntrinsicSev/OUTPUT/BaseIoLibIntrinsicSev.lib
LOAD /root/edk2/Build/OvmfX64/RELEASE_GCC5/X64/OvmfPkg/Library/PlatformDebugLibIoPort/PlatformDebugLibIoPort/OUTPUT/PlatformDebugLibIoPort.lib
LOAD /root/edk2/Build/OvmfX64/RELEASE_GCC5/X64/MdePkg/Library/UefiBootServicesTableLib/UefiBootServicesTableLib/OUTPUT/UefiBootServicesTableLib.lib
LOAD /root/edk2/Build/OvmfX64/RELEASE_GCC5/X64/MdePkg/Library/UefiMemoryAllocationLib/UefiMemoryAllocationLib/OUTPUT/UefiMemoryAllocationLib.lib
LOAD /root/edk2/Build/OvmfX64/RELEASE_GCC5/X64/MdePkg/Library/UefiRuntimeServicesTableLib/UefiRuntimeServicesTableLib/OUTPUT/UefiRuntimeServicesTableLib.lib
LOAD /root/edk2/Build/OvmfX64/RELEASE_GCC5/X64/MdePkg/Library/UefiDevicePathLibDevicePathProtocol/UefiDevicePathLibDevicePathProtocol/OUTPUT/UefiDevicePathLibDevicePathProtocol.lib
LOAD /root/edk2/Build/OvmfX64/RELEASE_GCC5/X64/MdePkg/Library/UefiDriverEntryPoint/UefiDriverEntryPoint/OUTPUT/UefiDriverEntryPoint.lib
LOAD /root/edk2/Build/OvmfX64/RELEASE_GCC5/X64/MdePkg/Library/UefiLib/UefiLib/OUTPUT/UefiLib.lib
LOAD /root/edk2/Build/OvmfX64/RELEASE_GCC5/X64/MdeModulePkg/Universal/Acpi/AcpiTableDxe/AcpiTableDxe/OUTPUT/AcpiTableDxe.lib
END GROUP
                0x0000000000000228                PECOFF_HEADER_SIZE = 0x228
                0x0000000000000228                . = PECOFF_HEADER_SIZE

.text           0x0000000000000240     0x25e4
 *(.text .text.* .stub .gnu.linkonce.t.*)
 .text.ZeroMem  0x0000000000000240        0xe /tmp/ccM5hFZ7.ltrans0.ltrans.o
                0x0000000000000240                ZeroMem
 .text.FreePool
                0x000000000000024e        0xa /tmp/ccM5hFZ7.ltrans0.ltrans.o
                0x000000000000024e                FreePool
 .text.CopyMem  0x0000000000000258       0x13 /tmp/ccM5hFZ7.ltrans0.ltrans.o
                0x0000000000000258                CopyMem
 .text.PublishTables
                0x000000000000026b       0xba /tmp/ccM5hFZ7.ltrans0.ltrans.o
 .text.UninstallAcpiTable
                0x0000000000000325      0x1fa /tmp/ccM5hFZ7.ltrans0.ltrans.o
 .text.InstallAcpiTable
                0x000000000000051f      0x62c /tmp/ccM5hFZ7.ltrans0.ltrans.o
 .text._ModuleEntryPoint
                0x0000000000000b4b      0x4af /tmp/ccM5hFZ7.ltrans0.ltrans.o
                0x0000000000000b4b                _ModuleEntryPoint
 .text.GetAcpiTable2
                0x0000000000000ffa       0x5e /tmp/ccM5hFZ7.ltrans1.ltrans.o
                0x0000000000000ffa                GetAcpiTable2
 .text.FindTableByBuffer
                0x0000000000001058       0x39 /tmp/ccM5hFZ7.ltrans1.ltrans.o
 .text.OpenSdt  0x0000000000001091       0x89 /tmp/ccM5hFZ7.ltrans1.ltrans.o
                0x0000000000001091                OpenSdt
 .text.RegisterNotify
                0x000000000000111a       0xb8 /tmp/ccM5hFZ7.ltrans1.ltrans.o
                0x000000000000111a                RegisterNotify
 .text.SetOption
                0x00000000000011d2       0x96 /tmp/ccM5hFZ7.ltrans1.ltrans.o
                0x00000000000011d2                SetOption
 .text.GetOption
                0x0000000000001268       0x5e /tmp/ccM5hFZ7.ltrans1.ltrans.o
                0x0000000000001268                GetOption
 .text.AmlIsAslLeadName
                0x00000000000012c6       0x1b /tmp/ccM5hFZ7.ltrans1.ltrans.o
                0x00000000000012c6                AmlIsAslLeadName
 .text.AmlGetNameStringSize
                0x00000000000012e1       0xd4 /tmp/ccM5hFZ7.ltrans1.ltrans.o
                0x00000000000012e1                AmlGetNameStringSize
 .text.AmlGetPkgLength
                0x00000000000013b5       0x58 /tmp/ccM5hFZ7.ltrans1.ltrans.o
                0x00000000000013b5                AmlGetPkgLength
 .text.AmlSearchByOpByte
                0x000000000000140d       0x41 /tmp/ccM5hFZ7.ltrans1.ltrans.o
                0x000000000000140d                AmlSearchByOpByte
 .text.SdtOpenEx
                0x000000000000144e       0x8e /tmp/ccM5hFZ7.ltrans1.ltrans.o
                0x000000000000144e                SdtOpenEx
 .text.GetChild
                0x00000000000014dc      0x1b0 /tmp/ccM5hFZ7.ltrans1.ltrans.o
                0x00000000000014dc                GetChild
 .text.FindPath
                0x000000000000168c      0x345 /tmp/ccM5hFZ7.ltrans1.ltrans.o
                0x000000000000168c                FindPath
 .text.Open     0x00000000000019d1       0x57 /tmp/ccM5hFZ7.ltrans1.ltrans.o
                0x00000000000019d1                Open
 .text.AcpiPlatformChecksum
                0x0000000000001a28       0x1e /tmp/ccM5hFZ7.ltrans1.ltrans.o
                0x0000000000001a28                AcpiPlatformChecksum
 .text.Close    0x0000000000001a46       0x64 /tmp/ccM5hFZ7.ltrans1.ltrans.o
                0x0000000000001a46                Close
 .text.ChecksumCommonTables
                0x0000000000001aaa       0x72 /tmp/ccM5hFZ7.ltrans1.ltrans.o
                0x0000000000001aaa                ChecksumCommonTables
 .text.RemoveTableFromRsdt
                0x0000000000001b1c      0x1a7 /tmp/ccM5hFZ7.ltrans1.ltrans.o
                0x0000000000001b1c                RemoveTableFromRsdt
 .text.ReallocateAcpiTableBuffer
                0x0000000000001cc3      0x193 /tmp/ccM5hFZ7.ltrans1.ltrans.o
                0x0000000000001cc3                ReallocateAcpiTableBuffer
 .text.AmlDumpNodeInfo
                0x0000000000001e56       0x2d /tmp/ccM5hFZ7.ltrans2.ltrans.o
 .text.AmlDestructNodeList
                0x0000000000001e83       0x4e /tmp/ccM5hFZ7.ltrans2.ltrans.o
 .text.InternalAllocatePool.constprop.5
                0x0000000000001ed1       0x37 /tmp/ccM5hFZ7.ltrans2.ltrans.o
                0x0000000000001ed1                InternalAllocatePool.constprop.5
 .text.AmlCreateNode
                0x0000000000001f08       0x77 /tmp/ccM5hFZ7.ltrans2.ltrans.o
 .text.AmlFindNodeInTheTree
                0x0000000000001f7f      0x116 /tmp/ccM5hFZ7.ltrans2.ltrans.o
 .text.AmlGetObjectSize
                0x0000000000002095       0x5a /tmp/ccM5hFZ7.ltrans2.ltrans.o
                0x0000000000002095                AmlGetObjectSize
 .text.AmlGetChildFromObjectBuffer
                0x00000000000020ef       0x6f /tmp/ccM5hFZ7.ltrans2.ltrans.o
                0x00000000000020ef                AmlGetChildFromObjectBuffer
 .text.AmlParseOptionCommon.part.0
                0x000000000000215e      0x235 /tmp/ccM5hFZ7.ltrans2.ltrans.o
 .text.AmlParseOptionHandleCommon
                0x0000000000002393       0x6a /tmp/ccM5hFZ7.ltrans2.ltrans.o
                0x0000000000002393                AmlParseOptionHandleCommon
 .text.AmlGetOffsetAfterLastOption
                0x00000000000023fd       0x65 /tmp/ccM5hFZ7.ltrans2.ltrans.o
                0x00000000000023fd                AmlGetOffsetAfterLastOption
 .text.AmlConstructNodeList.part.0
                0x0000000000002462      0x17e /tmp/ccM5hFZ7.ltrans2.ltrans.o
 .text.AmlFindPath
                0x00000000000025e0       0xcb /tmp/ccM5hFZ7.ltrans2.ltrans.o
                0x00000000000025e0                AmlFindPath
 .text.AmlGetAslNameSegLength
                0x00000000000026ab       0x7a /tmp/ccM5hFZ7.ltrans2.ltrans.o
                0x00000000000026ab                AmlGetAslNameSegLength
 *fill*         0x0000000000002725        0xb 
 .text          0x0000000000002730       0x1d /root/edk2/Build/OvmfX64/RELEASE_GCC5/X64/MdePkg/Library/BaseMemoryLibRepStr/BaseMemoryLibRepStr/OUTPUT/BaseMemoryLibRepStr.lib(CompareMem.obj)
                0x0000000000002730                InternalMemCompareMem
 *fill*         0x000000000000274d        0x3 
 .text          0x0000000000002750       0x1d /root/edk2/Build/OvmfX64/RELEASE_GCC5/X64/MdePkg/Library/BaseMemoryLibRepStr/BaseMemoryLibRepStr/OUTPUT/BaseMemoryLibRepStr.lib(ZeroMem.obj)
                0x0000000000002750                InternalMemZeroMem
 *fill*         0x000000000000276d        0x3 
 .text          0x0000000000002770       0x11 /root/edk2/Build/OvmfX64/RELEASE_GCC5/X64/MdePkg/Library/BaseMemoryLibRepStr/BaseMemoryLibRepStr/OUTPUT/BaseMemoryLibRepStr.lib(SetMem.obj)
                0x0000000000002770                InternalMemSetMem
 *fill*         0x0000000000002781        0xf 
 .text          0x0000000000002790       0x3c /root/edk2/Build/OvmfX64/RELEASE_GCC5/X64/MdePkg/Library/BaseMemoryLibRepStr/BaseMemoryLibRepStr/OUTPUT/BaseMemoryLibRepStr.lib(CopyMem.obj)
                0x0000000000002790                InternalMemCopyMem
 *(.rodata .rodata.* .gnu.linkonce.r.*)
 .rodata._gPcd_FixedAtBuild_PcdAcpiDefaultOemId
                0x00000000000027cc        0x7 /tmp/ccM5hFZ7.ltrans0.ltrans.o
 *fill*         0x00000000000027d3        0x1 
 .rodata.AmlParseOptionCommon.part.0
                0x00000000000027d4       0x1c /tmp/ccM5hFZ7.ltrans2.ltrans.o
 *fill*         0x00000000000027f0       0x10 
 .rodata.mAmlTypeToAcpiType
                0x0000000000002800       0x24 /tmp/ccM5hFZ7.ltrans2.ltrans.o
 *(.got .got.*)
 .got           0x0000000000002824        0x0 DxePcdLib.obj (symbol from plugin)
 .got.plt       0x0000000000002824        0x0 DxePcdLib.obj (symbol from plugin)
                0x0000000000002824                _GLOBAL_OFFSET_TABLE_
 *:AutoGen.obj(.data.g*Guid)

.plt            0x0000000000002830        0x0
 .plt           0x0000000000002830        0x0 DxePcdLib.obj (symbol from plugin)

.data           0x0000000000002840     0x1510
 *(.data .data.* .gnu.linkonce.d.*)
 .data.rel.local.mAcpiSdtProtocolTemplate
                0x0000000000002840       0x50 /tmp/ccM5hFZ7.ltrans0.ltrans.o
 .data.gEfiAcpiSdtProtocolGuid
                0x0000000000002890       0x10 /tmp/ccM5hFZ7.ltrans0.ltrans.o
 .data.gEfiAcpiTableProtocolGuid
                0x00000000000028a0       0x10 /tmp/ccM5hFZ7.ltrans0.ltrans.o
 .data.gEfiDevicePathUtilitiesProtocolGuid
                0x00000000000028b0       0x10 /tmp/ccM5hFZ7.ltrans0.ltrans.o
 .data.gEfiAcpiTableGuid
                0x00000000000028c0       0x10 /tmp/ccM5hFZ7.ltrans0.ltrans.o
 .data.gEfiAcpi10TableGuid
                0x00000000000028d0       0x10 /tmp/ccM5hFZ7.ltrans0.ltrans.o
 .data.mEfiAcpiMaxNumTables
                0x00000000000028e0        0x8 /tmp/ccM5hFZ7.ltrans1.ltrans.o
                0x00000000000028e0                mEfiAcpiMaxNumTables
 *fill*         0x00000000000028e8       0x18 
 .data.mAmlByteEncoding
                0x0000000000002900     0x141c /tmp/ccM5hFZ7.ltrans1.ltrans.o
 *(.bss .bss.*)
 *fill*         0x0000000000003d1c        0x4 
 .bss.mHandle   0x0000000000003d20        0x8 /tmp/ccM5hFZ7.ltrans0.ltrans.o
 .bss.gST       0x0000000000003d28        0x8 /tmp/ccM5hFZ7.ltrans0.ltrans.o
 .bss.mDevicePathLibDevicePathUtilities
                0x0000000000003d30        0x8 /tmp/ccM5hFZ7.ltrans0.ltrans.o
 .bss.mAcpiTableAllocType.lto_priv.7
                0x0000000000003d38        0x4 /tmp/ccM5hFZ7.ltrans1.ltrans.o
                0x0000000000003d38                mAcpiTableAllocType.lto_priv.7
 *fill*         0x0000000000003d3c        0x4 
 .bss.mPrivateData
                0x0000000000003d40        0x8 /tmp/ccM5hFZ7.ltrans1.ltrans.o
                0x0000000000003d40                mPrivateData
 .bss.gBS       0x0000000000003d48        0x8 /tmp/ccM5hFZ7.ltrans2.ltrans.o
                0x0000000000003d48                gBS

.eh_frame       0x0000000000003d80        0x0
 *(.eh_frame)
 .eh_frame      0x0000000000003d80        0x0 DxePcdLib.obj (symbol from plugin)

.dynbss         0x0000000000003d80        0x0
 .dynbss        0x0000000000003d80        0x0 DxePcdLib.obj (symbol from plugin)

.gnu.version_d  0x0000000000003d80        0x0
 .gnu.version_d
                0x0000000000003d80        0x0 DxePcdLib.obj (symbol from plugin)

.gnu.version    0x0000000000003d80        0x0
 .gnu.version   0x0000000000003d80        0x0 DxePcdLib.obj (symbol from plugin)

.gnu.version_r  0x0000000000003d80        0x0
 .gnu.version_r
                0x0000000000003d80        0x0 DxePcdLib.obj (symbol from plugin)

.rela           0x0000000000003d80       0xd8
 *(.rela .rela.*)
 .rela.plt      0x0000000000003d80        0x0 DxePcdLib.obj (symbol from plugin)
 .rela.got      0x0000000000003d80        0x0 DxePcdLib.obj (symbol from plugin)
 .rela.bss      0x0000000000003d80        0x0 DxePcdLib.obj (symbol from plugin)
 .rela.ifunc    0x0000000000003d80        0x0 DxePcdLib.obj (symbol from plugin)
 .rela.text     0x0000000000003d80        0x0 DxePcdLib.obj (symbol from plugin)
 .rela.text.FreePool
                0x0000000000003d80        0x0 DxePcdLib.obj (symbol from plugin)
 .rela.text.PublishTables
                0x0000000000003d80        0x0 DxePcdLib.obj (symbol from plugin)
 .rela.text.UninstallAcpiTable
                0x0000000000003d80        0x0 DxePcdLib.obj (symbol from plugin)
 .rela.text.InstallAcpiTable
                0x0000000000003d80        0x0 DxePcdLib.obj (symbol from plugin)
 .rela.text._ModuleEntryPoint
                0x0000000000003d80        0x0 DxePcdLib.obj (symbol from plugin)
 .rela.data.rel.local.mAcpiSdtProtocolTemplate
                0x0000000000003d80       0xd8 DxePcdLib.obj (symbol from plugin)
 .rela.text.OpenSdt
                0x0000000000003e58        0x0 DxePcdLib.obj (symbol from plugin)
 .rela.text.RegisterNotify
                0x0000000000003e58        0x0 DxePcdLib.obj (symbol from plugin)
 .rela.text.SetOption
                0x0000000000003e58        0x0 DxePcdLib.obj (symbol from plugin)
 .rela.text.GetOption
                0x0000000000003e58        0x0 DxePcdLib.obj (symbol from plugin)
 .rela.text.SdtOpenEx
                0x0000000000003e58        0x0 DxePcdLib.obj (symbol from plugin)
 .rela.text.GetChild
                0x0000000000003e58        0x0 DxePcdLib.obj (symbol from plugin)
 .rela.text.FindPath
                0x0000000000003e58        0x0 DxePcdLib.obj (symbol from plugin)
 .rela.text.ReallocateAcpiTableBuffer
                0x0000000000003e58        0x0 DxePcdLib.obj (symbol from plugin)

.hii
 *(.hii)

.build-id       0x0000000000003e58       0x24
 *(.note.gnu.build-id)
 .note.gnu.build-id
                0x0000000000003e58       0x24 DxePcdLib.obj (symbol from plugin)

/DISCARD/
 *(.note.GNU-stack)
 *(.gnu_debuglink)
 *(.interp)
 *(.dynsym)
 *(.dynstr)
 *(.dynamic)
 *(.hash .gnu.hash)
 *(.comment)
 *(COMMON)
OUTPUT(/root/edk2/Build/OvmfX64/RELEASE_GCC5/X64/MdeModulePkg/Universal/Acpi/AcpiTableDxe/AcpiTableDxe/DEBUG/AcpiTableDxe.dll elf64-x86-64)

.debug_info     0x0000000000000000     0x931d
 .debug_info    0x0000000000000000     0x4027 /tmp/ccM5hFZ7.ltrans0.ltrans.o
 .debug_info    0x0000000000004027     0x2f52 /tmp/ccM5hFZ7.ltrans1.ltrans.o
 .debug_info    0x0000000000006f79     0x23a4 /tmp/ccM5hFZ7.ltrans2.ltrans.o

.debug_abbrev   0x0000000000000000      0xbbf
 .debug_abbrev  0x0000000000000000      0x3eb /tmp/ccM5hFZ7.ltrans0.ltrans.o
 .debug_abbrev  0x00000000000003eb      0x3ec /tmp/ccM5hFZ7.ltrans1.ltrans.o
 .debug_abbrev  0x00000000000007d7      0x3e8 /tmp/ccM5hFZ7.ltrans2.ltrans.o

.debug_loc      0x0000000000000000     0x6e52
 .debug_loc     0x0000000000000000     0x17d7 /tmp/ccM5hFZ7.ltrans0.ltrans.o
 .debug_loc     0x00000000000017d7     0x33c4 /tmp/ccM5hFZ7.ltrans1.ltrans.o
 .debug_loc     0x0000000000004b9b     0x22b7 /tmp/ccM5hFZ7.ltrans2.ltrans.o

.debug_aranges  0x0000000000000000      0x2f0
 .debug_aranges
                0x0000000000000000       0xb0 /tmp/ccM5hFZ7.ltrans0.ltrans.o
 .debug_aranges
                0x00000000000000b0      0x150 /tmp/ccM5hFZ7.ltrans1.ltrans.o
 .debug_aranges
                0x0000000000000200       0xf0 /tmp/ccM5hFZ7.ltrans2.ltrans.o

.debug_ranges   0x0000000000000000      0xe10
 .debug_ranges  0x0000000000000000      0x5c0 /tmp/ccM5hFZ7.ltrans0.ltrans.o
 .debug_ranges  0x00000000000005c0      0x530 /tmp/ccM5hFZ7.ltrans1.ltrans.o
 .debug_ranges  0x0000000000000af0      0x320 /tmp/ccM5hFZ7.ltrans2.ltrans.o

.debug_line     0x0000000000000000     0x19f9
 .debug_line    0x0000000000000000      0xa71 /tmp/ccM5hFZ7.ltrans0.ltrans.o
 .debug_line    0x0000000000000a71      0x8be /tmp/ccM5hFZ7.ltrans1.ltrans.o
 .debug_line    0x000000000000132f      0x6ca /tmp/ccM5hFZ7.ltrans2.ltrans.o

.debug_str      0x0000000000000000     0x296b
 .debug_str     0x0000000000000000     0x20ff /tmp/ccM5hFZ7.ltrans0.ltrans.o
                                       0x237e (size before relaxing)
 .debug_str     0x00000000000020ff      0x538 /tmp/ccM5hFZ7.ltrans1.ltrans.o
                                       0x1225 (size before relaxing)
 .debug_str     0x0000000000002637      0x334 /tmp/ccM5hFZ7.ltrans2.ltrans.o
                                       0x1227 (size before relaxing)

.debug_frame    0x0000000000000000      0xa50
 .debug_frame   0x0000000000000000      0x210 /tmp/ccM5hFZ7.ltrans0.ltrans.o
 .debug_frame   0x0000000000000210      0x4a0 /tmp/ccM5hFZ7.ltrans1.ltrans.o
 .debug_frame   0x00000000000006b0      0x3a0 /tmp/ccM5hFZ7.ltrans2.ltrans.o
