Archive member included to satisfy reference by file (symbol)

/root/edk2/Build/OvmfX64/RELEASE_GCC5/X64/MdePkg/Library/DxePcdLib/DxePcdLib/OUTPUT/DxePcdLib.lib(DxePcdLib.obj)
                              (--whole-archive)
/root/edk2/Build/OvmfX64/RELEASE_GCC5/X64/MdePkg/Library/BaseLib/BaseLib/OUTPUT/BaseLib.lib(CheckSum.obj)
                              (--whole-archive)
/root/edk2/Build/OvmfX64/RELEASE_GCC5/X64/MdePkg/Library/BaseLib/BaseLib/OUTPUT/BaseLib.lib(SwitchStack.obj)
                              (--whole-archive)
/root/edk2/Build/OvmfX64/RELEASE_GCC5/X64/MdePkg/Library/BaseLib/BaseLib/OUTPUT/BaseLib.lib(SwapBytes64.obj)
                              (--whole-archive)
/root/edk2/Build/OvmfX64/RELEASE_GCC5/X64/MdePkg/Library/BaseLib/BaseLib/OUTPUT/BaseLib.lib(SwapBytes32.obj)
                              (--whole-archive)
/root/edk2/Build/OvmfX64/RELEASE_GCC5/X64/MdePkg/Library/BaseLib/BaseLib/OUTPUT/BaseLib.lib(SwapBytes16.obj)
                              (--whole-archive)
/root/edk2/Build/OvmfX64/RELEASE_GCC5/X64/MdePkg/Library/BaseLib/BaseLib/OUTPUT/BaseLib.lib(LongJump.obj)
                              (--whole-archive)
/root/edk2/Build/OvmfX64/RELEASE_GCC5/X64/MdePkg/Library/BaseLib/BaseLib/OUTPUT/BaseLib.lib(SetJump.obj)
                              (--whole-archive)
/root/edk2/Build/OvmfX64/RELEASE_GCC5/X64/MdePkg/Library/BaseLib/BaseLib/OUTPUT/BaseLib.lib(RShiftU64.obj)
                              (--whole-archive)
/root/edk2/Build/OvmfX64/RELEASE_GCC5/X64/MdePkg/Library/BaseLib/BaseLib/OUTPUT/BaseLib.lib(RRotU64.obj)
                              (--whole-archive)
/root/edk2/Build/OvmfX64/RELEASE_GCC5/X64/MdePkg/Library/BaseLib/BaseLib/OUTPUT/BaseLib.lib(RRotU32.obj)
                              (--whole-archive)
/root/edk2/Build/OvmfX64/RELEASE_GCC5/X64/MdePkg/Library/BaseLib/BaseLib/OUTPUT/BaseLib.lib(MultU64x64.obj)
                              (--whole-archive)
/root/edk2/Build/OvmfX64/RELEASE_GCC5/X64/MdePkg/Library/BaseLib/BaseLib/OUTPUT/BaseLib.lib(MultU64x32.obj)
                              (--whole-archive)
/root/edk2/Build/OvmfX64/RELEASE_GCC5/X64/MdePkg/Library/BaseLib/BaseLib/OUTPUT/BaseLib.lib(MultS64x64.obj)
                              (--whole-archive)
/root/edk2/Build/OvmfX64/RELEASE_GCC5/X64/MdePkg/Library/BaseLib/BaseLib/OUTPUT/BaseLib.lib(ModU64x32.obj)
                              (--whole-archive)
/root/edk2/Build/OvmfX64/RELEASE_GCC5/X64/MdePkg/Library/BaseLib/BaseLib/OUTPUT/BaseLib.lib(LShiftU64.obj)
                              (--whole-archive)
/root/edk2/Build/OvmfX64/RELEASE_GCC5/X64/MdePkg/Library/BaseLib/BaseLib/OUTPUT/BaseLib.lib(LRotU64.obj)
                              (--whole-archive)
/root/edk2/Build/OvmfX64/RELEASE_GCC5/X64/MdePkg/Library/BaseLib/BaseLib/OUTPUT/BaseLib.lib(LRotU32.obj)
                              (--whole-archive)
/root/edk2/Build/OvmfX64/RELEASE_GCC5/X64/MdePkg/Library/BaseLib/BaseLib/OUTPUT/BaseLib.lib(LowBitSet64.obj)
                              (--whole-archive)
/root/edk2/Build/OvmfX64/RELEASE_GCC5/X64/MdePkg/Library/BaseLib/BaseLib/OUTPUT/BaseLib.lib(LowBitSet32.obj)
                              (--whole-archive)
/root/edk2/Build/OvmfX64/RELEASE_GCC5/X64/MdePkg/Library/BaseLib/BaseLib/OUTPUT/BaseLib.lib(HighBitSet64.obj)
                              (--whole-archive)
/root/edk2/Build/OvmfX64/RELEASE_GCC5/X64/MdePkg/Library/BaseLib/BaseLib/OUTPUT/BaseLib.lib(HighBitSet32.obj)
                              (--whole-archive)
/root/edk2/Build/OvmfX64/RELEASE_GCC5/X64/MdePkg/Library/BaseLib/BaseLib/OUTPUT/BaseLib.lib(GetPowerOfTwo64.obj)
                              (--whole-archive)
/root/edk2/Build/OvmfX64/RELEASE_GCC5/X64/MdePkg/Library/BaseLib/BaseLib/OUTPUT/BaseLib.lib(GetPowerOfTwo32.obj)
                              (--whole-archive)
/root/edk2/Build/OvmfX64/RELEASE_GCC5/X64/MdePkg/Library/BaseLib/BaseLib/OUTPUT/BaseLib.lib(DivU64x64Remainder.obj)
                              (--whole-archive)
/root/edk2/Build/OvmfX64/RELEASE_GCC5/X64/MdePkg/Library/BaseLib/BaseLib/OUTPUT/BaseLib.lib(DivU64x32Remainder.obj)
                              (--whole-archive)
/root/edk2/Build/OvmfX64/RELEASE_GCC5/X64/MdePkg/Library/BaseLib/BaseLib/OUTPUT/BaseLib.lib(DivU64x32.obj)
                              (--whole-archive)
/root/edk2/Build/OvmfX64/RELEASE_GCC5/X64/MdePkg/Library/BaseLib/BaseLib/OUTPUT/BaseLib.lib(DivS64x64Remainder.obj)
                              (--whole-archive)
/root/edk2/Build/OvmfX64/RELEASE_GCC5/X64/MdePkg/Library/BaseLib/BaseLib/OUTPUT/BaseLib.lib(ARShiftU64.obj)
                              (--whole-archive)
/root/edk2/Build/OvmfX64/RELEASE_GCC5/X64/MdePkg/Library/BaseLib/BaseLib/OUTPUT/BaseLib.lib(BitField.obj)
                              (--whole-archive)
/root/edk2/Build/OvmfX64/RELEASE_GCC5/X64/MdePkg/Library/BaseLib/BaseLib/OUTPUT/BaseLib.lib(CpuDeadLoop.obj)
                              (--whole-archive)
/root/edk2/Build/OvmfX64/RELEASE_GCC5/X64/MdePkg/Library/BaseLib/BaseLib/OUTPUT/BaseLib.lib(Cpu.obj)
                              (--whole-archive)
/root/edk2/Build/OvmfX64/RELEASE_GCC5/X64/MdePkg/Library/BaseLib/BaseLib/OUTPUT/BaseLib.lib(LinkedList.obj)
                              (--whole-archive)
/root/edk2/Build/OvmfX64/RELEASE_GCC5/X64/MdePkg/Library/BaseLib/BaseLib/OUTPUT/BaseLib.lib(SafeString.obj)
                              (--whole-archive)
/root/edk2/Build/OvmfX64/RELEASE_GCC5/X64/MdePkg/Library/BaseLib/BaseLib/OUTPUT/BaseLib.lib(String.obj)
                              (--whole-archive)
/root/edk2/Build/OvmfX64/RELEASE_GCC5/X64/MdePkg/Library/BaseLib/BaseLib/OUTPUT/BaseLib.lib(FilePaths.obj)
                              (--whole-archive)
/root/edk2/Build/OvmfX64/RELEASE_GCC5/X64/MdePkg/Library/BaseLib/BaseLib/OUTPUT/BaseLib.lib(Thunk16.obj)
                              (--whole-archive)
/root/edk2/Build/OvmfX64/RELEASE_GCC5/X64/MdePkg/Library/BaseLib/BaseLib/OUTPUT/BaseLib.lib(WriteTr.obj)
                              (--whole-archive)
/root/edk2/Build/OvmfX64/RELEASE_GCC5/X64/MdePkg/Library/BaseLib/BaseLib/OUTPUT/BaseLib.lib(Non-existing.obj)
                              (--whole-archive)
/root/edk2/Build/OvmfX64/RELEASE_GCC5/X64/MdePkg/Library/BaseLib/BaseLib/OUTPUT/BaseLib.lib(Math64.obj)
                              (--whole-archive)
/root/edk2/Build/OvmfX64/RELEASE_GCC5/X64/MdePkg/Library/BaseLib/BaseLib/OUTPUT/BaseLib.lib(Unaligned.obj)
                              (--whole-archive)
/root/edk2/Build/OvmfX64/RELEASE_GCC5/X64/MdePkg/Library/BaseLib/BaseLib/OUTPUT/BaseLib.lib(X86WriteIdtr.obj)
                              (--whole-archive)
/root/edk2/Build/OvmfX64/RELEASE_GCC5/X64/MdePkg/Library/BaseLib/BaseLib/OUTPUT/BaseLib.lib(X86WriteGdtr.obj)
                              (--whole-archive)
/root/edk2/Build/OvmfX64/RELEASE_GCC5/X64/MdePkg/Library/BaseLib/BaseLib/OUTPUT/BaseLib.lib(X86Thunk.obj)
                              (--whole-archive)
/root/edk2/Build/OvmfX64/RELEASE_GCC5/X64/MdePkg/Library/BaseLib/BaseLib/OUTPUT/BaseLib.lib(X86ReadIdtr.obj)
                              (--whole-archive)
/root/edk2/Build/OvmfX64/RELEASE_GCC5/X64/MdePkg/Library/BaseLib/BaseLib/OUTPUT/BaseLib.lib(X86ReadGdtr.obj)
                              (--whole-archive)
/root/edk2/Build/OvmfX64/RELEASE_GCC5/X64/MdePkg/Library/BaseLib/BaseLib/OUTPUT/BaseLib.lib(X86Msr.obj)
                              (--whole-archive)
/root/edk2/Build/OvmfX64/RELEASE_GCC5/X64/MdePkg/Library/BaseLib/BaseLib/OUTPUT/BaseLib.lib(X86GetInterruptState.obj)
                              (--whole-archive)
/root/edk2/Build/OvmfX64/RELEASE_GCC5/X64/MdePkg/Library/BaseLib/BaseLib/OUTPUT/BaseLib.lib(X86FxSave.obj)
                              (--whole-archive)
/root/edk2/Build/OvmfX64/RELEASE_GCC5/X64/MdePkg/Library/BaseLib/BaseLib/OUTPUT/BaseLib.lib(X86FxRestore.obj)
                              (--whole-archive)
/root/edk2/Build/OvmfX64/RELEASE_GCC5/X64/MdePkg/Library/BaseLib/BaseLib/OUTPUT/BaseLib.lib(X86EnablePaging64.obj)
                              (--whole-archive)
/root/edk2/Build/OvmfX64/RELEASE_GCC5/X64/MdePkg/Library/BaseLib/BaseLib/OUTPUT/BaseLib.lib(X86EnablePaging32.obj)
                              (--whole-archive)
/root/edk2/Build/OvmfX64/RELEASE_GCC5/X64/MdePkg/Library/BaseLib/BaseLib/OUTPUT/BaseLib.lib(X86DisablePaging64.obj)
                              (--whole-archive)
/root/edk2/Build/OvmfX64/RELEASE_GCC5/X64/MdePkg/Library/BaseLib/BaseLib/OUTPUT/BaseLib.lib(X86DisablePaging32.obj)
                              (--whole-archive)
/root/edk2/Build/OvmfX64/RELEASE_GCC5/X64/MdePkg/Library/BaseLib/BaseLib/OUTPUT/BaseLib.lib(X86RdRand.obj)
                              (--whole-archive)
/root/edk2/Build/OvmfX64/RELEASE_GCC5/X64/MdePkg/Library/BaseLib/BaseLib/OUTPUT/BaseLib.lib(GccInline.obj)
                              (--whole-archive)
/root/edk2/Build/OvmfX64/RELEASE_GCC5/X64/MdePkg/Library/BaseLib/BaseLib/OUTPUT/BaseLib.lib(SwitchStack.obj)
                              (--whole-archive)
/root/edk2/Build/OvmfX64/RELEASE_GCC5/X64/MdePkg/Library/BaseLib/BaseLib/OUTPUT/BaseLib.lib(SetJump.obj)
                              (--whole-archive)
/root/edk2/Build/OvmfX64/RELEASE_GCC5/X64/MdePkg/Library/BaseLib/BaseLib/OUTPUT/BaseLib.lib(LongJump.obj)
                              (--whole-archive)
/root/edk2/Build/OvmfX64/RELEASE_GCC5/X64/MdePkg/Library/BaseLib/BaseLib/OUTPUT/BaseLib.lib(EnableDisableInterrupts.obj)
                              (--whole-archive)
/root/edk2/Build/OvmfX64/RELEASE_GCC5/X64/MdePkg/Library/BaseLib/BaseLib/OUTPUT/BaseLib.lib(DisablePaging64.obj)
                              (--whole-archive)
/root/edk2/Build/OvmfX64/RELEASE_GCC5/X64/MdePkg/Library/BaseLib/BaseLib/OUTPUT/BaseLib.lib(CpuId.obj)
                              (--whole-archive)
/root/edk2/Build/OvmfX64/RELEASE_GCC5/X64/MdePkg/Library/BaseLib/BaseLib/OUTPUT/BaseLib.lib(CpuIdEx.obj)
                              (--whole-archive)
/root/edk2/Build/OvmfX64/RELEASE_GCC5/X64/MdePkg/Library/BaseLib/BaseLib/OUTPUT/BaseLib.lib(EnableCache.obj)
                              (--whole-archive)
/root/edk2/Build/OvmfX64/RELEASE_GCC5/X64/MdePkg/Library/BaseLib/BaseLib/OUTPUT/BaseLib.lib(DisableCache.obj)
                              (--whole-archive)
/root/edk2/Build/OvmfX64/RELEASE_GCC5/X64/MdePkg/Library/BaseLib/BaseLib/OUTPUT/BaseLib.lib(RdRand.obj)
                              (--whole-archive)
/root/edk2/Build/OvmfX64/RELEASE_GCC5/X64/MdePkg/Library/BaseLib/BaseLib/OUTPUT/BaseLib.lib(ChkStkGcc.obj)
                              (--whole-archive)
/root/edk2/Build/OvmfX64/RELEASE_GCC5/X64/MdePkg/Library/BaseMemoryLibRepStr/BaseMemoryLibRepStr/OUTPUT/BaseMemoryLibRepStr.lib(ScanMem64Wrapper.obj)
                              (--whole-archive)
/root/edk2/Build/OvmfX64/RELEASE_GCC5/X64/MdePkg/Library/BaseMemoryLibRepStr/BaseMemoryLibRepStr/OUTPUT/BaseMemoryLibRepStr.lib(ScanMem32Wrapper.obj)
                              (--whole-archive)
/root/edk2/Build/OvmfX64/RELEASE_GCC5/X64/MdePkg/Library/BaseMemoryLibRepStr/BaseMemoryLibRepStr/OUTPUT/BaseMemoryLibRepStr.lib(ScanMem16Wrapper.obj)
                              (--whole-archive)
/root/edk2/Build/OvmfX64/RELEASE_GCC5/X64/MdePkg/Library/BaseMemoryLibRepStr/BaseMemoryLibRepStr/OUTPUT/BaseMemoryLibRepStr.lib(ScanMem8Wrapper.obj)
                              (--whole-archive)
/root/edk2/Build/OvmfX64/RELEASE_GCC5/X64/MdePkg/Library/BaseMemoryLibRepStr/BaseMemoryLibRepStr/OUTPUT/BaseMemoryLibRepStr.lib(ZeroMemWrapper.obj)
                              (--whole-archive)
/root/edk2/Build/OvmfX64/RELEASE_GCC5/X64/MdePkg/Library/BaseMemoryLibRepStr/BaseMemoryLibRepStr/OUTPUT/BaseMemoryLibRepStr.lib(CompareMemWrapper.obj)
                              (--whole-archive)
/root/edk2/Build/OvmfX64/RELEASE_GCC5/X64/MdePkg/Library/BaseMemoryLibRepStr/BaseMemoryLibRepStr/OUTPUT/BaseMemoryLibRepStr.lib(SetMem64Wrapper.obj)
                              (--whole-archive)
/root/edk2/Build/OvmfX64/RELEASE_GCC5/X64/MdePkg/Library/BaseMemoryLibRepStr/BaseMemoryLibRepStr/OUTPUT/BaseMemoryLibRepStr.lib(SetMem32Wrapper.obj)
                              (--whole-archive)
/root/edk2/Build/OvmfX64/RELEASE_GCC5/X64/MdePkg/Library/BaseMemoryLibRepStr/BaseMemoryLibRepStr/OUTPUT/BaseMemoryLibRepStr.lib(SetMem16Wrapper.obj)
                              (--whole-archive)
/root/edk2/Build/OvmfX64/RELEASE_GCC5/X64/MdePkg/Library/BaseMemoryLibRepStr/BaseMemoryLibRepStr/OUTPUT/BaseMemoryLibRepStr.lib(SetMemWrapper.obj)
                              (--whole-archive)
/root/edk2/Build/OvmfX64/RELEASE_GCC5/X64/MdePkg/Library/BaseMemoryLibRepStr/BaseMemoryLibRepStr/OUTPUT/BaseMemoryLibRepStr.lib(CopyMemWrapper.obj)
                              (--whole-archive)
/root/edk2/Build/OvmfX64/RELEASE_GCC5/X64/MdePkg/Library/BaseMemoryLibRepStr/BaseMemoryLibRepStr/OUTPUT/BaseMemoryLibRepStr.lib(IsZeroBufferWrapper.obj)
                              (--whole-archive)
/root/edk2/Build/OvmfX64/RELEASE_GCC5/X64/MdePkg/Library/BaseMemoryLibRepStr/BaseMemoryLibRepStr/OUTPUT/BaseMemoryLibRepStr.lib(MemLibGuid.obj)
                              (--whole-archive)
/root/edk2/Build/OvmfX64/RELEASE_GCC5/X64/MdePkg/Library/BaseMemoryLibRepStr/BaseMemoryLibRepStr/OUTPUT/BaseMemoryLibRepStr.lib(ScanMem64.obj)
                              (--whole-archive)
/root/edk2/Build/OvmfX64/RELEASE_GCC5/X64/MdePkg/Library/BaseMemoryLibRepStr/BaseMemoryLibRepStr/OUTPUT/BaseMemoryLibRepStr.lib(ScanMem32.obj)
                              (--whole-archive)
/root/edk2/Build/OvmfX64/RELEASE_GCC5/X64/MdePkg/Library/BaseMemoryLibRepStr/BaseMemoryLibRepStr/OUTPUT/BaseMemoryLibRepStr.lib(ScanMem16.obj)
                              (--whole-archive)
/root/edk2/Build/OvmfX64/RELEASE_GCC5/X64/MdePkg/Library/BaseMemoryLibRepStr/BaseMemoryLibRepStr/OUTPUT/BaseMemoryLibRepStr.lib(ScanMem8.obj)
                              (--whole-archive)
/root/edk2/Build/OvmfX64/RELEASE_GCC5/X64/MdePkg/Library/BaseMemoryLibRepStr/BaseMemoryLibRepStr/OUTPUT/BaseMemoryLibRepStr.lib(CompareMem.obj)
                              (--whole-archive)
/root/edk2/Build/OvmfX64/RELEASE_GCC5/X64/MdePkg/Library/BaseMemoryLibRepStr/BaseMemoryLibRepStr/OUTPUT/BaseMemoryLibRepStr.lib(ZeroMem.obj)
                              (--whole-archive)
/root/edk2/Build/OvmfX64/RELEASE_GCC5/X64/MdePkg/Library/BaseMemoryLibRepStr/BaseMemoryLibRepStr/OUTPUT/BaseMemoryLibRepStr.lib(SetMem64.obj)
                              (--whole-archive)
/root/edk2/Build/OvmfX64/RELEASE_GCC5/X64/MdePkg/Library/BaseMemoryLibRepStr/BaseMemoryLibRepStr/OUTPUT/BaseMemoryLibRepStr.lib(SetMem32.obj)
                              (--whole-archive)
/root/edk2/Build/OvmfX64/RELEASE_GCC5/X64/MdePkg/Library/BaseMemoryLibRepStr/BaseMemoryLibRepStr/OUTPUT/BaseMemoryLibRepStr.lib(SetMem16.obj)
                              (--whole-archive)
/root/edk2/Build/OvmfX64/RELEASE_GCC5/X64/MdePkg/Library/BaseMemoryLibRepStr/BaseMemoryLibRepStr/OUTPUT/BaseMemoryLibRepStr.lib(SetMem.obj)
                              (--whole-archive)
/root/edk2/Build/OvmfX64/RELEASE_GCC5/X64/MdePkg/Library/BaseMemoryLibRepStr/BaseMemoryLibRepStr/OUTPUT/BaseMemoryLibRepStr.lib(CopyMem.obj)
                              (--whole-archive)
/root/edk2/Build/OvmfX64/RELEASE_GCC5/X64/MdePkg/Library/BaseMemoryLibRepStr/BaseMemoryLibRepStr/OUTPUT/BaseMemoryLibRepStr.lib(IsZeroBuffer.obj)
                              (--whole-archive)
/root/edk2/Build/OvmfX64/RELEASE_GCC5/X64/MdePkg/Library/BaseDebugPrintErrorLevelLib/BaseDebugPrintErrorLevelLib/OUTPUT/BaseDebugPrintErrorLevelLib.lib(BaseDebugPrintErrorLevelLib.obj)
                              (--whole-archive)
/root/edk2/Build/OvmfX64/RELEASE_GCC5/X64/MdePkg/Library/BasePrintLib/BasePrintLib/OUTPUT/BasePrintLib.lib(PrintLibInternal.obj)
                              (--whole-archive)
/root/edk2/Build/OvmfX64/RELEASE_GCC5/X64/MdePkg/Library/BasePrintLib/BasePrintLib/OUTPUT/BasePrintLib.lib(PrintLib.obj)
                              (--whole-archive)
/root/edk2/Build/OvmfX64/RELEASE_GCC5/X64/MdePkg/Library/BaseIoLibIntrinsic/BaseIoLibIntrinsicSev/OUTPUT/BaseIoLibIntrinsicSev.lib(IoLibMmioBuffer.obj)
                              (--whole-archive)
/root/edk2/Build/OvmfX64/RELEASE_GCC5/X64/MdePkg/Library/BaseIoLibIntrinsic/BaseIoLibIntrinsicSev/OUTPUT/BaseIoLibIntrinsicSev.lib(IoHighLevel.obj)
                              (--whole-archive)
/root/edk2/Build/OvmfX64/RELEASE_GCC5/X64/MdePkg/Library/BaseIoLibIntrinsic/BaseIoLibIntrinsicSev/OUTPUT/BaseIoLibIntrinsicSev.lib(IoLibGcc.obj)
                              (--whole-archive)
/root/edk2/Build/OvmfX64/RELEASE_GCC5/X64/MdePkg/Library/BaseIoLibIntrinsic/BaseIoLibIntrinsicSev/OUTPUT/BaseIoLibIntrinsicSev.lib(IoLib.obj)
                              (--whole-archive)
/root/edk2/Build/OvmfX64/RELEASE_GCC5/X64/MdePkg/Library/BaseIoLibIntrinsic/BaseIoLibIntrinsicSev/OUTPUT/BaseIoLibIntrinsicSev.lib(IoFifoSev.obj)
                              (--whole-archive)
/root/edk2/Build/OvmfX64/RELEASE_GCC5/X64/OvmfPkg/Library/PlatformDebugLibIoPort/PlatformDebugLibIoPort/OUTPUT/PlatformDebugLibIoPort.lib(DebugLib.obj)
                              (--whole-archive)
/root/edk2/Build/OvmfX64/RELEASE_GCC5/X64/OvmfPkg/Library/PlatformDebugLibIoPort/PlatformDebugLibIoPort/OUTPUT/PlatformDebugLibIoPort.lib(DebugLibDetect.obj)
                              (--whole-archive)
/root/edk2/Build/OvmfX64/RELEASE_GCC5/X64/MdePkg/Library/UefiBootServicesTableLib/UefiBootServicesTableLib/OUTPUT/UefiBootServicesTableLib.lib(UefiBootServicesTableLib.obj)
                              (--whole-archive)
/root/edk2/Build/OvmfX64/RELEASE_GCC5/X64/MdePkg/Library/UefiMemoryAllocationLib/UefiMemoryAllocationLib/OUTPUT/UefiMemoryAllocationLib.lib(MemoryAllocationLib.obj)
                              (--whole-archive)
/root/edk2/Build/OvmfX64/RELEASE_GCC5/X64/MdePkg/Library/UefiDriverEntryPoint/UefiDriverEntryPoint/OUTPUT/UefiDriverEntryPoint.lib(DriverEntryPoint.obj)
                              (--whole-archive)
/root/edk2/Build/OvmfX64/RELEASE_GCC5/X64/MdeModulePkg/Universal/EbcDxe/EbcDxe/OUTPUT/EbcDxe.lib(EbcDebuggerHook.obj)
                              (--whole-archive)
/root/edk2/Build/OvmfX64/RELEASE_GCC5/X64/MdeModulePkg/Universal/EbcDxe/EbcDxe/OUTPUT/EbcDxe.lib(EbcExecute.obj)
                              (--whole-archive)
/root/edk2/Build/OvmfX64/RELEASE_GCC5/X64/MdeModulePkg/Universal/EbcDxe/EbcDxe/OUTPUT/EbcDxe.lib(EbcInt.obj)
                              (--whole-archive)
/root/edk2/Build/OvmfX64/RELEASE_GCC5/X64/MdeModulePkg/Universal/EbcDxe/EbcDxe/OUTPUT/EbcDxe.lib(EbcSupport.obj)
                              (--whole-archive)
/root/edk2/Build/OvmfX64/RELEASE_GCC5/X64/MdeModulePkg/Universal/EbcDxe/EbcDxe/OUTPUT/EbcDxe.lib(EbcLowLevel.obj)
                              (--whole-archive)
/root/edk2/Build/OvmfX64/RELEASE_GCC5/X64/MdeModulePkg/Universal/EbcDxe/EbcDxe/OUTPUT/EbcDxe.lib(AutoGen.obj)
                              (--whole-archive)

Discarded input sections

 .text          0x0000000000000000        0x0 /tmp/cca40awp.ltrans0.ltrans.o
 .data          0x0000000000000000        0x0 /tmp/cca40awp.ltrans0.ltrans.o
 .bss           0x0000000000000000        0x0 /tmp/cca40awp.ltrans0.ltrans.o
 .text.unlikely.ExecuteMULU
                0x0000000000000000        0x0 /tmp/cca40awp.ltrans0.ltrans.o
 .text.unlikely.ExecuteMUL
                0x0000000000000000        0x0 /tmp/cca40awp.ltrans0.ltrans.o
 .text.unlikely.ExecuteSUB
                0x0000000000000000        0x0 /tmp/cca40awp.ltrans0.ltrans.o
 .text.unlikely.ExecuteADD
                0x0000000000000000        0x0 /tmp/cca40awp.ltrans0.ltrans.o
 .text.unlikely.ExecuteNEG
                0x0000000000000000        0x0 /tmp/cca40awp.ltrans0.ltrans.o
 .text.unlikely.ExecuteNOT
                0x0000000000000000        0x0 /tmp/cca40awp.ltrans0.ltrans.o
 .text.unlikely.ExecuteJMP8
                0x0000000000000000        0x0 /tmp/cca40awp.ltrans0.ltrans.o
 .text.unlikely.ExecuteCMPI
                0x0000000000000000        0x0 /tmp/cca40awp.ltrans0.ltrans.o
 .text.unlikely.ExecuteCMP
                0x0000000000000000        0x0 /tmp/cca40awp.ltrans0.ltrans.o
 .text.unlikely.ExecuteRET
                0x0000000000000000        0x0 /tmp/cca40awp.ltrans0.ltrans.o
 .text.unlikely.ExecutePOPn
                0x0000000000000000        0x0 /tmp/cca40awp.ltrans0.ltrans.o
 .text.unlikely.ExecutePUSHn
                0x0000000000000000        0x0 /tmp/cca40awp.ltrans0.ltrans.o
 .text.unlikely.ExecuteMOVsnw
                0x0000000000000000        0x0 /tmp/cca40awp.ltrans0.ltrans.o
 .text.unlikely.ExecuteMOVsnd
                0x0000000000000000        0x0 /tmp/cca40awp.ltrans0.ltrans.o
 .text.unlikely.ExecuteCALL
                0x0000000000000000        0x0 /tmp/cca40awp.ltrans0.ltrans.o
 .text.unlikely.ExecuteMOVREL
                0x0000000000000000        0x0 /tmp/cca40awp.ltrans0.ltrans.o
 .text.unlikely.ExecuteJMP
                0x0000000000000000        0x0 /tmp/cca40awp.ltrans0.ltrans.o
 .text.unlikely.ExecutePOP
                0x0000000000000000        0x0 /tmp/cca40awp.ltrans0.ltrans.o
 .text.unlikely.ExecutePUSH
                0x0000000000000000        0x0 /tmp/cca40awp.ltrans0.ltrans.o
 .text.unlikely.ExecuteMOVI
                0x0000000000000000        0x0 /tmp/cca40awp.ltrans0.ltrans.o
 .text.unlikely.ExecuteMOVIn
                0x0000000000000000        0x0 /tmp/cca40awp.ltrans0.ltrans.o
 .comment       0x0000000000000000       0x36 /tmp/cca40awp.ltrans0.ltrans.o
 .note.GNU-stack
                0x0000000000000000        0x0 /tmp/cca40awp.ltrans0.ltrans.o
 .text          0x0000000000000000        0x0 /tmp/cca40awp.ltrans1.ltrans.o
 .data          0x0000000000000000        0x0 /tmp/cca40awp.ltrans1.ltrans.o
 .bss           0x0000000000000000        0x0 /tmp/cca40awp.ltrans1.ltrans.o
 .text.unlikely.ExecuteEXTNDD
                0x0000000000000000        0x0 /tmp/cca40awp.ltrans1.ltrans.o
 .text.unlikely.ExecuteEXTNDW
                0x0000000000000000        0x0 /tmp/cca40awp.ltrans1.ltrans.o
 .text.unlikely.ExecuteEXTNDB
                0x0000000000000000        0x0 /tmp/cca40awp.ltrans1.ltrans.o
 .text.unlikely.ExecuteASHR
                0x0000000000000000        0x0 /tmp/cca40awp.ltrans1.ltrans.o
 .text.unlikely.ExecuteSHR
                0x0000000000000000        0x0 /tmp/cca40awp.ltrans1.ltrans.o
 .text.unlikely.ExecuteSHL
                0x0000000000000000        0x0 /tmp/cca40awp.ltrans1.ltrans.o
 .text.unlikely.ExecuteXOR
                0x0000000000000000        0x0 /tmp/cca40awp.ltrans1.ltrans.o
 .text.unlikely.ExecuteOR
                0x0000000000000000        0x0 /tmp/cca40awp.ltrans1.ltrans.o
 .text.unlikely.ExecuteAND
                0x0000000000000000        0x0 /tmp/cca40awp.ltrans1.ltrans.o
 .text.unlikely.ExecuteSTORESP
                0x0000000000000000        0x0 /tmp/cca40awp.ltrans1.ltrans.o
 .text.unlikely.ExecuteLOADSP
                0x0000000000000000        0x0 /tmp/cca40awp.ltrans1.ltrans.o
 .text.unlikely.ExecuteMODU
                0x0000000000000000        0x0 /tmp/cca40awp.ltrans1.ltrans.o
 .text.unlikely.ExecuteMOD
                0x0000000000000000        0x0 /tmp/cca40awp.ltrans1.ltrans.o
 .text.unlikely.ExecuteDIVU
                0x0000000000000000        0x0 /tmp/cca40awp.ltrans1.ltrans.o
 .text.unlikely.ExecuteDIV
                0x0000000000000000        0x0 /tmp/cca40awp.ltrans1.ltrans.o
 .text.unlikely.VmReadCode16
                0x0000000000000000        0x0 /tmp/cca40awp.ltrans1.ltrans.o
 .text.unlikely.VmReadImmed64
                0x0000000000000000        0x0 /tmp/cca40awp.ltrans1.ltrans.o
 .text.unlikely.VmReadImmed32
                0x0000000000000000        0x0 /tmp/cca40awp.ltrans1.ltrans.o
 .text.unlikely.VmReadImmed16
                0x0000000000000000        0x0 /tmp/cca40awp.ltrans1.ltrans.o
 .text.unlikely.VmWriteMem32
                0x0000000000000000        0x0 /tmp/cca40awp.ltrans1.ltrans.o
 .text.unlikely.VmWriteMemN
                0x0000000000000000        0x0 /tmp/cca40awp.ltrans1.ltrans.o
 .text.unlikely.VmWriteMem64
                0x0000000000000000        0x0 /tmp/cca40awp.ltrans1.ltrans.o
 .text.unlikely.VmReadIndex64
                0x0000000000000000        0x0 /tmp/cca40awp.ltrans1.ltrans.o
 .text.unlikely.VmReadIndex32
                0x0000000000000000        0x0 /tmp/cca40awp.ltrans1.ltrans.o
 .text.unlikely.VmReadIndex16
                0x0000000000000000        0x0 /tmp/cca40awp.ltrans1.ltrans.o
 .text.unlikely.ExecuteDataManip
                0x0000000000000000        0x0 /tmp/cca40awp.ltrans1.ltrans.o
 .text.unlikely.ExecuteUnsignedDataManip
                0x0000000000000000        0x0 /tmp/cca40awp.ltrans1.ltrans.o
 .text.unlikely.ExecuteSignedDataManip
                0x0000000000000000        0x0 /tmp/cca40awp.ltrans1.ltrans.o
 .comment       0x0000000000000000       0x36 /tmp/cca40awp.ltrans1.ltrans.o
 .note.GNU-stack
                0x0000000000000000        0x0 /tmp/cca40awp.ltrans1.ltrans.o
 .text          0x0000000000000000        0x0 /tmp/cca40awp.ltrans2.ltrans.o
 .data          0x0000000000000000        0x0 /tmp/cca40awp.ltrans2.ltrans.o
 .bss           0x0000000000000000        0x0 /tmp/cca40awp.ltrans2.ltrans.o
 .text.unlikely._DriverUnloadHandler
                0x0000000000000000        0x0 /tmp/cca40awp.ltrans2.ltrans.o
 .text._DriverUnloadHandler
                0x0000000000000000        0x3 /tmp/cca40awp.ltrans2.ltrans.o
 .text.unlikely.EbcExecuteInstructions
                0x0000000000000000        0x0 /tmp/cca40awp.ltrans2.ltrans.o
 .text.unlikely.ExecuteBREAK
                0x0000000000000000        0x0 /tmp/cca40awp.ltrans2.ltrans.o
 .text.unlikely.ExecuteMOVxx
                0x0000000000000000        0x0 /tmp/cca40awp.ltrans2.ltrans.o
 .text.unlikely.EbcExecute
                0x0000000000000000        0x0 /tmp/cca40awp.ltrans2.ltrans.o
 .text.unlikely.FreePool
                0x0000000000000000        0x0 /tmp/cca40awp.ltrans2.ltrans.o
 .text.unlikely._ModuleEntryPoint
                0x0000000000000000        0x0 /tmp/cca40awp.ltrans2.ltrans.o
 .text.unlikely.CopyMem
                0x0000000000000000        0x0 /tmp/cca40awp.ltrans2.ltrans.o
 .text.unlikely.InternalAssertJumpBuffer
                0x0000000000000000        0x0 /tmp/cca40awp.ltrans2.ltrans.o
 .text.InternalAssertJumpBuffer
                0x0000000000000000        0x1 /tmp/cca40awp.ltrans2.ltrans.o
 .comment       0x0000000000000000       0x36 /tmp/cca40awp.ltrans2.ltrans.o
 .note.GNU-stack
                0x0000000000000000        0x0 /tmp/cca40awp.ltrans2.ltrans.o
 .text          0x0000000000000000        0x0 /tmp/cca40awp.ltrans3.ltrans.o
 .data          0x0000000000000000        0x0 /tmp/cca40awp.ltrans3.ltrans.o
 .bss           0x0000000000000000        0x0 /tmp/cca40awp.ltrans3.ltrans.o
 .text.unlikely.EbcVmTestUnsupported
                0x0000000000000000        0x0 /tmp/cca40awp.ltrans3.ltrans.o
 .text.unlikely.GetEBCStack
                0x0000000000000000        0x0 /tmp/cca40awp.ltrans3.ltrans.o
 .text.unlikely.EbcGetVersion
                0x0000000000000000        0x0 /tmp/cca40awp.ltrans3.ltrans.o
 .text.unlikely.EbcRegisterICacheFlush
                0x0000000000000000        0x0 /tmp/cca40awp.ltrans3.ltrans.o
 .text.unlikely.EbcPeriodicNotifyFunction
                0x0000000000000000        0x0 /tmp/cca40awp.ltrans3.ltrans.o
 .text.unlikely.CommonEbcExceptionHandler
                0x0000000000000000        0x0 /tmp/cca40awp.ltrans3.ltrans.o
 .text.unlikely.EbcDebugInvalidateInstructionCache
                0x0000000000000000        0x0 /tmp/cca40awp.ltrans3.ltrans.o
 .text.unlikely.EbcDebugRegisterExceptionCallback
                0x0000000000000000        0x0 /tmp/cca40awp.ltrans3.ltrans.o
 .text.unlikely.EbcDebugRegisterPeriodicCallback
                0x0000000000000000        0x0 /tmp/cca40awp.ltrans3.ltrans.o
 .text.unlikely.EbcDebugGetMaximumProcessorIndex
                0x0000000000000000        0x0 /tmp/cca40awp.ltrans3.ltrans.o
 .text.unlikely.EbcUnloadImage
                0x0000000000000000        0x0 /tmp/cca40awp.ltrans3.ltrans.o
 .text.unlikely.InternalAllocatePool.constprop.2
                0x0000000000000000        0x0 /tmp/cca40awp.ltrans3.ltrans.o
 .text.unlikely.ExecuteEbcImageEntryPoint
                0x0000000000000000        0x0 /tmp/cca40awp.ltrans3.ltrans.o
 .text.unlikely.EbcInterpret
                0x0000000000000000        0x0 /tmp/cca40awp.ltrans3.ltrans.o
 .text.unlikely.EbcDebugSignalException
                0x0000000000000000        0x0 /tmp/cca40awp.ltrans3.ltrans.o
 .text.unlikely.VmReadMemN
                0x0000000000000000        0x0 /tmp/cca40awp.ltrans3.ltrans.o
 .text.unlikely.VmReadMem16
                0x0000000000000000        0x0 /tmp/cca40awp.ltrans3.ltrans.o
 .text.unlikely.VmReadMem32
                0x0000000000000000        0x0 /tmp/cca40awp.ltrans3.ltrans.o
 .text.unlikely.VmReadMem64
                0x0000000000000000        0x0 /tmp/cca40awp.ltrans3.ltrans.o
 .text.unlikely.VmReadCode32
                0x0000000000000000        0x0 /tmp/cca40awp.ltrans3.ltrans.o
 .text.unlikely.EbcCreateThunks.part.0.lto_priv.5
                0x0000000000000000        0x0 /tmp/cca40awp.ltrans3.ltrans.o
 .text.unlikely.EbcCreateThunk
                0x0000000000000000        0x0 /tmp/cca40awp.ltrans3.ltrans.o
 .text.unlikely.EbcLLCALLEX
                0x0000000000000000        0x0 /tmp/cca40awp.ltrans3.ltrans.o
 .comment       0x0000000000000000       0x36 /tmp/cca40awp.ltrans3.ltrans.o
 .note.GNU-stack
                0x0000000000000000        0x0 /tmp/cca40awp.ltrans3.ltrans.o
 .text          0x0000000000000000        0x0 DxePcdLib.obj (symbol from plugin)
 .text          0x0000000000000000        0x0 CheckSum.obj (symbol from plugin)
 .text          0x0000000000000000        0x0 SwitchStack.obj (symbol from plugin)
 .text          0x0000000000000000        0x0 SwapBytes64.obj (symbol from plugin)
 .text          0x0000000000000000        0x0 SwapBytes32.obj (symbol from plugin)
 .text          0x0000000000000000        0x0 SwapBytes16.obj (symbol from plugin)
 .text          0x0000000000000000        0x0 LongJump.obj (symbol from plugin)
 .text          0x0000000000000000        0x0 SetJump.obj (symbol from plugin)
 .text          0x0000000000000000        0x0 RShiftU64.obj (symbol from plugin)
 .text          0x0000000000000000        0x0 RRotU64.obj (symbol from plugin)
 .text          0x0000000000000000        0x0 RRotU32.obj (symbol from plugin)
 .text          0x0000000000000000        0x0 MultU64x64.obj (symbol from plugin)
 .text          0x0000000000000000        0x0 MultU64x32.obj (symbol from plugin)
 .text          0x0000000000000000        0x0 MultS64x64.obj (symbol from plugin)
 .text          0x0000000000000000        0x0 ModU64x32.obj (symbol from plugin)
 .text          0x0000000000000000        0x0 LShiftU64.obj (symbol from plugin)
 .text          0x0000000000000000        0x0 LRotU64.obj (symbol from plugin)
 .text          0x0000000000000000        0x0 LRotU32.obj (symbol from plugin)
 .text          0x0000000000000000        0x0 LowBitSet64.obj (symbol from plugin)
 .text          0x0000000000000000        0x0 LowBitSet32.obj (symbol from plugin)
 .text          0x0000000000000000        0x0 HighBitSet64.obj (symbol from plugin)
 .text          0x0000000000000000        0x0 HighBitSet32.obj (symbol from plugin)
 .text          0x0000000000000000        0x0 GetPowerOfTwo64.obj (symbol from plugin)
 .text          0x0000000000000000        0x0 GetPowerOfTwo32.obj (symbol from plugin)
 .text          0x0000000000000000        0x0 DivU64x64Remainder.obj (symbol from plugin)
 .text          0x0000000000000000        0x0 DivU64x32Remainder.obj (symbol from plugin)
 .text          0x0000000000000000        0x0 DivU64x32.obj (symbol from plugin)
 .text          0x0000000000000000        0x0 DivS64x64Remainder.obj (symbol from plugin)
 .text          0x0000000000000000        0x0 ARShiftU64.obj (symbol from plugin)
 .text          0x0000000000000000        0x0 BitField.obj (symbol from plugin)
 .text          0x0000000000000000        0x0 CpuDeadLoop.obj (symbol from plugin)
 .text          0x0000000000000000        0x0 Cpu.obj (symbol from plugin)
 .text          0x0000000000000000        0x0 LinkedList.obj (symbol from plugin)
 .text          0x0000000000000000        0x0 SafeString.obj (symbol from plugin)
 .text          0x0000000000000000        0x0 String.obj (symbol from plugin)
 .text          0x0000000000000000        0x0 FilePaths.obj (symbol from plugin)
 .text          0x0000000000000000      0x204 /root/edk2/Build/OvmfX64/RELEASE_GCC5/X64/MdePkg/Library/BaseLib/BaseLib/OUTPUT/BaseLib.lib(Thunk16.obj)
 .data          0x0000000000000000        0xa /root/edk2/Build/OvmfX64/RELEASE_GCC5/X64/MdePkg/Library/BaseLib/BaseLib/OUTPUT/BaseLib.lib(Thunk16.obj)
 .text          0x0000000000000000        0x6 /root/edk2/Build/OvmfX64/RELEASE_GCC5/X64/MdePkg/Library/BaseLib/BaseLib/OUTPUT/BaseLib.lib(WriteTr.obj)
 .text          0x0000000000000000        0x0 Non-existing.obj (symbol from plugin)
 .text          0x0000000000000000        0x0 Math64.obj (symbol from plugin)
 .text          0x0000000000000000        0x0 Unaligned.obj (symbol from plugin)
 .text          0x0000000000000000        0x0 X86WriteIdtr.obj (symbol from plugin)
 .text          0x0000000000000000        0x0 X86WriteGdtr.obj (symbol from plugin)
 .text          0x0000000000000000        0x0 X86Thunk.obj (symbol from plugin)
 .text          0x0000000000000000        0x0 X86ReadIdtr.obj (symbol from plugin)
 .text          0x0000000000000000        0x0 X86ReadGdtr.obj (symbol from plugin)
 .text          0x0000000000000000        0x0 X86Msr.obj (symbol from plugin)
 .text          0x0000000000000000        0x0 X86GetInterruptState.obj (symbol from plugin)
 .text          0x0000000000000000        0x0 X86FxSave.obj (symbol from plugin)
 .text          0x0000000000000000        0x0 X86FxRestore.obj (symbol from plugin)
 .text          0x0000000000000000        0x0 X86EnablePaging64.obj (symbol from plugin)
 .text          0x0000000000000000        0x0 X86EnablePaging32.obj (symbol from plugin)
 .text          0x0000000000000000        0x0 X86DisablePaging64.obj (symbol from plugin)
 .text          0x0000000000000000        0x0 X86DisablePaging32.obj (symbol from plugin)
 .text          0x0000000000000000        0x0 X86RdRand.obj (symbol from plugin)
 .text          0x0000000000000000        0x0 GccInline.obj (symbol from plugin)
 .text          0x0000000000000000        0xf /root/edk2/Build/OvmfX64/RELEASE_GCC5/X64/MdePkg/Library/BaseLib/BaseLib/OUTPUT/BaseLib.lib(SwitchStack.obj)
 .text          0x0000000000000000       0x8f /root/edk2/Build/OvmfX64/RELEASE_GCC5/X64/MdePkg/Library/BaseLib/BaseLib/OUTPUT/BaseLib.lib(SetJump.obj)
 .text          0x0000000000000000       0x7c /root/edk2/Build/OvmfX64/RELEASE_GCC5/X64/MdePkg/Library/BaseLib/BaseLib/OUTPUT/BaseLib.lib(LongJump.obj)
 .text          0x0000000000000000        0x3 /root/edk2/Build/OvmfX64/RELEASE_GCC5/X64/MdePkg/Library/BaseLib/BaseLib/OUTPUT/BaseLib.lib(EnableDisableInterrupts.obj)
 .text          0x0000000000000000       0x61 /root/edk2/Build/OvmfX64/RELEASE_GCC5/X64/MdePkg/Library/BaseLib/BaseLib/OUTPUT/BaseLib.lib(DisablePaging64.obj)
 .text          0x0000000000000000       0x27 /root/edk2/Build/OvmfX64/RELEASE_GCC5/X64/MdePkg/Library/BaseLib/BaseLib/OUTPUT/BaseLib.lib(CpuId.obj)
 .text          0x0000000000000000       0x2f /root/edk2/Build/OvmfX64/RELEASE_GCC5/X64/MdePkg/Library/BaseLib/BaseLib/OUTPUT/BaseLib.lib(CpuIdEx.obj)
 .text          0x0000000000000000       0x13 /root/edk2/Build/OvmfX64/RELEASE_GCC5/X64/MdePkg/Library/BaseLib/BaseLib/OUTPUT/BaseLib.lib(EnableCache.obj)
 .text          0x0000000000000000       0x13 /root/edk2/Build/OvmfX64/RELEASE_GCC5/X64/MdePkg/Library/BaseLib/BaseLib/OUTPUT/BaseLib.lib(DisableCache.obj)
 .text          0x0000000000000000       0x36 /root/edk2/Build/OvmfX64/RELEASE_GCC5/X64/MdePkg/Library/BaseLib/BaseLib/OUTPUT/BaseLib.lib(RdRand.obj)
 .text          0x0000000000000000        0x0 ChkStkGcc.obj (symbol from plugin)
 .text          0x0000000000000000        0x0 ScanMem64Wrapper.obj (symbol from plugin)
 .text          0x0000000000000000        0x0 ScanMem32Wrapper.obj (symbol from plugin)
 .text          0x0000000000000000        0x0 ScanMem16Wrapper.obj (symbol from plugin)
 .text          0x0000000000000000        0x0 ScanMem8Wrapper.obj (symbol from plugin)
 .text          0x0000000000000000        0x0 ZeroMemWrapper.obj (symbol from plugin)
 .text          0x0000000000000000        0x0 CompareMemWrapper.obj (symbol from plugin)
 .text          0x0000000000000000        0x0 SetMem64Wrapper.obj (symbol from plugin)
 .text          0x0000000000000000        0x0 SetMem32Wrapper.obj (symbol from plugin)
 .text          0x0000000000000000        0x0 SetMem16Wrapper.obj (symbol from plugin)
 .text          0x0000000000000000        0x0 SetMemWrapper.obj (symbol from plugin)
 .text          0x0000000000000000        0x0 CopyMemWrapper.obj (symbol from plugin)
 .text          0x0000000000000000        0x0 IsZeroBufferWrapper.obj (symbol from plugin)
 .text          0x0000000000000000        0x0 MemLibGuid.obj (symbol from plugin)
 .text          0x0000000000000000       0x17 /root/edk2/Build/OvmfX64/RELEASE_GCC5/X64/MdePkg/Library/BaseMemoryLibRepStr/BaseMemoryLibRepStr/OUTPUT/BaseMemoryLibRepStr.lib(ScanMem64.obj)
 .text          0x0000000000000000       0x16 /root/edk2/Build/OvmfX64/RELEASE_GCC5/X64/MdePkg/Library/BaseMemoryLibRepStr/BaseMemoryLibRepStr/OUTPUT/BaseMemoryLibRepStr.lib(ScanMem32.obj)
 .text          0x0000000000000000       0x17 /root/edk2/Build/OvmfX64/RELEASE_GCC5/X64/MdePkg/Library/BaseMemoryLibRepStr/BaseMemoryLibRepStr/OUTPUT/BaseMemoryLibRepStr.lib(ScanMem16.obj)
 .text          0x0000000000000000       0x16 /root/edk2/Build/OvmfX64/RELEASE_GCC5/X64/MdePkg/Library/BaseMemoryLibRepStr/BaseMemoryLibRepStr/OUTPUT/BaseMemoryLibRepStr.lib(ScanMem8.obj)
 .text          0x0000000000000000       0x12 /root/edk2/Build/OvmfX64/RELEASE_GCC5/X64/MdePkg/Library/BaseMemoryLibRepStr/BaseMemoryLibRepStr/OUTPUT/BaseMemoryLibRepStr.lib(SetMem64.obj)
 .text          0x0000000000000000       0x11 /root/edk2/Build/OvmfX64/RELEASE_GCC5/X64/MdePkg/Library/BaseMemoryLibRepStr/BaseMemoryLibRepStr/OUTPUT/BaseMemoryLibRepStr.lib(SetMem32.obj)
 .text          0x0000000000000000       0x12 /root/edk2/Build/OvmfX64/RELEASE_GCC5/X64/MdePkg/Library/BaseMemoryLibRepStr/BaseMemoryLibRepStr/OUTPUT/BaseMemoryLibRepStr.lib(SetMem16.obj)
 .text          0x0000000000000000       0x11 /root/edk2/Build/OvmfX64/RELEASE_GCC5/X64/MdePkg/Library/BaseMemoryLibRepStr/BaseMemoryLibRepStr/OUTPUT/BaseMemoryLibRepStr.lib(SetMem.obj)
 .text          0x0000000000000000       0x2a /root/edk2/Build/OvmfX64/RELEASE_GCC5/X64/MdePkg/Library/BaseMemoryLibRepStr/BaseMemoryLibRepStr/OUTPUT/BaseMemoryLibRepStr.lib(IsZeroBuffer.obj)
 .text          0x0000000000000000        0x0 BaseDebugPrintErrorLevelLib.obj (symbol from plugin)
 .text          0x0000000000000000        0x0 PrintLibInternal.obj (symbol from plugin)
 .text          0x0000000000000000        0x0 PrintLib.obj (symbol from plugin)
 .text          0x0000000000000000        0x0 IoLibMmioBuffer.obj (symbol from plugin)
 .text          0x0000000000000000        0x0 IoHighLevel.obj (symbol from plugin)
 .text          0x0000000000000000        0x0 IoLibGcc.obj (symbol from plugin)
 .text          0x0000000000000000        0x0 IoLib.obj (symbol from plugin)
 .text          0x0000000000000000      0x116 /root/edk2/Build/OvmfX64/RELEASE_GCC5/X64/MdePkg/Library/BaseIoLibIntrinsic/BaseIoLibIntrinsicSev/OUTPUT/BaseIoLibIntrinsicSev.lib(IoFifoSev.obj)
 .text          0x0000000000000000        0x0 DebugLib.obj (symbol from plugin)
 .text          0x0000000000000000        0x0 DebugLibDetect.obj (symbol from plugin)
 .text          0x0000000000000000        0x0 UefiBootServicesTableLib.obj (symbol from plugin)
 .text          0x0000000000000000        0x0 MemoryAllocationLib.obj (symbol from plugin)
 .text          0x0000000000000000        0x0 DriverEntryPoint.obj (symbol from plugin)
 .text          0x0000000000000000        0x0 EbcDebuggerHook.obj (symbol from plugin)
 .text          0x0000000000000000        0x0 EbcExecute.obj (symbol from plugin)
 .text          0x0000000000000000        0x0 EbcInt.obj (symbol from plugin)
 .text          0x0000000000000000        0x0 EbcSupport.obj (symbol from plugin)
 .text          0x0000000000000000        0x0 AutoGen.obj (symbol from plugin)

Memory Configuration

Name             Origin             Length             Attributes
*default*        0x0000000000000000 0xffffffffffffffff

Linker script and memory map

LOAD /tmp/cca40awp.ltrans0.ltrans.o
LOAD /tmp/cca40awp.ltrans1.ltrans.o
LOAD /tmp/cca40awp.ltrans2.ltrans.o
LOAD /tmp/cca40awp.ltrans3.ltrans.o
START GROUP
LOAD /root/edk2/Build/OvmfX64/RELEASE_GCC5/X64/MdePkg/Library/DxePcdLib/DxePcdLib/OUTPUT/DxePcdLib.lib
LOAD /root/edk2/Build/OvmfX64/RELEASE_GCC5/X64/MdePkg/Library/BaseLib/BaseLib/OUTPUT/BaseLib.lib
LOAD /root/edk2/Build/OvmfX64/RELEASE_GCC5/X64/MdePkg/Library/BaseMemoryLibRepStr/BaseMemoryLibRepStr/OUTPUT/BaseMemoryLibRepStr.lib
LOAD /root/edk2/Build/OvmfX64/RELEASE_GCC5/X64/MdePkg/Library/BaseDebugPrintErrorLevelLib/BaseDebugPrintErrorLevelLib/OUTPUT/BaseDebugPrintErrorLevelLib.lib
LOAD /root/edk2/Build/OvmfX64/RELEASE_GCC5/X64/MdePkg/Library/BasePrintLib/BasePrintLib/OUTPUT/BasePrintLib.lib
LOAD /root/edk2/Build/OvmfX64/RELEASE_GCC5/X64/MdePkg/Library/BaseIoLibIntrinsic/BaseIoLibIntrinsicSev/OUTPUT/BaseIoLibIntrinsicSev.lib
LOAD /root/edk2/Build/OvmfX64/RELEASE_GCC5/X64/OvmfPkg/Library/PlatformDebugLibIoPort/PlatformDebugLibIoPort/OUTPUT/PlatformDebugLibIoPort.lib
LOAD /root/edk2/Build/OvmfX64/RELEASE_GCC5/X64/MdePkg/Library/UefiBootServicesTableLib/UefiBootServicesTableLib/OUTPUT/UefiBootServicesTableLib.lib
LOAD /root/edk2/Build/OvmfX64/RELEASE_GCC5/X64/MdePkg/Library/UefiMemoryAllocationLib/UefiMemoryAllocationLib/OUTPUT/UefiMemoryAllocationLib.lib
LOAD /root/edk2/Build/OvmfX64/RELEASE_GCC5/X64/MdePkg/Library/UefiDriverEntryPoint/UefiDriverEntryPoint/OUTPUT/UefiDriverEntryPoint.lib
LOAD /root/edk2/Build/OvmfX64/RELEASE_GCC5/X64/MdeModulePkg/Universal/EbcDxe/EbcDxe/OUTPUT/EbcDxe.lib
END GROUP
                0x0000000000000228                PECOFF_HEADER_SIZE = 0x228
                0x0000000000000228                . = PECOFF_HEADER_SIZE

.text           0x0000000000000240     0x2a00
 *(.text .text.* .stub .gnu.linkonce.t.*)
 .text.ExecuteMULU
                0x0000000000000240       0x15 /tmp/cca40awp.ltrans0.ltrans.o
                0x0000000000000240                ExecuteMULU
 .text.ExecuteMUL
                0x0000000000000255       0x19 /tmp/cca40awp.ltrans0.ltrans.o
                0x0000000000000255                ExecuteMUL
 .text.ExecuteSUB
                0x000000000000026e       0x16 /tmp/cca40awp.ltrans0.ltrans.o
                0x000000000000026e                ExecuteSUB
 .text.ExecuteADD
                0x0000000000000284        0x5 /tmp/cca40awp.ltrans0.ltrans.o
                0x0000000000000284                ExecuteADD
 .text.ExecuteNEG
                0x0000000000000289        0x7 /tmp/cca40awp.ltrans0.ltrans.o
                0x0000000000000289                ExecuteNEG
 .text.ExecuteNOT
                0x0000000000000290        0x7 /tmp/cca40awp.ltrans0.ltrans.o
                0x0000000000000290                ExecuteNOT
 .text.ExecuteJMP8
                0x0000000000000297       0x32 /tmp/cca40awp.ltrans0.ltrans.o
                0x0000000000000297                ExecuteJMP8
 .text.ExecuteCMPI
                0x00000000000002c9      0x17c /tmp/cca40awp.ltrans0.ltrans.o
                0x00000000000002c9                ExecuteCMPI
 .text.ExecuteCMP
                0x0000000000000445      0x119 /tmp/cca40awp.ltrans0.ltrans.o
                0x0000000000000445                ExecuteCMP
 .text.ExecuteRET
                0x000000000000055e       0x5e /tmp/cca40awp.ltrans0.ltrans.o
                0x000000000000055e                ExecuteRET
 .text.ExecutePOPn
                0x00000000000005bc       0x7e /tmp/cca40awp.ltrans0.ltrans.o
                0x00000000000005bc                ExecutePOPn
 .text.ExecutePUSHn
                0x000000000000063a       0x7b /tmp/cca40awp.ltrans0.ltrans.o
                0x000000000000063a                ExecutePUSHn
 .text.ExecuteMOVsnw
                0x00000000000006b5       0xd8 /tmp/cca40awp.ltrans0.ltrans.o
                0x00000000000006b5                ExecuteMOVsnw
 .text.ExecuteMOVsnd
                0x000000000000078d       0xd5 /tmp/cca40awp.ltrans0.ltrans.o
                0x000000000000078d                ExecuteMOVsnd
 .text.ExecuteCALL
                0x0000000000000862      0x162 /tmp/cca40awp.ltrans0.ltrans.o
                0x0000000000000862                ExecuteCALL
 .text.ExecuteMOVREL
                0x00000000000009c4       0xe2 /tmp/cca40awp.ltrans0.ltrans.o
                0x00000000000009c4                ExecuteMOVREL
 .text.ExecuteJMP
                0x0000000000000aa6      0x113 /tmp/cca40awp.ltrans0.ltrans.o
                0x0000000000000aa6                ExecuteJMP
 .text.ExecutePOP
                0x0000000000000bb9       0xc7 /tmp/cca40awp.ltrans0.ltrans.o
                0x0000000000000bb9                ExecutePOP
 .text.ExecutePUSH
                0x0000000000000c80       0xc7 /tmp/cca40awp.ltrans0.ltrans.o
                0x0000000000000c80                ExecutePUSH
 .text.ExecuteMOVI
                0x0000000000000d47      0x143 /tmp/cca40awp.ltrans0.ltrans.o
                0x0000000000000d47                ExecuteMOVI
 .text.ExecuteMOVIn
                0x0000000000000e8a       0xe1 /tmp/cca40awp.ltrans0.ltrans.o
                0x0000000000000e8a                ExecuteMOVIn
 .text.ExecuteEXTNDD
                0x0000000000000f6b        0x4 /tmp/cca40awp.ltrans1.ltrans.o
 .text.ExecuteEXTNDW
                0x0000000000000f6f        0x5 /tmp/cca40awp.ltrans1.ltrans.o
 .text.ExecuteEXTNDB
                0x0000000000000f74        0x5 /tmp/cca40awp.ltrans1.ltrans.o
 .text.ExecuteASHR
                0x0000000000000f79       0x19 /tmp/cca40awp.ltrans1.ltrans.o
 .text.ExecuteSHR
                0x0000000000000f92       0x16 /tmp/cca40awp.ltrans1.ltrans.o
 .text.ExecuteSHL
                0x0000000000000fa8       0x16 /tmp/cca40awp.ltrans1.ltrans.o
 .text.ExecuteXOR
                0x0000000000000fbe        0x7 /tmp/cca40awp.ltrans1.ltrans.o
 .text.ExecuteOR
                0x0000000000000fc5        0x7 /tmp/cca40awp.ltrans1.ltrans.o
 .text.ExecuteAND
                0x0000000000000fcc        0x7 /tmp/cca40awp.ltrans1.ltrans.o
 .text.ExecuteSTORESP
                0x0000000000000fd3       0x5e /tmp/cca40awp.ltrans1.ltrans.o
                0x0000000000000fd3                ExecuteSTORESP
 .text.ExecuteLOADSP
                0x0000000000001031       0x5a /tmp/cca40awp.ltrans1.ltrans.o
                0x0000000000001031                ExecuteLOADSP
 .text.ExecuteMODU
                0x000000000000108b       0x2e /tmp/cca40awp.ltrans1.ltrans.o
 .text.ExecuteMOD
                0x00000000000010b9       0x2e /tmp/cca40awp.ltrans1.ltrans.o
 .text.ExecuteDIVU
                0x00000000000010e7       0x38 /tmp/cca40awp.ltrans1.ltrans.o
 .text.ExecuteDIV
                0x000000000000111f       0x37 /tmp/cca40awp.ltrans1.ltrans.o
 .text.VmReadCode16
                0x0000000000001156       0x42 /tmp/cca40awp.ltrans1.ltrans.o
                0x0000000000001156                VmReadCode16
 .text.VmReadImmed64
                0x0000000000001198       0x42 /tmp/cca40awp.ltrans1.ltrans.o
                0x0000000000001198                VmReadImmed64
 .text.VmReadImmed32
                0x00000000000011da       0x38 /tmp/cca40awp.ltrans1.ltrans.o
                0x00000000000011da                VmReadImmed32
 .text.VmReadImmed16
                0x0000000000001212       0x42 /tmp/cca40awp.ltrans1.ltrans.o
                0x0000000000001212                VmReadImmed16
 .text.VmWriteMem32
                0x0000000000001254       0x3c /tmp/cca40awp.ltrans1.ltrans.o
                0x0000000000001254                VmWriteMem32
 .text.VmWriteMemN
                0x0000000000001290       0x25 /tmp/cca40awp.ltrans1.ltrans.o
                0x0000000000001290                VmWriteMemN
 .text.VmWriteMem64
                0x00000000000012b5       0x2f /tmp/cca40awp.ltrans1.ltrans.o
                0x00000000000012b5                VmWriteMem64
 .text.VmReadIndex64
                0x00000000000012e4       0x7e /tmp/cca40awp.ltrans1.ltrans.o
                0x00000000000012e4                VmReadIndex64
 .text.VmReadIndex32
                0x0000000000001362       0x36 /tmp/cca40awp.ltrans1.ltrans.o
                0x0000000000001362                VmReadIndex32
 .text.VmReadIndex16
                0x0000000000001398       0x36 /tmp/cca40awp.ltrans1.ltrans.o
                0x0000000000001398                VmReadIndex16
 .text.ExecuteDataManip
                0x00000000000013ce      0x180 /tmp/cca40awp.ltrans1.ltrans.o
 .text.ExecuteUnsignedDataManip
                0x000000000000154e        0x7 /tmp/cca40awp.ltrans1.ltrans.o
                0x000000000000154e                ExecuteUnsignedDataManip
 .text.ExecuteSignedDataManip
                0x0000000000001555        0xa /tmp/cca40awp.ltrans1.ltrans.o
                0x0000000000001555                ExecuteSignedDataManip
 .text.EbcExecuteInstructions
                0x000000000000155f       0x81 /tmp/cca40awp.ltrans2.ltrans.o
 .text.ExecuteBREAK
                0x00000000000015e0       0xc5 /tmp/cca40awp.ltrans2.ltrans.o
 .text.ExecuteMOVxx
                0x00000000000016a5      0x2bc /tmp/cca40awp.ltrans2.ltrans.o
 .text.EbcExecute
                0x0000000000001961      0x159 /tmp/cca40awp.ltrans2.ltrans.o
                0x0000000000001961                EbcExecute
 .text.FreePool
                0x0000000000001aba        0xa /tmp/cca40awp.ltrans2.ltrans.o
                0x0000000000001aba                FreePool
 .text._ModuleEntryPoint
                0x0000000000001ac4      0x406 /tmp/cca40awp.ltrans2.ltrans.o
                0x0000000000001ac4                _ModuleEntryPoint
 .text.CopyMem  0x0000000000001eca       0x13 /tmp/cca40awp.ltrans2.ltrans.o
                0x0000000000001eca                CopyMem
 .text.EbcVmTestUnsupported
                0x0000000000001edd        0xb /tmp/cca40awp.ltrans3.ltrans.o
                0x0000000000001edd                EbcVmTestUnsupported
 .text.GetEBCStack
                0x0000000000001ee8       0x95 /tmp/cca40awp.ltrans3.ltrans.o
 .text.EbcGetVersion
                0x0000000000001f7d       0x19 /tmp/cca40awp.ltrans3.ltrans.o
                0x0000000000001f7d                EbcGetVersion
 .text.EbcRegisterICacheFlush
                0x0000000000001f96        0xa /tmp/cca40awp.ltrans3.ltrans.o
                0x0000000000001f96                EbcRegisterICacheFlush
 .text.EbcPeriodicNotifyFunction
                0x0000000000001fa0       0xe9 /tmp/cca40awp.ltrans3.ltrans.o
                0x0000000000001fa0                EbcPeriodicNotifyFunction
 .text.CommonEbcExceptionHandler
                0x0000000000002089       0x1c /tmp/cca40awp.ltrans3.ltrans.o
                0x0000000000002089                CommonEbcExceptionHandler
 .text.EbcDebugInvalidateInstructionCache
                0x00000000000020a5        0x3 /tmp/cca40awp.ltrans3.ltrans.o
                0x00000000000020a5                EbcDebugInvalidateInstructionCache
 .text.EbcDebugRegisterExceptionCallback
                0x00000000000020a8       0x3a /tmp/cca40awp.ltrans3.ltrans.o
                0x00000000000020a8                EbcDebugRegisterExceptionCallback
 .text.EbcDebugRegisterPeriodicCallback
                0x00000000000020e2       0x33 /tmp/cca40awp.ltrans3.ltrans.o
                0x00000000000020e2                EbcDebugRegisterPeriodicCallback
 .text.EbcDebugGetMaximumProcessorIndex
                0x0000000000002115        0xa /tmp/cca40awp.ltrans3.ltrans.o
                0x0000000000002115                EbcDebugGetMaximumProcessorIndex
 .text.EbcUnloadImage
                0x000000000000211f       0xa3 /tmp/cca40awp.ltrans3.ltrans.o
                0x000000000000211f                EbcUnloadImage
 .text.InternalAllocatePool.constprop.2
                0x00000000000021c2       0x37 /tmp/cca40awp.ltrans3.ltrans.o
                0x00000000000021c2                InternalAllocatePool.constprop.2
 .text.ExecuteEbcImageEntryPoint
                0x00000000000021f9      0x144 /tmp/cca40awp.ltrans3.ltrans.o
                0x00000000000021f9                ExecuteEbcImageEntryPoint
 .text.EbcInterpret
                0x000000000000233d      0x2a4 /tmp/cca40awp.ltrans3.ltrans.o
                0x000000000000233d                EbcInterpret
 .text.EbcDebugSignalException
                0x00000000000025e1       0xff /tmp/cca40awp.ltrans3.ltrans.o
                0x00000000000025e1                EbcDebugSignalException
 .text.VmReadMemN
                0x00000000000026e0       0x55 /tmp/cca40awp.ltrans3.ltrans.o
                0x00000000000026e0                VmReadMemN
 .text.VmReadMem16
                0x0000000000002735       0x17 /tmp/cca40awp.ltrans3.ltrans.o
                0x0000000000002735                VmReadMem16
 .text.VmReadMem32
                0x000000000000274c       0x22 /tmp/cca40awp.ltrans3.ltrans.o
                0x000000000000274c                VmReadMem32
 .text.VmReadMem64
                0x000000000000276e       0x26 /tmp/cca40awp.ltrans3.ltrans.o
                0x000000000000276e                VmReadMem64
 .text.VmReadCode32
                0x0000000000002794       0x38 /tmp/cca40awp.ltrans3.ltrans.o
                0x0000000000002794                VmReadCode32
 .text.EbcCreateThunks.part.0.lto_priv.5
                0x00000000000027cc      0x15c /tmp/cca40awp.ltrans3.ltrans.o
                0x00000000000027cc                EbcCreateThunks.part.0.lto_priv.5
 .text.EbcCreateThunk
                0x0000000000002928       0x2b /tmp/cca40awp.ltrans3.ltrans.o
                0x0000000000002928                EbcCreateThunk
 .text.EbcLLCALLEX
                0x0000000000002953      0x139 /tmp/cca40awp.ltrans3.ltrans.o
                0x0000000000002953                EbcLLCALLEX
 *fill*         0x0000000000002a8c        0x4 
 .text          0x0000000000002a90       0x1d /root/edk2/Build/OvmfX64/RELEASE_GCC5/X64/MdePkg/Library/BaseMemoryLibRepStr/BaseMemoryLibRepStr/OUTPUT/BaseMemoryLibRepStr.lib(CompareMem.obj)
                0x0000000000002a90                InternalMemCompareMem
 *fill*         0x0000000000002aad        0x3 
 .text          0x0000000000002ab0       0x1d /root/edk2/Build/OvmfX64/RELEASE_GCC5/X64/MdePkg/Library/BaseMemoryLibRepStr/BaseMemoryLibRepStr/OUTPUT/BaseMemoryLibRepStr.lib(ZeroMem.obj)
                0x0000000000002ab0                InternalMemZeroMem
 *fill*         0x0000000000002acd        0x3 
 .text          0x0000000000002ad0       0x3c /root/edk2/Build/OvmfX64/RELEASE_GCC5/X64/MdePkg/Library/BaseMemoryLibRepStr/BaseMemoryLibRepStr/OUTPUT/BaseMemoryLibRepStr.lib(CopyMem.obj)
                0x0000000000002ad0                InternalMemCopyMem
 *fill*         0x0000000000002b0c        0x4 
 .text          0x0000000000002b10       0xc0 /root/edk2/Build/OvmfX64/RELEASE_GCC5/X64/MdeModulePkg/Universal/EbcDxe/EbcDxe/OUTPUT/EbcDxe.lib(EbcLowLevel.obj)
                0x0000000000002b10                EbcLLCALLEXNative
                0x0000000000002b5a                EbcLLEbcInterpret
                0x0000000000002bb9                EbcLLExecuteEbcImageEntryPoint
 *(.rodata .rodata.* .gnu.linkonce.r.*)
 .rodata.ExecuteCMPI
                0x0000000000002bd0       0x28 /tmp/cca40awp.ltrans0.ltrans.o
 .rodata.ExecuteCMP
                0x0000000000002bf8       0x28 /tmp/cca40awp.ltrans0.ltrans.o
 .rodata.mJMPLen
                0x0000000000002c20        0x4 /tmp/cca40awp.ltrans0.ltrans.o
 .rodata.ExecuteBREAK
                0x0000000000002c24       0x1c /tmp/cca40awp.ltrans2.ltrans.o
 *(.got .got.*)
 .got           0x0000000000002c40        0x0 DxePcdLib.obj (symbol from plugin)
 .got.plt       0x0000000000002c40        0x0 DxePcdLib.obj (symbol from plugin)
                0x0000000000002c40                _GLOBAL_OFFSET_TABLE_
 *:AutoGen.obj(.data.g*Guid)

.plt            0x0000000000002c40        0x0
 .plt           0x0000000000002c40        0x0 DxePcdLib.obj (symbol from plugin)

.data           0x0000000000002c40      0x418
 *(.data .data.* .gnu.linkonce.d.*)
 .data.rel.ro.local.mDataManipDispatchTable
                0x0000000000002c40       0x98 /tmp/cca40awp.ltrans1.ltrans.o
 *fill*         0x0000000000002cd8        0x8 
 .data.gEfiEbcVmTestProtocolGuid
                0x0000000000002ce0       0x10 /tmp/cca40awp.ltrans2.ltrans.o
 .data.gEfiDebugSupportProtocolGuid
                0x0000000000002cf0       0x10 /tmp/cca40awp.ltrans2.ltrans.o
 .data.gEfiEbcProtocolGuid
                0x0000000000002d00       0x10 /tmp/cca40awp.ltrans2.ltrans.o
 *fill*         0x0000000000002d10       0x10 
 .data.rel.ro.local.mVmOpcodeTable
                0x0000000000002d20      0x200 /tmp/cca40awp.ltrans2.ltrans.o
 .data.gEfiEbcSimpleDebuggerProtocolGuid
                0x0000000000002f20       0x10 /tmp/cca40awp.ltrans2.ltrans.o
 *fill*         0x0000000000002f30       0x10 
 .data.mInstructionBufferTemplate
                0x0000000000002f40       0x21 /tmp/cca40awp.ltrans3.ltrans.o
 *(.bss .bss.*)
 *fill*         0x0000000000002f61        0x7 
 .bss.mEbcPeriodicEvent
                0x0000000000002f68        0x8 /tmp/cca40awp.ltrans2.ltrans.o
 .bss.gST       0x0000000000002f70        0x8 /tmp/cca40awp.ltrans2.ltrans.o
 .bss.mVmPtr    0x0000000000002f78        0x8 /tmp/cca40awp.ltrans2.ltrans.o
 .bss.mDebugExceptionCallback
                0x0000000000002f80       0x58 /tmp/cca40awp.ltrans3.ltrans.o
 .bss.mDebugPeriodicCallback
                0x0000000000002fd8        0x8 /tmp/cca40awp.ltrans3.ltrans.o
 .bss.mStackBuffer
                0x0000000000002fe0       0x20 /tmp/cca40awp.ltrans3.ltrans.o
                0x0000000000002fe0                mStackBuffer
 .bss.mStackNum
                0x0000000000003000        0x8 /tmp/cca40awp.ltrans3.ltrans.o
                0x0000000000003000                mStackNum
 *fill*         0x0000000000003008       0x18 
 .bss.mStackBufferIndex
                0x0000000000003020       0x20 /tmp/cca40awp.ltrans3.ltrans.o
                0x0000000000003020                mStackBufferIndex
 .bss.mEbcImageList
                0x0000000000003040        0x8 /tmp/cca40awp.ltrans3.ltrans.o
 .bss.mEbcICacheFlush
                0x0000000000003048        0x8 /tmp/cca40awp.ltrans3.ltrans.o
                0x0000000000003048                mEbcICacheFlush
 .bss.gBS       0x0000000000003050        0x8 /tmp/cca40awp.ltrans3.ltrans.o
                0x0000000000003050                gBS

.eh_frame       0x0000000000003080        0x0
 *(.eh_frame)
 .eh_frame      0x0000000000003080        0x0 DxePcdLib.obj (symbol from plugin)

.dynbss         0x0000000000003080        0x0
 .dynbss        0x0000000000003080        0x0 DxePcdLib.obj (symbol from plugin)

.gnu.version_d  0x0000000000003080        0x0
 .gnu.version_d
                0x0000000000003080        0x0 DxePcdLib.obj (symbol from plugin)

.gnu.version    0x0000000000003080        0x0
 .gnu.version   0x0000000000003080        0x0 DxePcdLib.obj (symbol from plugin)

.gnu.version_r  0x0000000000003080        0x0
 .gnu.version_r
                0x0000000000003080        0x0 DxePcdLib.obj (symbol from plugin)

.rela           0x0000000000003080      0x708
 *(.rela .rela.*)
 .rela.plt      0x0000000000003080        0x0 DxePcdLib.obj (symbol from plugin)
 .rela.got      0x0000000000003080        0x0 DxePcdLib.obj (symbol from plugin)
 .rela.bss      0x0000000000003080        0x0 DxePcdLib.obj (symbol from plugin)
 .rela.ifunc    0x0000000000003080        0x0 DxePcdLib.obj (symbol from plugin)
 .rela.text     0x0000000000003080        0x0 DxePcdLib.obj (symbol from plugin)
 .rela.text.ExecuteCMPI
                0x0000000000003080        0x0 DxePcdLib.obj (symbol from plugin)
 .rela.text.ExecuteCMP
                0x0000000000003080        0x0 DxePcdLib.obj (symbol from plugin)
 .rela.text.ExecuteRET
                0x0000000000003080        0x0 DxePcdLib.obj (symbol from plugin)
 .rela.text.ExecutePOPn
                0x0000000000003080        0x0 DxePcdLib.obj (symbol from plugin)
 .rela.text.ExecutePUSHn
                0x0000000000003080        0x0 DxePcdLib.obj (symbol from plugin)
 .rela.text.ExecuteMOVsnw
                0x0000000000003080        0x0 DxePcdLib.obj (symbol from plugin)
 .rela.text.ExecuteMOVsnd
                0x0000000000003080        0x0 DxePcdLib.obj (symbol from plugin)
 .rela.text.ExecuteCALL
                0x0000000000003080        0x0 DxePcdLib.obj (symbol from plugin)
 .rela.text.ExecuteMOVREL
                0x0000000000003080        0x0 DxePcdLib.obj (symbol from plugin)
 .rela.text.ExecuteJMP
                0x0000000000003080        0x0 DxePcdLib.obj (symbol from plugin)
 .rela.text.ExecutePOP
                0x0000000000003080        0x0 DxePcdLib.obj (symbol from plugin)
 .rela.text.ExecutePUSH
                0x0000000000003080        0x0 DxePcdLib.obj (symbol from plugin)
 .rela.text.ExecuteMOVI
                0x0000000000003080        0x0 DxePcdLib.obj (symbol from plugin)
 .rela.text.ExecuteMOVIn
                0x0000000000003080        0x0 DxePcdLib.obj (symbol from plugin)
 .rela.text.ExecuteSTORESP
                0x0000000000003080        0x0 DxePcdLib.obj (symbol from plugin)
 .rela.text.ExecuteLOADSP
                0x0000000000003080        0x0 DxePcdLib.obj (symbol from plugin)
 .rela.text.ExecuteMODU
                0x0000000000003080        0x0 DxePcdLib.obj (symbol from plugin)
 .rela.text.ExecuteMOD
                0x0000000000003080        0x0 DxePcdLib.obj (symbol from plugin)
 .rela.text.ExecuteDIVU
                0x0000000000003080        0x0 DxePcdLib.obj (symbol from plugin)
 .rela.text.ExecuteDIV
                0x0000000000003080        0x0 DxePcdLib.obj (symbol from plugin)
 .rela.text.VmReadCode16
                0x0000000000003080        0x0 DxePcdLib.obj (symbol from plugin)
 .rela.text.VmReadImmed64
                0x0000000000003080        0x0 DxePcdLib.obj (symbol from plugin)
 .rela.text.VmReadImmed16
                0x0000000000003080        0x0 DxePcdLib.obj (symbol from plugin)
 .rela.text.VmReadIndex64
                0x0000000000003080        0x0 DxePcdLib.obj (symbol from plugin)
 .rela.text.ExecuteDataManip
                0x0000000000003080        0x0 DxePcdLib.obj (symbol from plugin)
 .rela.data.rel.ro.local.mDataManipDispatchTable
                0x0000000000003080      0x1c8 DxePcdLib.obj (symbol from plugin)
 .rela.text.EbcExecuteInstructions
                0x0000000000003248        0x0 DxePcdLib.obj (symbol from plugin)
 .rela.text.ExecuteBREAK
                0x0000000000003248        0x0 DxePcdLib.obj (symbol from plugin)
 .rela.text.ExecuteMOVxx
                0x0000000000003248        0x0 DxePcdLib.obj (symbol from plugin)
 .rela.text.EbcExecute
                0x0000000000003248        0x0 DxePcdLib.obj (symbol from plugin)
 .rela.text.FreePool
                0x0000000000003248        0x0 DxePcdLib.obj (symbol from plugin)
 .rela.text._ModuleEntryPoint
                0x0000000000003248        0x0 DxePcdLib.obj (symbol from plugin)
 .rela.data.rel.ro.local.mVmOpcodeTable
                0x0000000000003248      0x540 DxePcdLib.obj (symbol from plugin)

.hii
 *(.hii)

.build-id       0x0000000000003788       0x24
 *(.note.gnu.build-id)
 .note.gnu.build-id
                0x0000000000003788       0x24 DxePcdLib.obj (symbol from plugin)

/DISCARD/
 *(.note.GNU-stack)
 *(.gnu_debuglink)
 *(.interp)
 *(.dynsym)
 *(.dynstr)
 *(.dynamic)
 *(.hash .gnu.hash)
 *(.comment)
 *(COMMON)
OUTPUT(/root/edk2/Build/OvmfX64/RELEASE_GCC5/X64/MdeModulePkg/Universal/EbcDxe/EbcDxe/DEBUG/EbcDxe.dll elf64-x86-64)

.debug_info     0x0000000000000000     0xf538
 .debug_info    0x0000000000000000     0x2c64 /tmp/cca40awp.ltrans0.ltrans.o
 .debug_info    0x0000000000002c64     0x36e0 /tmp/cca40awp.ltrans1.ltrans.o
 .debug_info    0x0000000000006344     0x46bb /tmp/cca40awp.ltrans2.ltrans.o
 .debug_info    0x000000000000a9ff     0x4b39 /tmp/cca40awp.ltrans3.ltrans.o

.debug_abbrev   0x0000000000000000     0x10bf
 .debug_abbrev  0x0000000000000000      0x342 /tmp/cca40awp.ltrans0.ltrans.o
 .debug_abbrev  0x0000000000000342      0x3d0 /tmp/cca40awp.ltrans1.ltrans.o
 .debug_abbrev  0x0000000000000712      0x4a8 /tmp/cca40awp.ltrans2.ltrans.o
 .debug_abbrev  0x0000000000000bba      0x505 /tmp/cca40awp.ltrans3.ltrans.o

.debug_loc      0x0000000000000000     0x7776
 .debug_loc     0x0000000000000000     0x205f /tmp/cca40awp.ltrans0.ltrans.o
 .debug_loc     0x000000000000205f     0x2307 /tmp/cca40awp.ltrans1.ltrans.o
 .debug_loc     0x0000000000004366     0x167c /tmp/cca40awp.ltrans2.ltrans.o
 .debug_loc     0x00000000000059e2     0x1d94 /tmp/cca40awp.ltrans3.ltrans.o

.debug_aranges  0x0000000000000000      0x590
 .debug_aranges
                0x0000000000000000      0x170 /tmp/cca40awp.ltrans0.ltrans.o
 .debug_aranges
                0x0000000000000170      0x1e0 /tmp/cca40awp.ltrans1.ltrans.o
 .debug_aranges
                0x0000000000000350       0xb0 /tmp/cca40awp.ltrans2.ltrans.o
 .debug_aranges
                0x0000000000000400      0x190 /tmp/cca40awp.ltrans3.ltrans.o

.debug_ranges   0x0000000000000000      0xb20
 .debug_ranges  0x0000000000000000      0x160 /tmp/cca40awp.ltrans0.ltrans.o
 .debug_ranges  0x0000000000000160      0x270 /tmp/cca40awp.ltrans1.ltrans.o
 .debug_ranges  0x00000000000003d0      0x380 /tmp/cca40awp.ltrans2.ltrans.o
 .debug_ranges  0x0000000000000750      0x3d0 /tmp/cca40awp.ltrans3.ltrans.o

.debug_line     0x0000000000000000     0x1e70
 .debug_line    0x0000000000000000      0x6d4 /tmp/cca40awp.ltrans0.ltrans.o
 .debug_line    0x00000000000006d4      0x724 /tmp/cca40awp.ltrans1.ltrans.o
 .debug_line    0x0000000000000df8      0x850 /tmp/cca40awp.ltrans2.ltrans.o
 .debug_line    0x0000000000001648      0x828 /tmp/cca40awp.ltrans3.ltrans.o

.debug_str      0x0000000000000000     0x299c
 .debug_str     0x0000000000000000     0x1562 /tmp/cca40awp.ltrans0.ltrans.o
                                       0x16ab (size before relaxing)
 .debug_str     0x0000000000001562      0x3d7 /tmp/cca40awp.ltrans1.ltrans.o
                                       0x18f2 (size before relaxing)
 .debug_str     0x0000000000001939      0xb40 /tmp/cca40awp.ltrans2.ltrans.o
                                       0x217e (size before relaxing)
 .debug_str     0x0000000000002479      0x523 /tmp/cca40awp.ltrans3.ltrans.o
                                       0x20d9 (size before relaxing)

.debug_frame    0x0000000000000000      0xec0
 .debug_frame   0x0000000000000000      0x4b0 /tmp/cca40awp.ltrans0.ltrans.o
 .debug_frame   0x00000000000004b0      0x3d0 /tmp/cca40awp.ltrans1.ltrans.o
 .debug_frame   0x0000000000000880      0x200 /tmp/cca40awp.ltrans2.ltrans.o
 .debug_frame   0x0000000000000a80      0x440 /tmp/cca40awp.ltrans3.ltrans.o
