Archive member included to satisfy reference by file (symbol)

/root/edk2/Build/OvmfX64/RELEASE_GCC5/X64/MdePkg/Library/DxePcdLib/DxePcdLib/OUTPUT/DxePcdLib.lib(DxePcdLib.obj)
                              (--whole-archive)
/root/edk2/Build/OvmfX64/RELEASE_GCC5/X64/MdePkg/Library/BaseMemoryLibRepStr/BaseMemoryLibRepStr/OUTPUT/BaseMemoryLibRepStr.lib(ScanMem64Wrapper.obj)
                              (--whole-archive)
/root/edk2/Build/OvmfX64/RELEASE_GCC5/X64/MdePkg/Library/BaseMemoryLibRepStr/BaseMemoryLibRepStr/OUTPUT/BaseMemoryLibRepStr.lib(ScanMem32Wrapper.obj)
                              (--whole-archive)
/root/edk2/Build/OvmfX64/RELEASE_GCC5/X64/MdePkg/Library/BaseMemoryLibRepStr/BaseMemoryLibRepStr/OUTPUT/BaseMemoryLibRepStr.lib(ScanMem16Wrapper.obj)
                              (--whole-archive)
/root/edk2/Build/OvmfX64/RELEASE_GCC5/X64/MdePkg/Library/BaseMemoryLibRepStr/BaseMemoryLibRepStr/OUTPUT/BaseMemoryLibRepStr.lib(ScanMem8Wrapper.obj)
                              (--whole-archive)
/root/edk2/Build/OvmfX64/RELEASE_GCC5/X64/MdePkg/Library/BaseMemoryLibRepStr/BaseMemoryLibRepStr/OUTPUT/BaseMemoryLibRepStr.lib(ZeroMemWrapper.obj)
                              (--whole-archive)
/root/edk2/Build/OvmfX64/RELEASE_GCC5/X64/MdePkg/Library/BaseMemoryLibRepStr/BaseMemoryLibRepStr/OUTPUT/BaseMemoryLibRepStr.lib(CompareMemWrapper.obj)
                              (--whole-archive)
/root/edk2/Build/OvmfX64/RELEASE_GCC5/X64/MdePkg/Library/BaseMemoryLibRepStr/BaseMemoryLibRepStr/OUTPUT/BaseMemoryLibRepStr.lib(SetMem64Wrapper.obj)
                              (--whole-archive)
/root/edk2/Build/OvmfX64/RELEASE_GCC5/X64/MdePkg/Library/BaseMemoryLibRepStr/BaseMemoryLibRepStr/OUTPUT/BaseMemoryLibRepStr.lib(SetMem32Wrapper.obj)
                              (--whole-archive)
/root/edk2/Build/OvmfX64/RELEASE_GCC5/X64/MdePkg/Library/BaseMemoryLibRepStr/BaseMemoryLibRepStr/OUTPUT/BaseMemoryLibRepStr.lib(SetMem16Wrapper.obj)
                              (--whole-archive)
/root/edk2/Build/OvmfX64/RELEASE_GCC5/X64/MdePkg/Library/BaseMemoryLibRepStr/BaseMemoryLibRepStr/OUTPUT/BaseMemoryLibRepStr.lib(SetMemWrapper.obj)
                              (--whole-archive)
/root/edk2/Build/OvmfX64/RELEASE_GCC5/X64/MdePkg/Library/BaseMemoryLibRepStr/BaseMemoryLibRepStr/OUTPUT/BaseMemoryLibRepStr.lib(CopyMemWrapper.obj)
                              (--whole-archive)
/root/edk2/Build/OvmfX64/RELEASE_GCC5/X64/MdePkg/Library/BaseMemoryLibRepStr/BaseMemoryLibRepStr/OUTPUT/BaseMemoryLibRepStr.lib(IsZeroBufferWrapper.obj)
                              (--whole-archive)
/root/edk2/Build/OvmfX64/RELEASE_GCC5/X64/MdePkg/Library/BaseMemoryLibRepStr/BaseMemoryLibRepStr/OUTPUT/BaseMemoryLibRepStr.lib(MemLibGuid.obj)
                              (--whole-archive)
/root/edk2/Build/OvmfX64/RELEASE_GCC5/X64/MdePkg/Library/BaseMemoryLibRepStr/BaseMemoryLibRepStr/OUTPUT/BaseMemoryLibRepStr.lib(ScanMem64.obj)
                              (--whole-archive)
/root/edk2/Build/OvmfX64/RELEASE_GCC5/X64/MdePkg/Library/BaseMemoryLibRepStr/BaseMemoryLibRepStr/OUTPUT/BaseMemoryLibRepStr.lib(ScanMem32.obj)
                              (--whole-archive)
/root/edk2/Build/OvmfX64/RELEASE_GCC5/X64/MdePkg/Library/BaseMemoryLibRepStr/BaseMemoryLibRepStr/OUTPUT/BaseMemoryLibRepStr.lib(ScanMem16.obj)
                              (--whole-archive)
/root/edk2/Build/OvmfX64/RELEASE_GCC5/X64/MdePkg/Library/BaseMemoryLibRepStr/BaseMemoryLibRepStr/OUTPUT/BaseMemoryLibRepStr.lib(ScanMem8.obj)
                              (--whole-archive)
/root/edk2/Build/OvmfX64/RELEASE_GCC5/X64/MdePkg/Library/BaseMemoryLibRepStr/BaseMemoryLibRepStr/OUTPUT/BaseMemoryLibRepStr.lib(CompareMem.obj)
                              (--whole-archive)
/root/edk2/Build/OvmfX64/RELEASE_GCC5/X64/MdePkg/Library/BaseMemoryLibRepStr/BaseMemoryLibRepStr/OUTPUT/BaseMemoryLibRepStr.lib(ZeroMem.obj)
                              (--whole-archive)
/root/edk2/Build/OvmfX64/RELEASE_GCC5/X64/MdePkg/Library/BaseMemoryLibRepStr/BaseMemoryLibRepStr/OUTPUT/BaseMemoryLibRepStr.lib(SetMem64.obj)
                              (--whole-archive)
/root/edk2/Build/OvmfX64/RELEASE_GCC5/X64/MdePkg/Library/BaseMemoryLibRepStr/BaseMemoryLibRepStr/OUTPUT/BaseMemoryLibRepStr.lib(SetMem32.obj)
                              (--whole-archive)
/root/edk2/Build/OvmfX64/RELEASE_GCC5/X64/MdePkg/Library/BaseMemoryLibRepStr/BaseMemoryLibRepStr/OUTPUT/BaseMemoryLibRepStr.lib(SetMem16.obj)
                              (--whole-archive)
/root/edk2/Build/OvmfX64/RELEASE_GCC5/X64/MdePkg/Library/BaseMemoryLibRepStr/BaseMemoryLibRepStr/OUTPUT/BaseMemoryLibRepStr.lib(SetMem.obj)
                              (--whole-archive)
/root/edk2/Build/OvmfX64/RELEASE_GCC5/X64/MdePkg/Library/BaseMemoryLibRepStr/BaseMemoryLibRepStr/OUTPUT/BaseMemoryLibRepStr.lib(CopyMem.obj)
                              (--whole-archive)
[...]
Memory Configuration

Name             Origin             Length             Attributes
*default*        0x0000000000000000 0xffffffffffffffff

Linker script and memory map

LOAD /tmp/cc1JNN2Z.ltrans0.ltrans.o
LOAD /tmp/cc1JNN2Z.ltrans1.ltrans.o
LOAD /tmp/cc1JNN2Z.ltrans2.ltrans.o
LOAD /tmp/cc1JNN2Z.ltrans3.ltrans.o
LOAD /tmp/cc1JNN2Z.ltrans4.ltrans.o
LOAD /tmp/cc1JNN2Z.ltrans5.ltrans.o
LOAD /tmp/cc1JNN2Z.ltrans6.ltrans.o
LOAD /tmp/cc1JNN2Z.ltrans7.ltrans.o
LOAD /tmp/cc1JNN2Z.ltrans8.ltrans.o
LOAD /tmp/cc1JNN2Z.ltrans9.ltrans.o
LOAD /tmp/cc1JNN2Z.ltrans10.ltrans.o
START GROUP
LOAD /root/edk2/Build/OvmfX64/RELEASE_GCC5/X64/MdePkg/Library/DxePcdLib/DxePcdLib/OUTPUT/DxePcdLib.lib
LOAD /root/edk2/Build/OvmfX64/RELEASE_GCC5/X64/MdePkg/Library/BaseMemoryLibRepStr/BaseMemoryLibRepStr/OUTPUT/BaseMemoryLibRepStr.lib
LOAD /root/edk2/Build/OvmfX64/RELEASE_GCC5/X64/MdePkg/Library/BaseLib/BaseLib/OUTPUT/BaseLib.lib
LOAD /root/edk2/Build/OvmfX64/RELEASE_GCC5/X64/MdePkg/Library/BaseDebugPrintErrorLevelLib/BaseDebugPrintErrorLevelLib/OUTPUT/BaseDebugPrintErrorLevelLib.lib
LOAD /root/edk2/Build/OvmfX64/RELEASE_GCC5/X64/MdePkg/Library/BasePrintLib/BasePrintLib/OUTPUT/BasePrintLib.lib
LOAD /root/edk2/Build/OvmfX64/RELEASE_GCC5/X64/MdePkg/Library/BaseIoLibIntrinsic/BaseIoLibIntrinsicSev/OUTPUT/BaseIoLibIntrinsicSev.lib
LOAD /root/edk2/Build/OvmfX64/RELEASE_GCC5/X64/OvmfPkg/Library/PlatformDebugLibIoPort/PlatformDebugLibIoPort/OUTPUT/PlatformDebugLibIoPort.lib
LOAD /root/edk2/Build/OvmfX64/RELEASE_GCC5/X64/MdePkg/Library/UefiBootServicesTableLib/UefiBootServicesTableLib/OUTPUT/UefiBootServicesTableLib.lib
LOAD /root/edk2/Build/OvmfX64/RELEASE_GCC5/X64/MdePkg/Library/BasePciExpressLib/BasePciExpressLib/OUTPUT/BasePciExpressLib.lib
LOAD /root/edk2/Build/OvmfX64/RELEASE_GCC5/X64/MdePkg/Library/BasePciCf8Lib/BasePciCf8Lib/OUTPUT/BasePciCf8Lib.lib
LOAD /root/edk2/Build/OvmfX64/RELEASE_GCC5/X64/MdePkg/Library/UefiMemoryAllocationLib/UefiMemoryAllocationLib/OUTPUT/UefiMemoryAllocationLib.lib
LOAD /root/edk2/Build/OvmfX64/RELEASE_GCC5/X64/OvmfPkg/Library/DxePciLibI440FxQ35/DxePciLibI440FxQ35/OUTPUT/DxePciLibI440FxQ35.lib
LOAD /root/edk2/Build/OvmfX64/RELEASE_GCC5/X64/MdePkg/Library/UefiRuntimeServicesTableLib/UefiRuntimeServicesTableLib/OUTPUT/UefiRuntimeServicesTableLib.lib
LOAD /root/edk2/Build/OvmfX64/RELEASE_GCC5/X64/MdePkg/Library/UefiDevicePathLibDevicePathProtocol/UefiDevicePathLibDevicePathProtocol/OUTPUT/UefiDevicePathLibDevicePathProtocol.lib
LOAD /root/edk2/Build/OvmfX64/RELEASE_GCC5/X64/OvmfPkg/Library/AcpiTimerLib/DxeAcpiTimerLib/OUTPUT/DxeAcpiTimerLib.lib
LOAD /root/edk2/Build/OvmfX64/RELEASE_GCC5/X64/MdePkg/Library/UefiLib/UefiLib/OUTPUT/UefiLib.lib
LOAD /root/edk2/Build/OvmfX64/RELEASE_GCC5/X64/MdePkg/Library/BaseCpuLib/BaseCpuLib/OUTPUT/BaseCpuLib.lib
LOAD /root/edk2/Build/OvmfX64/RELEASE_GCC5/X64/MdePkg/Library/BasePeCoffGetEntryPointLib/BasePeCoffGetEntryPointLib/OUTPUT/BasePeCoffGetEntryPointLib.lib
LOAD /root/edk2/Build/OvmfX64/RELEASE_GCC5/X64/PcAtChipsetPkg/Library/SerialIoLib/SerialIoLib/OUTPUT/PcAtSerialPortLib.lib
LOAD /root/edk2/Build/OvmfX64/RELEASE_GCC5/X64/MdePkg/Library/BaseSynchronizationLib/BaseSynchronizationLib/OUTPUT/BaseSynchronizationLib.lib
LOAD /root/edk2/Build/OvmfX64/RELEASE_GCC5/X64/UefiCpuPkg/Library/BaseXApicX2ApicLib/BaseXApicX2ApicLib/OUTPUT/BaseXApicX2ApicLib.lib
LOAD /root/edk2/Build/OvmfX64/RELEASE_GCC5/X64/MdeModulePkg/Library/DebugAgentLibNull/DebugAgentLibNull/OUTPUT/DebugAgentLibNull.lib
LOAD /root/edk2/Build/OvmfX64/RELEASE_GCC5/X64/MdePkg/Library/DxeHobLib/DxeHobLib/OUTPUT/DxeHobLib.lib
LOAD /root/edk2/Build/OvmfX64/RELEASE_GCC5/X64/UefiCpuPkg/Library/BaseUefiCpuLib/BaseUefiCpuLib/OUTPUT/BaseUefiCpuLib.lib
LOAD /root/edk2/Build/OvmfX64/RELEASE_GCC5/X64/UefiCpuPkg/Library/MtrrLib/MtrrLib/OUTPUT/MtrrLib.lib
LOAD /root/edk2/Build/OvmfX64/RELEASE_GCC5/X64/MdePkg/Library/DxeServicesTableLib/DxeServicesTableLib/OUTPUT/DxeServicesTableLib.lib
LOAD /root/edk2/Build/OvmfX64/RELEASE_GCC5/X64/MdePkg/Library/UefiDriverEntryPoint/UefiDriverEntryPoint/OUTPUT/UefiDriverEntryPoint.lib
LOAD /root/edk2/Build/OvmfX64/RELEASE_GCC5/X64/UefiCpuPkg/Library/CpuExceptionHandlerLib/DxeCpuExceptionHandlerLib/OUTPUT/DxeCpuExceptionHandlerLib.lib
LOAD /root/edk2/Build/OvmfX64/RELEASE_GCC5/X64/MdeModulePkg/Library/DxeReportStatusCodeLib/DxeReportStatusCodeLib/OUTPUT/DxeReportStatusCodeLib.lib
LOAD /root/edk2/Build/OvmfX64/RELEASE_GCC5/X64/UefiCpuPkg/Library/MpInitLib/DxeMpInitLib/OUTPUT/DxeMpInitLib.lib
LOAD /root/edk2/Build/OvmfX64/RELEASE_GCC5/X64/UefiCpuPkg/CpuDxe/CpuDxe/OUTPUT/CpuDxe.lib
END GROUP
                0x0000000000000228                PECOFF_HEADER_SIZE = 0x228
                0x0000000000000228                . = PECOFF_HEADER_SIZE

.text           0x0000000000000240     0x8b76
 *(.text .text.* .stub .gnu.linkonce.t.*)
 .text._DriverUnloadHandler
                0x0000000000000240        0x3 /tmp/cc1JNN2Z.ltrans0.ltrans.o
                0x0000000000000240                _DriverUnloadHandler
 .text.IsMtrrSupported
                0x0000000000000243       0x49 /tmp/cc1JNN2Z.ltrans0.ltrans.o
                0x0000000000000243                IsMtrrSupported
 .text.MtrrLibAppendVariableMtrr
                0x000000000000028c       0x35 /tmp/cc1JNN2Z.ltrans0.ltrans.o
                0x000000000000028c                MtrrLibAppendVariableMtrr
 .text.MtrrLibCalculateLeastMtrrs
                0x00000000000002c1      0x178 /tmp/cc1JNN2Z.ltrans0.ltrans.o
                0x00000000000002c1                MtrrLibCalculateLeastMtrrs
 .text.MtrrLibCalculateSubtractivePath
                0x0000000000000439      0x3d6 /tmp/cc1JNN2Z.ltrans0.ltrans.o
                0x0000000000000439                MtrrLibCalculateSubtractivePath
 .text.MtrrLibGetNumberOfTypes
                0x000000000000080f       0x6a /tmp/cc1JNN2Z.ltrans0.ltrans.o
                0x000000000000080f                MtrrLibGetNumberOfTypes
 .text.MtrrLibInitializeMtrrMask
                0x0000000000000879       0x81 /tmp/cc1JNN2Z.ltrans0.ltrans.o
                0x0000000000000879                MtrrLibInitializeMtrrMask
 .text.MtrrLibGetRawVariableRanges
                0x00000000000008fa       0x83 /tmp/cc1JNN2Z.ltrans0.ltrans.o
                0x00000000000008fa                MtrrLibGetRawVariableRanges
 .text.GetVariableMtrrCountWorker
                0x000000000000097d        0xb /tmp/cc1JNN2Z.ltrans0.ltrans.o
                0x000000000000097d                GetVariableMtrrCountWorker
 .text.MtrrGetAllMtrrs
                0x0000000000000988       0x74 /tmp/cc1JNN2Z.ltrans0.ltrans.o
                0x0000000000000988                MtrrGetAllMtrrs
 .text.GetNextGuidHob
                0x00000000000009fc       0x31 /tmp/cc1JNN2Z.ltrans0.ltrans.o
                0x00000000000009fc                GetNextGuidHob
 .text.LocalApicBaseAddressMsrSupported
                0x0000000000000a2d       0x3d /tmp/cc1JNN2Z.ltrans0.ltrans.o
                0x0000000000000a2d                LocalApicBaseAddressMsrSupported
 .text.GetApicMode
                0x0000000000000a6a       0x28 /tmp/cc1JNN2Z.ltrans0.ltrans.o
                0x0000000000000a6a                GetApicMode
 .text.GetLocalApicBaseAddress
                0x0000000000000a92       0x38 /tmp/cc1JNN2Z.ltrans0.ltrans.o
                0x0000000000000a92                GetLocalApicBaseAddress
 .text.WriteLocalApicReg
                0x0000000000000aca       0x38 /tmp/cc1JNN2Z.ltrans0.ltrans.o
                0x0000000000000aca                WriteLocalApicReg
 .text.ReadLocalApicReg
                0x0000000000000b02       0x30 /tmp/cc1JNN2Z.ltrans0.ltrans.o
                0x0000000000000b02                ReadLocalApicReg
 .text.DisableApicTimerInterrupt
                0x0000000000000b32       0x23 /tmp/cc1JNN2Z.ltrans0.ltrans.o
                0x0000000000000b32                DisableApicTimerInterrupt
 .text.DisableLvtInterrupts
                0x0000000000000b55       0x3e /tmp/cc1JNN2Z.ltrans0.ltrans.o
                0x0000000000000b55                DisableLvtInterrupts
 .text.ProgramVirtualWireMode
                0x0000000000000b93       0x66 /tmp/cc1JNN2Z.ltrans0.ltrans.o
                0x0000000000000b93                ProgramVirtualWireMode
 .text.GetApicId
                0x0000000000000bf9       0x36 /tmp/cc1JNN2Z.ltrans0.ltrans.o
                0x0000000000000bf9                GetApicId
 .text.GetInitialApicId
                0x0000000000000c2f       0x96 /tmp/cc1JNN2Z.ltrans0.ltrans.o
                0x0000000000000c2f                GetInitialApicId
 .text.AcquireSpinLockOrFail
                0x0000000000000cc5       0x26 /tmp/cc1JNN2Z.ltrans0.ltrans.o
                0x0000000000000cc5                AcquireSpinLockOrFail
 .text.AcquireSpinLock
                0x0000000000000ceb       0x2f /tmp/cc1JNN2Z.ltrans0.ltrans.o
                0x0000000000000ceb                AcquireSpinLock
 .text.EfiGetSystemConfigurationTable
                0x0000000000000d1a       0x4e /tmp/cc1JNN2Z.ltrans0.ltrans.o
                0x0000000000000d1a                EfiGetSystemConfigurationTable
 .text.GetHobList
                0x0000000000000d68       0x35 /tmp/cc1JNN2Z.ltrans0.ltrans.o
                0x0000000000000d68                GetHobList
 .text.MicroSecondDelay
                0x0000000000000d9d       0x55 /tmp/cc1JNN2Z.ltrans0.ltrans.o
                0x0000000000000d9d                MicroSecondDelay
 .text.FreePool
                0x0000000000000df2        0xa /tmp/cc1JNN2Z.ltrans0.ltrans.o
                0x0000000000000df2                FreePool
 .text.InternalAllocatePool
                0x0000000000000dfc       0x34 /tmp/cc1JNN2Z.ltrans0.ltrans.o
                0x0000000000000dfc                InternalAllocatePool
 .text.InternalAllocateZeroPool
                0x0000000000000e30       0x28 /tmp/cc1JNN2Z.ltrans0.ltrans.o
                0x0000000000000e30                InternalAllocateZeroPool
 .text.BasePrintLibFillBuffer
                0x0000000000000e58       0x2e /tmp/cc1JNN2Z.ltrans0.ltrans.o
                0x0000000000000e58                BasePrintLibFillBuffer
 .text.GetInterruptState
                0x0000000000000e86        0xa /tmp/cc1JNN2Z.ltrans0.ltrans.o
                0x0000000000000e86                GetInterruptState
 .text.MtrrLibPreMtrrChange
                0x0000000000000e90       0x48 /tmp/cc1JNN2Z.ltrans0.ltrans.o
                0x0000000000000e90                MtrrLibPreMtrrChange
 .text.SetInterruptState
                0x0000000000000ed8        0xb /tmp/cc1JNN2Z.ltrans0.ltrans.o
                0x0000000000000ed8                SetInterruptState
 .text.MtrrSetAllMtrrs.part.6.lto_priv.51
                0x0000000000000ee3       0xca /tmp/cc1JNN2Z.ltrans0.ltrans.o
                0x0000000000000ee3                MtrrSetAllMtrrs.part.6.lto_priv.51
 .text.SendIpi  0x0000000000000fad       0x96 /tmp/cc1JNN2Z.ltrans0.ltrans.o
                0x0000000000000fad                SendIpi
 .text.CpuDeadLoop
                0x0000000000001043       0x1c /tmp/cc1JNN2Z.ltrans0.ltrans.o
                0x0000000000001043                CpuDeadLoop
 .text.HighBitSet32
                0x000000000000105f       0x19 /tmp/cc1JNN2Z.ltrans0.ltrans.o
                0x000000000000105f                HighBitSet32
 .text.HighBitSet64
                0x0000000000001078       0x24 /tmp/cc1JNN2Z.ltrans0.ltrans.o
                0x0000000000001078                HighBitSet64
 .text.CalculateSum32
                0x000000000000109c       0x18 /tmp/cc1JNN2Z.ltrans0.ltrans.o
                0x000000000000109c                CalculateSum32
 .text.CopyMem  0x00000000000010b4       0x13 /tmp/cc1JNN2Z.ltrans0.ltrans.o
                0x00000000000010b4                CopyMem
 .text.MtrrLibSetMemoryType
                0x00000000000010c7      0x1d5 /tmp/cc1JNN2Z.ltrans0.ltrans.o
                0x00000000000010c7                MtrrLibSetMemoryType
 .text.MtrrLibApplyVariableMtrrs
                0x000000000000129c      0x12d /tmp/cc1JNN2Z.ltrans0.ltrans.o
                0x000000000000129c                MtrrLibApplyVariableMtrrs
 .text.SetMem   0x00000000000013c9       0x12 /tmp/cc1JNN2Z.ltrans0.ltrans.o
                0x00000000000013c9                SetMem
 .text.GetPcdProtocol
                0x00000000000013db       0x3f /tmp/cc1JNN2Z.ltrans0.ltrans.o
                0x00000000000013db                GetPcdProtocol
 .text.LibPcdGet32
                0x000000000000141a       0x1d /tmp/cc1JNN2Z.ltrans0.ltrans.o
                0x000000000000141a                LibPcdGet32
 .text._ModuleEntryPoint
                0x0000000000001437     0x1207 /tmp/cc1JNN2Z.ltrans1.ltrans.o
                0x0000000000001437                _ModuleEntryPoint
 .text.ApInitializeSync
                0x000000000000263e       0x36 /tmp/cc1JNN2Z.ltrans2.ltrans.o
                0x000000000000263e                ApInitializeSync
 .text.ApFuncEnableX2Apic
                0x0000000000002674       0x1d /tmp/cc1JNN2Z.ltrans2.ltrans.o
                0x0000000000002674                ApFuncEnableX2Apic
 .text.RestoreVolatileRegisters
                0x0000000000002691       0xb2 /tmp/cc1JNN2Z.ltrans2.ltrans.o
 .text.FutureBSPProc
                0x0000000000002743       0x13 /tmp/cc1JNN2Z.ltrans2.ltrans.o
                0x0000000000002743                FutureBSPProc
 .text.MpInitChangeApLoopCallback
                0x0000000000002756       0x94 /tmp/cc1JNN2Z.ltrans2.ltrans.o
                0x0000000000002756                MpInitChangeApLoopCallback
 .text.GetProcessorNumber
                0x00000000000027ea       0x53 /tmp/cc1JNN2Z.ltrans2.ltrans.o
                0x00000000000027ea                GetProcessorNumber
 .text.IsMwaitSupport
                0x000000000000283d       0x2d /tmp/cc1JNN2Z.ltrans2.ltrans.o
                0x000000000000283d                IsMwaitSupport
 .text.RelocateApLoop
                0x000000000000286a       0x5f /tmp/cc1JNN2Z.ltrans2.ltrans.o
 .text.SaveVolatileRegisters
                0x00000000000028c9       0x83 /tmp/cc1JNN2Z.ltrans2.ltrans.o
                0x00000000000028c9                SaveVolatileRegisters
 .text.SetApState
                0x000000000000294c       0x2c /tmp/cc1JNN2Z.ltrans2.ltrans.o
                0x000000000000294c                SetApState
 .text.InitializeApData
                0x0000000000002978       0xc7 /tmp/cc1JNN2Z.ltrans2.ltrans.o
                0x0000000000002978                InitializeApData
 .text.ApWakeupFunction
                0x0000000000002a3f      0x366 /tmp/cc1JNN2Z.ltrans2.ltrans.o
                0x0000000000002a3f                ApWakeupFunction
 .text.CheckAndUpdateApsStatus
                0x0000000000002da5       0xcb /tmp/cc1JNN2Z.ltrans2.ltrans.o
                0x0000000000002da5                CheckAndUpdateApsStatus
 .text.CheckApsStatus
                0x0000000000002e70       0x16 /tmp/cc1JNN2Z.ltrans2.ltrans.o
                0x0000000000002e70                CheckApsStatus
 .text.CommonExceptionHandler
                0x0000000000002e86      0x4d3 /tmp/cc1JNN2Z.ltrans2.ltrans.o
                0x0000000000002e86                CommonExceptionHandler
 .text.MtrrSetMemoryAttributeInMtrrSettings.constprop.18
                0x0000000000003359     0x10eb /tmp/cc1JNN2Z.ltrans3.ltrans.o
                0x0000000000003359                MtrrSetMemoryAttributeInMtrrSettings.constprop.18
 .text.MpInitLibGetProcessorInfo
                0x0000000000004444      0x3a6 /tmp/cc1JNN2Z.ltrans4.ltrans.o
                0x0000000000004444                MpInitLibGetProcessorInfo
 .text.CalculateTimeout
                0x00000000000047ea       0x4b /tmp/cc1JNN2Z.ltrans4.ltrans.o
                0x00000000000047ea                CalculateTimeout
 .text.WakeUpAP
                0x0000000000004835      0x619 /tmp/cc1JNN2Z.ltrans4.ltrans.o
                0x0000000000004835                WakeUpAP
 .text.ResetProcessorToIdleState
                0x0000000000004e4e       0x56 /tmp/cc1JNN2Z.ltrans4.ltrans.o
                0x0000000000004e4e                ResetProcessorToIdleState
 .text.CheckAllAPs
                0x0000000000004ea4      0x1a9 /tmp/cc1JNN2Z.ltrans4.ltrans.o
                0x0000000000004ea4                CheckAllAPs
 .text.CheckThisAP
                0x000000000000504d       0x94 /tmp/cc1JNN2Z.ltrans4.ltrans.o
                0x000000000000504d                CheckThisAP
 .text.GetGdtr  0x00000000000050e1        0x4 /tmp/cc1JNN2Z.ltrans5.ltrans.o
                0x00000000000050e1                GetGdtr
 .text.InitializeExceptionStackSwitchHandlers
                0x00000000000050e5       0xaa /tmp/cc1JNN2Z.ltrans5.ltrans.o
                0x00000000000050e5                InitializeExceptionStackSwitchHandlers
 .text.WhoAmI   0x000000000000518f        0x8 /tmp/cc1JNN2Z.ltrans5.ltrans.o
                0x000000000000518f                WhoAmI
 .text.EnableDisableAP
                0x0000000000005197       0xde /tmp/cc1JNN2Z.ltrans5.ltrans.o
                0x0000000000005197                EnableDisableAP
 .text.SwitchBSP
                0x0000000000005275      0x220 /tmp/cc1JNN2Z.ltrans5.ltrans.o
                0x0000000000005275                SwitchBSP
 .text.StartupThisAP
                0x0000000000005495       0x32 /tmp/cc1JNN2Z.ltrans5.ltrans.o
                0x0000000000005495                StartupThisAP
 .text.StartupAllAPs
                0x00000000000054c7      0x214 /tmp/cc1JNN2Z.ltrans5.ltrans.o
                0x00000000000054c7                StartupAllAPs
 .text.GetProcessorInfo
                0x00000000000056db        0xe /tmp/cc1JNN2Z.ltrans5.ltrans.o
                0x00000000000056db                GetProcessorInfo
 .text.GetNumberOfProcessors
                0x00000000000056e9       0x20 /tmp/cc1JNN2Z.ltrans5.ltrans.o
                0x00000000000056e9                GetNumberOfProcessors
 .text.IdleLoopEventCallback
                0x0000000000005709        0x5 /tmp/cc1JNN2Z.ltrans5.ltrans.o
                0x0000000000005709                IdleLoopEventCallback
 .text.CpuSetMemoryAttributes.part.1.lto_priv.50
                0x000000000000570e      0x313 /tmp/cc1JNN2Z.ltrans5.ltrans.o
                0x000000000000570e                CpuSetMemoryAttributes.part.1.lto_priv.50
 .text.SetGcdMemorySpaceAttributes
                0x0000000000005a21       0xe1 /tmp/cc1JNN2Z.ltrans6.ltrans.o
 .text.CpuRegisterInterruptHandler
                0x0000000000005b02       0x6e /tmp/cc1JNN2Z.ltrans6.ltrans.o
                0x0000000000005b02                CpuRegisterInterruptHandler
 .text.CpuInit  0x0000000000005b70        0xb /tmp/cc1JNN2Z.ltrans6.ltrans.o
                0x0000000000005b70                CpuInit
 .text.CpuGetInterruptState
                0x0000000000005b7b       0x1a /tmp/cc1JNN2Z.ltrans6.ltrans.o
                0x0000000000005b7b                CpuGetInterruptState
 .text.CpuDisableInterrupt
                0x0000000000005b95        0xb /tmp/cc1JNN2Z.ltrans6.ltrans.o
                0x0000000000005b95                CpuDisableInterrupt
 .text.CpuEnableInterrupt
                0x0000000000005ba0        0xb /tmp/cc1JNN2Z.ltrans6.ltrans.o
                0x0000000000005ba0                CpuEnableInterrupt
 .text.CpuFlushCpuDataCache
                0x0000000000005bab       0x1e /tmp/cc1JNN2Z.ltrans6.ltrans.o
                0x0000000000005bab                CpuFlushCpuDataCache
 .text.GetCurrentMicrocodeSignature
                0x0000000000005bc9       0x33 /tmp/cc1JNN2Z.ltrans6.ltrans.o
 .text.CpuSetMemoryAttributes
                0x0000000000005bfc       0x1a /tmp/cc1JNN2Z.ltrans6.ltrans.o
                0x0000000000005bfc                CpuSetMemoryAttributes
 .text.SetMtrrsFromBuffer
                0x0000000000005c16       0x25 /tmp/cc1JNN2Z.ltrans6.ltrans.o
                0x0000000000005c16                SetMtrrsFromBuffer
 .text.CpuGetTimerValue
                0x0000000000005c3b       0x94 /tmp/cc1JNN2Z.ltrans6.ltrans.o
                0x0000000000005c3b                CpuGetTimerValue
 .text.RefreshMemoryAttributesFromMtrr
                0x0000000000005ccf      0x3c5 /tmp/cc1JNN2Z.ltrans6.ltrans.o
                0x0000000000005ccf                RefreshMemoryAttributesFromMtrr
 .text.MicrocodeDetect
                0x0000000000006094      0x20e /tmp/cc1JNN2Z.ltrans6.ltrans.o
                0x0000000000006094                MicrocodeDetect
 .text.CheckTimeout.part.3.lto_priv.53
                0x00000000000062a2       0x2d /tmp/cc1JNN2Z.ltrans6.ltrans.o
                0x00000000000062a2                CheckTimeout.part.3.lto_priv.53
 .text.MpInitLibWhoAmI
                0x00000000000062cf       0x27 /tmp/cc1JNN2Z.ltrans6.ltrans.o
                0x00000000000062cf                MpInitLibWhoAmI
 .text.StartupThisAPWorker
                0x00000000000062f6      0x11c /tmp/cc1JNN2Z.ltrans6.ltrans.o
                0x00000000000062f6                StartupThisAPWorker
 .text.MpInitLibGetNumberOfProcessors
                0x0000000000006412       0x8f /tmp/cc1JNN2Z.ltrans6.ltrans.o
                0x0000000000006412                MpInitLibGetNumberOfProcessors
 .text.BasePrintLibSPrintMarker.constprop.40
                0x00000000000064a1      0xb0a /tmp/cc1JNN2Z.ltrans7.ltrans.o
                0x00000000000064a1                BasePrintLibSPrintMarker.constprop.40
 .text.UpdateIdtTable.constprop.13
                0x0000000000006fab       0xd5 /tmp/cc1JNN2Z.ltrans8.ltrans.o
                0x0000000000006fab                UpdateIdtTable.constprop.13
 .text.GetPageTableEntry
                0x0000000000007080      0x11a /tmp/cc1JNN2Z.ltrans8.ltrans.o
                0x0000000000007080                GetPageTableEntry
 .text.PageAttributeToLength
                0x000000000000719a       0x32 /tmp/cc1JNN2Z.ltrans8.ltrans.o
                0x000000000000719a                PageAttributeToLength
 .text.GetCurrentPagingContext
                0x00000000000071cc       0xe9 /tmp/cc1JNN2Z.ltrans8.ltrans.o
                0x00000000000071cc                GetCurrentPagingContext
 .text.ConvertMemoryPageAttributes.part.0.constprop.6
                0x00000000000072b5      0x3ab /tmp/cc1JNN2Z.ltrans8.ltrans.o
                0x00000000000072b5                ConvertMemoryPageAttributes.part.0.constprop.6
 .text.InitializePageTablePool
                0x0000000000007660      0x13d /tmp/cc1JNN2Z.ltrans8.ltrans.o
                0x0000000000007660                InitializePageTablePool
 .text.AllocatePageTableMemory
                0x000000000000779d       0x54 /tmp/cc1JNN2Z.ltrans8.ltrans.o
 .text.InternalPrintMessage
                0x00000000000077f1       0x88 /tmp/cc1JNN2Z.ltrans9.ltrans.o
                0x00000000000077f1                InternalPrintMessage
 .text.DumpModuleImageInfo
                0x0000000000007879      0x22c /tmp/cc1JNN2Z.ltrans9.ltrans.o
                0x0000000000007879                DumpModuleImageInfo
 .text.BasePrintLibSPrint.constprop.39
                0x0000000000007aa5       0x27 /tmp/cc1JNN2Z.ltrans10.ltrans.o
                0x0000000000007aa5                BasePrintLibSPrint.constprop.39
 .text.SetApicMode.part.6.constprop.29
                0x0000000000007acc       0x2f /tmp/cc1JNN2Z.ltrans10.ltrans.o
                0x0000000000007acc                SetApicMode.part.6.constprop.29
 .text.MtrrGetVariableMtrrWorker.constprop.24
                0x0000000000007afb       0x5c /tmp/cc1JNN2Z.ltrans10.ltrans.o
                0x0000000000007afb                MtrrGetVariableMtrrWorker.constprop.24
 *fill*         0x0000000000007b57        0x9 
 .text          0x0000000000007b60       0x1d /root/edk2/Build/OvmfX64/RELEASE_GCC5/X64/MdePkg/Library/BaseMemoryLibRepStr/BaseMemoryLibRepStr/OUTPUT/BaseMemoryLibRepStr.lib(ZeroMem.obj)
                0x0000000000007b60                InternalMemZeroMem
 *fill*         0x0000000000007b7d        0x3 
 .text          0x0000000000007b80       0x11 /root/edk2/Build/OvmfX64/RELEASE_GCC5/X64/MdePkg/Library/BaseMemoryLibRepStr/BaseMemoryLibRepStr/OUTPUT/BaseMemoryLibRepStr.lib(SetMem.obj)
                0x0000000000007b80                InternalMemSetMem
 *fill*         0x0000000000007b91        0xf 
 .text          0x0000000000007ba0       0x3c /root/edk2/Build/OvmfX64/RELEASE_GCC5/X64/MdePkg/Library/BaseMemoryLibRepStr/BaseMemoryLibRepStr/OUTPUT/BaseMemoryLibRepStr.lib(CopyMem.obj)
                0x0000000000007ba0                InternalMemCopyMem
 *fill*         0x0000000000007bdc        0x4 
 .text          0x0000000000007be0        0x6 /root/edk2/Build/OvmfX64/RELEASE_GCC5/X64/MdePkg/Library/BaseLib/BaseLib/OUTPUT/BaseLib.lib(WriteTr.obj)
                0x0000000000007be0                AsmWriteTr
 *fill*         0x0000000000007be6        0xa 
 .text          0x0000000000007bf0       0x27 /root/edk2/Build/OvmfX64/RELEASE_GCC5/X64/MdePkg/Library/BaseLib/BaseLib/OUTPUT/BaseLib.lib(CpuId.obj)
                0x0000000000007bf0                AsmCpuid
 *fill*         0x0000000000007c17        0x9 
 .text          0x0000000000007c20       0x2f /root/edk2/Build/OvmfX64/RELEASE_GCC5/X64/MdePkg/Library/BaseLib/BaseLib/OUTPUT/BaseLib.lib(CpuIdEx.obj)
                0x0000000000007c20                AsmCpuidEx
 *fill*         0x0000000000007c4f        0x1 
 .text          0x0000000000007c50       0x13 /root/edk2/Build/OvmfX64/RELEASE_GCC5/X64/MdePkg/Library/BaseLib/BaseLib/OUTPUT/BaseLib.lib(EnableCache.obj)
                0x0000000000007c50                AsmEnableCache
 *fill*         0x0000000000007c63        0xd 
 .text          0x0000000000007c70       0x13 /root/edk2/Build/OvmfX64/RELEASE_GCC5/X64/MdePkg/Library/BaseLib/BaseLib/OUTPUT/BaseLib.lib(DisableCache.obj)
                0x0000000000007c70                AsmDisableCache
 *fill*         0x0000000000007c83        0xd 
 .text          0x0000000000007c90        0x2 /root/edk2/Build/OvmfX64/RELEASE_GCC5/X64/MdePkg/Library/BaseCpuLib/BaseCpuLib/OUTPUT/BaseCpuLib.lib(CpuSleep.obj)
                0x0000000000007c90                CpuSleep
 *fill*         0x0000000000007c92        0xe 
 .text          0x0000000000007ca0        0x7 /root/edk2/Build/OvmfX64/RELEASE_GCC5/X64/MdePkg/Library/BaseCpuLib/BaseCpuLib/OUTPUT/BaseCpuLib.lib(CpuFlushTlb.obj)
                0x0000000000007ca0                CpuFlushTlb
 *fill*         0x0000000000007ca7        0x9 
 .text          0x0000000000007cb0       0x1d /root/edk2/Build/OvmfX64/RELEASE_GCC5/X64/UefiCpuPkg/Library/BaseUefiCpuLib/BaseUefiCpuLib/OUTPUT/BaseUefiCpuLib.lib(InitializeFpu.obj)
                0x0000000000007cb0                InitializeFloatingPointUnits
 *fill*         0x0000000000007ccd        0x3 
 .text          0x0000000000007cd0      0x50b /root/edk2/Build/OvmfX64/RELEASE_GCC5/X64/UefiCpuPkg/Library/CpuExceptionHandlerLib/DxeCpuExceptionHandlerLib/OUTPUT/DxeCpuExceptionHandlerLib.lib(ExceptionHandlerAsm.obj)
                0x0000000000007ee1                CommonInterruptEntry
                0x0000000000008096                AsmGetTemplateAddressMap
                0x00000000000081d4                AsmVectorNumFixup
 *fill*         0x00000000000081db        0x5 
 .text          0x00000000000081e0      0x297 /root/edk2/Build/OvmfX64/RELEASE_GCC5/X64/UefiCpuPkg/Library/MpInitLib/DxeMpInitLib/OUTPUT/DxeMpInitLib.lib(MpFuncs.obj)
                0x00000000000081e0                RendezvousFunnelProc
                0x0000000000008369                AsmRelocateApLoop
                0x00000000000083ca                AsmGetAddressMap
                0x0000000000008400                AsmExchangeRole
 *fill*         0x0000000000008477        0x9 
 .text          0x0000000000008480       0x2c /root/edk2/Build/OvmfX64/RELEASE_GCC5/X64/UefiCpuPkg/CpuDxe/CpuDxe/OUTPUT/CpuDxe.lib(CpuAsm.obj)
                0x0000000000008480                SetCodeSelector
                0x000000000000849c                SetDataSelectors
 *(.rodata .rodata.* .gnu.linkonce.r.*)
 *fill*         0x00000000000084ac        0x4 
 .rodata.mDoFarReturnFlag
                0x00000000000084b0        0x8 /tmp/cc1JNN2Z.ltrans1.ltrans.o
                0x00000000000084b0                mDoFarReturnFlag
 .rodata.str1.1
                0x00000000000084b8      0x48f /tmp/cc1JNN2Z.ltrans2.ltrans.o
                                        0x491 (size before relaxing)
 *fill*         0x0000000000008947        0x1 
 .rodata.mExceptionReservedStr
                0x0000000000008948        0x9 /tmp/cc1JNN2Z.ltrans2.ltrans.o
 .rodata.gStop  0x0000000000008951        0x1 /tmp/cc1JNN2Z.ltrans2.ltrans.o
                0x0000000000008951                _gPcd_FixedAtBuild_PcdCpuApLoopMode
                0x0000000000008951                gStop
 *fill*         0x0000000000008952        0x2 
 .rodata.mErrorCodeFlag
                0x0000000000008954        0x4 /tmp/cc1JNN2Z.ltrans2.ltrans.o
                0x0000000000008954                mErrorCodeFlag
 .rodata.MtrrSetMemoryAttributeInMtrrSettings.constprop.18
                0x0000000000008958       0x1c /tmp/cc1JNN2Z.ltrans3.ltrans.o
 *fill*         0x0000000000008974        0xc 
 .rodata.mMtrrLibFixedMtrrTable
                0x0000000000008980       0x84 /tmp/cc1JNN2Z.ltrans3.ltrans.o
                0x0000000000008980                mFixedMtrrTable
                0x0000000000008980                mMtrrLibFixedMtrrTable
 .rodata.gBreakSet
                0x0000000000008a04        0x1 /tmp/cc1JNN2Z.ltrans5.ltrans.o
                0x0000000000008a04                _gPcd_FixedAtBuild_PcdCpuApTargetCstate
                0x0000000000008a04                gBreakSet
                0x0000000000008a04                _gDriverUnloadImageCount
                0x0000000000008a04                gParity
                0x0000000000008a04                mIsAllocatingPageTable
                0x0000000000008a04                _gPcd_FixedAtBuild_PcdCpuStackGuard
 .rodata._gPcd_FixedAtBuild_PcdCpuStackSwitchExceptionList
                0x0000000000008a05        0x2 /tmp/cc1JNN2Z.ltrans5.ltrans.o
                0x0000000000008a05                _gPcd_FixedAtBuild_PcdCpuStackSwitchExceptionList
 *fill*         0x0000000000008a07        0x1 
 .rodata.CSWTCH.46
                0x0000000000008a08        0xe /tmp/cc1JNN2Z.ltrans6.ltrans.o
 .rodata.str1.1
                0x0000000000008a16      0x29f /tmp/cc1JNN2Z.ltrans7.ltrans.o
                                        0x2b0 (size before relaxing)
 *fill*         0x0000000000008cb5        0xb 
 .rodata.mHexStr
                0x0000000000008cc0       0x10 /tmp/cc1JNN2Z.ltrans7.ltrans.o
 *fill*         0x0000000000008cd0       0x10 
 .rodata.mPageAttributeTable
                0x0000000000008ce0       0x48 /tmp/cc1JNN2Z.ltrans8.ltrans.o
                0x0000000000008ce0                mPageAttributeTable
 .rodata.str1.1
                0x0000000000008d28       0x85 /tmp/cc1JNN2Z.ltrans9.ltrans.o
 *fill*         0x0000000000008dad        0x3 
 .rodata        0x0000000000008db0        0x6 /root/edk2/Build/OvmfX64/RELEASE_GCC5/X64/UefiCpuPkg/Library/BaseUefiCpuLib/BaseUefiCpuLib/OUTPUT/BaseUefiCpuLib.lib(InitializeFpu.obj)
 *(.got .got.*)
 .got           0x0000000000008db6        0x0 DxePcdLib.obj (symbol from plugin)
 .got.plt       0x0000000000008db6        0x0 DxePcdLib.obj (symbol from plugin)
                0x0000000000008db6                _GLOBAL_OFFSET_TABLE_
 *:AutoGen.obj(.data.g*Guid)

.plt            0x0000000000008dc0        0x0
 .plt           0x0000000000008dc0        0x0 DxePcdLib.obj (symbol from plugin)

.data           0x0000000000008dc0     0x10e0
 *(.data .data.* .gnu.linkonce.d.*)
 .data.gPcdProtocolGuid
                0x0000000000008dc0       0x10 /tmp/cc1JNN2Z.ltrans0.ltrans.o
 .data.gEfiHobListGuid
                0x0000000000008dd0       0x10 /tmp/cc1JNN2Z.ltrans0.ltrans.o
 .data.GdtTemplate
                0x0000000000008de0       0x48 /tmp/cc1JNN2Z.ltrans1.ltrans.o
 *fill*         0x0000000000008e28        0x8 
 .data.gEfiVectorHandoffTableGuid
                0x0000000000008e30       0x10 /tmp/cc1JNN2Z.ltrans1.ltrans.o
 .data.mCpuInitMpLibHobGuid
                0x0000000000008e40       0x10 /tmp/cc1JNN2Z.ltrans1.ltrans.o
 .data.gEfiEventLegacyBootGuid
                0x0000000000008e50       0x10 /tmp/cc1JNN2Z.ltrans1.ltrans.o
 .data.gEfiStatusCodeRuntimeProtocolGuid
                0x0000000000008e60       0x10 /tmp/cc1JNN2Z.ltrans1.ltrans.o
 .data.gEfiCallerIdGuid
                0x0000000000008e70       0x10 /tmp/cc1JNN2Z.ltrans1.ltrans.o
 .data.gEfiSecPlatformInformationPpiGuid
                0x0000000000008e80       0x10 /tmp/cc1JNN2Z.ltrans1.ltrans.o
 .data.gEfiSecPlatformInformation2PpiGuid
                0x0000000000008e90       0x10 /tmp/cc1JNN2Z.ltrans1.ltrans.o
 .data.rel.local.mMpServicesTemplate
                0x0000000000008ea0       0x38 /tmp/cc1JNN2Z.ltrans1.ltrans.o
 .data.mNumberOfProcessors
                0x0000000000008ed8        0x8 /tmp/cc1JNN2Z.ltrans1.ltrans.o
 .data.gIdleLoopEventGuid
                0x0000000000008ee0       0x10 /tmp/cc1JNN2Z.ltrans1.ltrans.o
 *fill*         0x0000000000008ef0       0x10 
 .data.rel.local.gCpu
                0x0000000000008f00       0x48 /tmp/cc1JNN2Z.ltrans1.ltrans.o
 *fill*         0x0000000000008f48        0x8 
 .data.gEfiCpuArchProtocolGuid
                0x0000000000008f50       0x10 /tmp/cc1JNN2Z.ltrans1.ltrans.o
 .data.gEfiDevicePathUtilitiesProtocolGuid
                0x0000000000008f60       0x10 /tmp/cc1JNN2Z.ltrans1.ltrans.o
 .data.gEfiDxeServicesTableGuid
                0x0000000000008f70       0x10 /tmp/cc1JNN2Z.ltrans1.ltrans.o
 .data.gEfiLoadedImageProtocolGuid
                0x0000000000008f80       0x10 /tmp/cc1JNN2Z.ltrans1.ltrans.o
 *fill*         0x0000000000008f90       0x10 
 .data.rel.ro.local.mExceptionNameStr
                0x0000000000008fa0       0xa8 /tmp/cc1JNN2Z.ltrans2.ltrans.o
 *fill*         0x0000000000009048        0x8 
 .data.gEfiMpServiceProtocolGuid
                0x0000000000009050       0x10 /tmp/cc1JNN2Z.ltrans5.ltrans.o
                0x0000000000009050                gEfiMpServiceProtocolGuid
 .data.gEfiTimerArchProtocolGuid
                0x0000000000009060       0x10 /tmp/cc1JNN2Z.ltrans5.ltrans.o
 .data.mStopCheckAllApsStatus
                0x0000000000009070        0x1 /tmp/cc1JNN2Z.ltrans5.ltrans.o
                0x0000000000009070                mStopCheckAllApsStatus
 *fill*         0x0000000000009071        0xf 
 .data.rel.ro.local.mStatusString
                0x0000000000009080      0x138 /tmp/cc1JNN2Z.ltrans7.ltrans.o
 *(.bss .bss.*)
 .bss.mPcd      0x00000000000091b8        0x8 /tmp/cc1JNN2Z.ltrans0.ltrans.o
 .bss.mHobList  0x00000000000091c0        0x8 /tmp/cc1JNN2Z.ltrans0.ltrans.o
 .bss.mLegacyBootEvent
                0x00000000000091c8        0x8 /tmp/cc1JNN2Z.ltrans1.ltrans.o
 .bss.mMpInitExitBootServicesEvent
                0x00000000000091d0        0x8 /tmp/cc1JNN2Z.ltrans1.ltrans.o
 .bss.mCheckAllApsEvent
                0x00000000000091d8        0x8 /tmp/cc1JNN2Z.ltrans1.ltrans.o
 .bss.mReportStatusCodeLibStatusCodeProtocol
                0x00000000000091e0        0x8 /tmp/cc1JNN2Z.ltrans1.ltrans.o
 .bss.mMpServiceHandle
                0x00000000000091e8        0x8 /tmp/cc1JNN2Z.ltrans1.ltrans.o
 .bss.mCpuHandle
                0x00000000000091f0        0x8 /tmp/cc1JNN2Z.ltrans1.ltrans.o
 .bss.gST       0x00000000000091f8        0x8 /tmp/cc1JNN2Z.ltrans1.ltrans.o
                0x00000000000091f8                gST
 .bss.mDevicePathLibDevicePathUtilities
                0x0000000000009200        0x8 /tmp/cc1JNN2Z.ltrans1.ltrans.o
 .bss.mRunningOnQ35
                0x0000000000009208        0x1 /tmp/cc1JNN2Z.ltrans1.ltrans.o
 *fill*         0x0000000000009209        0x7 
 .bss.mReservedTopOfApStack
                0x0000000000009210        0x8 /tmp/cc1JNN2Z.ltrans2.ltrans.o
                0x0000000000009210                mReservedTopOfApStack
 .bss.mReservedApLoopFunc
                0x0000000000009218        0x8 /tmp/cc1JNN2Z.ltrans2.ltrans.o
                0x0000000000009218                mReservedApLoopFunc
 .bss.mNumberToFinish
                0x0000000000009220        0x4 /tmp/cc1JNN2Z.ltrans2.ltrans.o
 *fill*         0x0000000000009224        0x4 
 .bss.mCpuMpData
                0x0000000000009228        0x8 /tmp/cc1JNN2Z.ltrans5.ltrans.o
                0x0000000000009228                mCpuMpData
 *fill*         0x0000000000009230       0x10 
 .bss.mExternalInterruptHandlerTable
                0x0000000000009240      0x100 /tmp/cc1JNN2Z.ltrans5.ltrans.o
 .bss.mReservedVectorsData
                0x0000000000009340      0xb00 /tmp/cc1JNN2Z.ltrans5.ltrans.o
 .bss.mAcpiTimerIoAddr.lto_priv.52
                0x0000000000009e40        0x4 /tmp/cc1JNN2Z.ltrans6.ltrans.o
                0x0000000000009e40                mAcpiTimerIoAddr.lto_priv.52
 .bss.InterruptState
                0x0000000000009e44        0x1 /tmp/cc1JNN2Z.ltrans6.ltrans.o
 *fill*         0x0000000000009e45        0x3 
 .bss.mTimerPeriod
                0x0000000000009e48        0x8 /tmp/cc1JNN2Z.ltrans6.ltrans.o
 .bss.mIsFlushingGCD
                0x0000000000009e50        0x1 /tmp/cc1JNN2Z.ltrans6.ltrans.o
                0x0000000000009e50                mIsFlushingGCD
 *fill*         0x0000000000009e51        0x7 
 .bss.gDS       0x0000000000009e58        0x8 /tmp/cc1JNN2Z.ltrans6.ltrans.o
                0x0000000000009e58                gDS
 .bss.mValidMtrrBitsMask
                0x0000000000009e60        0x8 /tmp/cc1JNN2Z.ltrans6.ltrans.o
 .bss.mValidMtrrAddressMask
                0x0000000000009e68        0x8 /tmp/cc1JNN2Z.ltrans6.ltrans.o
 .bss.gBS       0x0000000000009e70        0x8 /tmp/cc1JNN2Z.ltrans8.ltrans.o
                0x0000000000009e70                gBS
 .bss.mPageTablePool
                0x0000000000009e78        0x8 /tmp/cc1JNN2Z.ltrans8.ltrans.o
 .bss.mExceptionHandlerData
                0x0000000000009e80       0x20 /tmp/cc1JNN2Z.ltrans8.ltrans.o
                0x0000000000009e80                mExceptionHandlerData

.eh_frame       0x0000000000009ec0        0x0
 *(.eh_frame)
 .eh_frame      0x0000000000009ec0        0x0 DxePcdLib.obj (symbol from plugin)

.dynbss         0x0000000000009ec0        0x0
 .dynbss        0x0000000000009ec0        0x0 DxePcdLib.obj (symbol from plugin)

.gnu.version_d  0x0000000000009ec0        0x0
 .gnu.version_d
                0x0000000000009ec0        0x0 DxePcdLib.obj (symbol from plugin)

.gnu.version    0x0000000000009ec0        0x0
 .gnu.version   0x0000000000009ec0        0x0 DxePcdLib.obj (symbol from plugin)

.gnu.version_r  0x0000000000009ec0        0x0
 .gnu.version_r
                0x0000000000009ec0        0x0 DxePcdLib.obj (symbol from plugin)

.rela           0x0000000000009ec0      0x708
 *(.rela .rela.*)
 .rela.plt      0x0000000000009ec0        0x0 DxePcdLib.obj (symbol from plugin)
 .rela.got      0x0000000000009ec0        0x0 DxePcdLib.obj (symbol from plugin)
 .rela.bss      0x0000000000009ec0        0x0 DxePcdLib.obj (symbol from plugin)
 .rela.ifunc    0x0000000000009ec0        0x0 DxePcdLib.obj (symbol from plugin)
 .rela.text     0x0000000000009ec0        0x0 DxePcdLib.obj (symbol from plugin)
 .rela.text.MtrrGetAllMtrrs
                0x0000000000009ec0        0x0 DxePcdLib.obj (symbol from plugin)
 .rela.text.AcquireSpinLock
                0x0000000000009ec0        0x0 DxePcdLib.obj (symbol from plugin)
 .rela.text.EfiGetSystemConfigurationTable
                0x0000000000009ec0        0x0 DxePcdLib.obj (symbol from plugin)
 .rela.text.MicroSecondDelay
                0x0000000000009ec0        0x0 DxePcdLib.obj (symbol from plugin)
 .rela.text.FreePool
                0x0000000000009ec0        0x0 DxePcdLib.obj (symbol from plugin)
 .rela.text.InternalAllocatePool
                0x0000000000009ec0        0x0 DxePcdLib.obj (symbol from plugin)
 .rela.text.MtrrSetAllMtrrs.part.6.lto_priv.51
                0x0000000000009ec0        0x0 DxePcdLib.obj (symbol from plugin)
 .rela.text.GetPcdProtocol
                0x0000000000009ec0        0x0 DxePcdLib.obj (symbol from plugin)
 .rela.text._ModuleEntryPoint
                0x0000000000009ec0        0x0 DxePcdLib.obj (symbol from plugin)
 .rela.data.rel.local.mMpServicesTemplate
                0x0000000000009ec0       0xa8 DxePcdLib.obj (symbol from plugin)
 .rela.data.rel.local.gCpu
                0x0000000000009f68       0xc0 DxePcdLib.obj (symbol from plugin)
 .rela.text.ApInitializeSync
                0x000000000000a028        0x0 DxePcdLib.obj (symbol from plugin)
 .rela.text.ApFuncEnableX2Apic
                0x000000000000a028        0x0 DxePcdLib.obj (symbol from plugin)
 .rela.text.MpInitChangeApLoopCallback
                0x000000000000a028        0x0 DxePcdLib.obj (symbol from plugin)
 .rela.text.RelocateApLoop
                0x000000000000a028        0x0 DxePcdLib.obj (symbol from plugin)
 .rela.text.CheckAndUpdateApsStatus
                0x000000000000a028        0x0 DxePcdLib.obj (symbol from plugin)
 .rela.text.CheckApsStatus
                0x000000000000a028        0x0 DxePcdLib.obj (symbol from plugin)
 .rela.text.CommonExceptionHandler
                0x000000000000a028        0x0 DxePcdLib.obj (symbol from plugin)
 .rela.data.rel.ro.local.mExceptionNameStr
                0x000000000000a028      0x1f8 DxePcdLib.obj (symbol from plugin)
 .rela.text.MtrrSetMemoryAttributeInMtrrSettings.constprop.18
                0x000000000000a220        0x0 DxePcdLib.obj (symbol from plugin)
 .rela.text.MpInitLibGetProcessorInfo
                0x000000000000a220        0x0 DxePcdLib.obj (symbol from plugin)
 .rela.text.CalculateTimeout
                0x000000000000a220        0x0 DxePcdLib.obj (symbol from plugin)
 .rela.text.WakeUpAP
                0x000000000000a220        0x0 DxePcdLib.obj (symbol from plugin)
 .rela.text.ResetProcessorToIdleState
                0x000000000000a220        0x0 DxePcdLib.obj (symbol from plugin)
 .rela.text.CheckAllAPs
                0x000000000000a220        0x0 DxePcdLib.obj (symbol from plugin)
 .rela.text.CheckThisAP
                0x000000000000a220        0x0 DxePcdLib.obj (symbol from plugin)
 .rela.text.InitializeExceptionStackSwitchHandlers
                0x000000000000a220        0x0 DxePcdLib.obj (symbol from plugin)
 .rela.text.WhoAmI
                0x000000000000a220        0x0 DxePcdLib.obj (symbol from plugin)
 .rela.text.EnableDisableAP
                0x000000000000a220        0x0 DxePcdLib.obj (symbol from plugin)
 .rela.text.SwitchBSP
                0x000000000000a220        0x0 DxePcdLib.obj (symbol from plugin)
 .rela.text.StartupThisAP
                0x000000000000a220        0x0 DxePcdLib.obj (symbol from plugin)
 .rela.text.StartupAllAPs
                0x000000000000a220        0x0 DxePcdLib.obj (symbol from plugin)
 .rela.text.GetNumberOfProcessors
                0x000000000000a220        0x0 DxePcdLib.obj (symbol from plugin)
 .rela.text.CpuSetMemoryAttributes.part.1.lto_priv.50
                0x000000000000a220        0x0 DxePcdLib.obj (symbol from plugin)
 .rela.text.CpuRegisterInterruptHandler
                0x000000000000a220        0x0 DxePcdLib.obj (symbol from plugin)
 .rela.text.RefreshMemoryAttributesFromMtrr
                0x000000000000a220        0x0 DxePcdLib.obj (symbol from plugin)
 .rela.text.BasePrintLibSPrintMarker.constprop.40
                0x000000000000a220        0x0 DxePcdLib.obj (symbol from plugin)
 .rela.data.rel.ro.local.mStatusString
                0x000000000000a220      0x3a8 DxePcdLib.obj (symbol from plugin)

.hii
 *(.hii)

.build-id       0x000000000000a5c8       0x24
 *(.note.gnu.build-id)
 .note.gnu.build-id
                0x000000000000a5c8       0x24 DxePcdLib.obj (symbol from plugin)

/DISCARD/
 *(.note.GNU-stack)
 *(.gnu_debuglink)
 *(.interp)
 *(.dynsym)
 *(.dynstr)
 *(.dynamic)
 *(.hash .gnu.hash)
 *(.comment)
 *(COMMON)
OUTPUT(/root/edk2/Build/OvmfX64/RELEASE_GCC5/X64/UefiCpuPkg/CpuDxe/CpuDxe/DEBUG/CpuDxe.dll elf64-x86-64)

.debug_info     0x0000000000000000    0x25554
 .debug_info    0x0000000000000000     0x5d91 /tmp/cc1JNN2Z.ltrans0.ltrans.o
 .debug_info    0x0000000000005d91     0x75bc /tmp/cc1JNN2Z.ltrans1.ltrans.o
 .debug_info    0x000000000000d34d     0x48f0 /tmp/cc1JNN2Z.ltrans2.ltrans.o
 .debug_info    0x0000000000011c3d     0x20f1 /tmp/cc1JNN2Z.ltrans3.ltrans.o
 .debug_info    0x0000000000013d2e     0x34bf /tmp/cc1JNN2Z.ltrans4.ltrans.o
 .debug_info    0x00000000000171ed     0x4878 /tmp/cc1JNN2Z.ltrans5.ltrans.o
 .debug_info    0x000000000001ba65     0x46d2 /tmp/cc1JNN2Z.ltrans6.ltrans.o
 .debug_info    0x0000000000020137      0xa64 /tmp/cc1JNN2Z.ltrans7.ltrans.o
 .debug_info    0x0000000000020b9b     0x3666 /tmp/cc1JNN2Z.ltrans8.ltrans.o
 .debug_info    0x0000000000024201      0xde9 /tmp/cc1JNN2Z.ltrans9.ltrans.o
 .debug_info    0x0000000000024fea      0x56a /tmp/cc1JNN2Z.ltrans10.ltrans.o

.debug_abbrev   0x0000000000000000     0x2d80
 .debug_abbrev  0x0000000000000000      0x5e9 /tmp/cc1JNN2Z.ltrans0.ltrans.o
 .debug_abbrev  0x00000000000005e9      0x4cc /tmp/cc1JNN2Z.ltrans1.ltrans.o
 .debug_abbrev  0x0000000000000ab5      0x528 /tmp/cc1JNN2Z.ltrans2.ltrans.o
 .debug_abbrev  0x0000000000000fdd      0x358 /tmp/cc1JNN2Z.ltrans3.ltrans.o
 .debug_abbrev  0x0000000000001335      0x455 /tmp/cc1JNN2Z.ltrans4.ltrans.o
 .debug_abbrev  0x000000000000178a      0x524 /tmp/cc1JNN2Z.ltrans5.ltrans.o
 .debug_abbrev  0x0000000000001cae      0x5e4 /tmp/cc1JNN2Z.ltrans6.ltrans.o
 .debug_abbrev  0x0000000000002292      0x1bd /tmp/cc1JNN2Z.ltrans7.ltrans.o
 .debug_abbrev  0x000000000000244f      0x499 /tmp/cc1JNN2Z.ltrans8.ltrans.o
 .debug_abbrev  0x00000000000028e8      0x298 /tmp/cc1JNN2Z.ltrans9.ltrans.o
 .debug_abbrev  0x0000000000002b80      0x200 /tmp/cc1JNN2Z.ltrans10.ltrans.o

.debug_loc      0x0000000000000000    0x108dc
 .debug_loc     0x0000000000000000     0x28c3 /tmp/cc1JNN2Z.ltrans0.ltrans.o
 .debug_loc     0x00000000000028c3     0x20e4 /tmp/cc1JNN2Z.ltrans1.ltrans.o
 .debug_loc     0x00000000000049a7     0x1546 /tmp/cc1JNN2Z.ltrans2.ltrans.o
 .debug_loc     0x0000000000005eed     0x295c /tmp/cc1JNN2Z.ltrans3.ltrans.o
 .debug_loc     0x0000000000008849     0x1778 /tmp/cc1JNN2Z.ltrans4.ltrans.o
 .debug_loc     0x0000000000009fc1     0x1ba3 /tmp/cc1JNN2Z.ltrans5.ltrans.o
 .debug_loc     0x000000000000bb64     0x1869 /tmp/cc1JNN2Z.ltrans6.ltrans.o
 .debug_loc     0x000000000000d3cd     0x1684 /tmp/cc1JNN2Z.ltrans7.ltrans.o
 .debug_loc     0x000000000000ea51     0x1265 /tmp/cc1JNN2Z.ltrans8.ltrans.o
 .debug_loc     0x000000000000fcb6      0x9ce /tmp/cc1JNN2Z.ltrans9.ltrans.o
 .debug_loc     0x0000000000010684      0x258 /tmp/cc1JNN2Z.ltrans10.ltrans.o

.debug_aranges  0x0000000000000000      0x840
 .debug_aranges
                0x0000000000000000      0x300 /tmp/cc1JNN2Z.ltrans0.ltrans.o
 .debug_aranges
                0x0000000000000300       0x30 /tmp/cc1JNN2Z.ltrans1.ltrans.o
 .debug_aranges
                0x0000000000000330      0x110 /tmp/cc1JNN2Z.ltrans2.ltrans.o
 .debug_aranges
                0x0000000000000440       0x30 /tmp/cc1JNN2Z.ltrans3.ltrans.o
 .debug_aranges
                0x0000000000000470       0x80 /tmp/cc1JNN2Z.ltrans4.ltrans.o
 .debug_aranges
                0x00000000000004f0       0xd0 /tmp/cc1JNN2Z.ltrans5.ltrans.o
 .debug_aranges
                0x00000000000005c0      0x130 /tmp/cc1JNN2Z.ltrans6.ltrans.o
 .debug_aranges
                0x00000000000006f0       0x30 /tmp/cc1JNN2Z.ltrans7.ltrans.o
 .debug_aranges
                0x0000000000000720       0x90 /tmp/cc1JNN2Z.ltrans8.ltrans.o
 .debug_aranges
                0x00000000000007b0       0x40 /tmp/cc1JNN2Z.ltrans9.ltrans.o
 .debug_aranges
                0x00000000000007f0       0x50 /tmp/cc1JNN2Z.ltrans10.ltrans.o

.debug_ranges   0x0000000000000000     0x2df0
 .debug_ranges  0x0000000000000000      0x4b0 /tmp/cc1JNN2Z.ltrans0.ltrans.o
 .debug_ranges  0x00000000000004b0      0xa80 /tmp/cc1JNN2Z.ltrans1.ltrans.o
 .debug_ranges  0x0000000000000f30      0x430 /tmp/cc1JNN2Z.ltrans2.ltrans.o
 .debug_ranges  0x0000000000001360      0x790 /tmp/cc1JNN2Z.ltrans3.ltrans.o
 .debug_ranges  0x0000000000001af0      0x590 /tmp/cc1JNN2Z.ltrans4.ltrans.o
 .debug_ranges  0x0000000000002080      0x560 /tmp/cc1JNN2Z.ltrans5.ltrans.o
 .debug_ranges  0x00000000000025e0      0x410 /tmp/cc1JNN2Z.ltrans6.ltrans.o
 .debug_ranges  0x00000000000029f0       0x50 /tmp/cc1JNN2Z.ltrans7.ltrans.o
 .debug_ranges  0x0000000000002a40      0x1d0 /tmp/cc1JNN2Z.ltrans8.ltrans.o
 .debug_ranges  0x0000000000002c10      0x1a0 /tmp/cc1JNN2Z.ltrans9.ltrans.o
 .debug_ranges  0x0000000000002db0       0x40 /tmp/cc1JNN2Z.ltrans10.ltrans.o

.debug_line     0x0000000000000000     0x5f06
 .debug_line    0x0000000000000000      0xfec /tmp/cc1JNN2Z.ltrans0.ltrans.o
 .debug_line    0x0000000000000fec     0x1072 /tmp/cc1JNN2Z.ltrans1.ltrans.o
 .debug_line    0x000000000000205e      0xb0f /tmp/cc1JNN2Z.ltrans2.ltrans.o
 .debug_line    0x0000000000002b6d      0x679 /tmp/cc1JNN2Z.ltrans3.ltrans.o
 .debug_line    0x00000000000031e6      0x90c /tmp/cc1JNN2Z.ltrans4.ltrans.o
 .debug_line    0x0000000000003af2      0x9b3 /tmp/cc1JNN2Z.ltrans5.ltrans.o
 .debug_line    0x00000000000044a5      0x9f4 /tmp/cc1JNN2Z.ltrans6.ltrans.o
 .debug_line    0x0000000000004e99      0x378 /tmp/cc1JNN2Z.ltrans7.ltrans.o
 .debug_line    0x0000000000005211      0x6f3 /tmp/cc1JNN2Z.ltrans8.ltrans.o
 .debug_line    0x0000000000005904      0x3a5 /tmp/cc1JNN2Z.ltrans9.ltrans.o
 .debug_line    0x0000000000005ca9      0x25d /tmp/cc1JNN2Z.ltrans10.ltrans.o

.debug_str      0x0000000000000000     0x7c42
 .debug_str     0x0000000000000000     0x2868 /tmp/cc1JNN2Z.ltrans0.ltrans.o
                                       0x2c25 (size before relaxing)
 .debug_str     0x0000000000002868     0x21b2 /tmp/cc1JNN2Z.ltrans1.ltrans.o
                                       0x3b4d (size before relaxing)
 .debug_str     0x0000000000004a1a      0x78d /tmp/cc1JNN2Z.ltrans2.ltrans.o
                                       0x1878 (size before relaxing)
 .debug_str     0x00000000000051a7      0x48f /tmp/cc1JNN2Z.ltrans3.ltrans.o
                                        0xbe5 (size before relaxing)
 .debug_str     0x0000000000005636      0x853 /tmp/cc1JNN2Z.ltrans4.ltrans.o
                                       0x16d0 (size before relaxing)
 .debug_str     0x0000000000005e89      0x712 /tmp/cc1JNN2Z.ltrans5.ltrans.o
                                       0x2179 (size before relaxing)
 .debug_str     0x000000000000659b      0xb6d /tmp/cc1JNN2Z.ltrans6.ltrans.o
                                       0x24b0 (size before relaxing)
 .debug_str     0x0000000000007108      0x23c /tmp/cc1JNN2Z.ltrans7.ltrans.o
                                        0x5c4 (size before relaxing)
 .debug_str     0x0000000000007344      0x28a /tmp/cc1JNN2Z.ltrans8.ltrans.o
                                       0x187e (size before relaxing)
 .debug_str     0x00000000000075ce      0x5bd /tmp/cc1JNN2Z.ltrans9.ltrans.o
                                        0x92b (size before relaxing)
 .debug_str     0x0000000000007b8b       0xb7 /tmp/cc1JNN2Z.ltrans10.ltrans.o
                                        0x4c4 (size before relaxing)

.debug_frame    0x0000000000000000     0x1970
 .debug_frame   0x0000000000000000      0x7a8 /tmp/cc1JNN2Z.ltrans0.ltrans.o
 .debug_frame   0x00000000000007a8       0x88 /tmp/cc1JNN2Z.ltrans1.ltrans.o
 .debug_frame   0x0000000000000830      0x3d0 /tmp/cc1JNN2Z.ltrans2.ltrans.o
 .debug_frame   0x0000000000000c00       0x88 /tmp/cc1JNN2Z.ltrans3.ltrans.o
 .debug_frame   0x0000000000000c88      0x228 /tmp/cc1JNN2Z.ltrans4.ltrans.o
 .debug_frame   0x0000000000000eb0      0x2a8 /tmp/cc1JNN2Z.ltrans5.ltrans.o
 .debug_frame   0x0000000000001158      0x3d0 /tmp/cc1JNN2Z.ltrans6.ltrans.o
 .debug_frame   0x0000000000001528       0xe0 /tmp/cc1JNN2Z.ltrans7.ltrans.o
 .debug_frame   0x0000000000001608      0x238 /tmp/cc1JNN2Z.ltrans8.ltrans.o
 .debug_frame   0x0000000000001840       0xb0 /tmp/cc1JNN2Z.ltrans9.ltrans.o
 .debug_frame   0x00000000000018f0       0x80 /tmp/cc1JNN2Z.ltrans10.ltrans.o
